2026-01-14T10:49:30.3968066Z Current runner version: '2.330.0'
2026-01-14T10:49:30.3990840Z ##[group]Runner Image Provisioner
2026-01-14T10:49:30.3991728Z Hosted Compute Agent
2026-01-14T10:49:30.3992254Z Version: 20251211.462
2026-01-14T10:49:30.3992840Z Commit: 6cbad8c2bb55d58165063d031ccabf57e2d2db61
2026-01-14T10:49:30.3993621Z Build Date: 2025-12-11T16:28:49Z
2026-01-14T10:49:30.3994224Z Worker ID: {62b9d213-a0f4-424a-834d-64cc4001427b}
2026-01-14T10:49:30.3994917Z ##[endgroup]
2026-01-14T10:49:30.3995470Z ##[group]Operating System
2026-01-14T10:49:30.3996029Z Ubuntu
2026-01-14T10:49:30.3996467Z 24.04.3
2026-01-14T10:49:30.3996974Z LTS
2026-01-14T10:49:30.3997394Z ##[endgroup]
2026-01-14T10:49:30.3997911Z ##[group]Runner Image
2026-01-14T10:49:30.3998771Z Image: ubuntu-24.04
2026-01-14T10:49:30.3999304Z Version: 20260105.202.1
2026-01-14T10:49:30.4000305Z Included Software: https://github.com/actions/runner-images/blob/ubuntu24/20260105.202/images/ubuntu/Ubuntu2404-Readme.md
2026-01-14T10:49:30.4001858Z Image Release: https://github.com/actions/runner-images/releases/tag/ubuntu24%2F20260105.202
2026-01-14T10:49:30.4002866Z ##[endgroup]
2026-01-14T10:49:30.4003983Z ##[group]GITHUB_TOKEN Permissions
2026-01-14T10:49:30.4006058Z Contents: read
2026-01-14T10:49:30.4006855Z Metadata: read
2026-01-14T10:49:30.4007353Z Packages: read
2026-01-14T10:49:30.4007873Z ##[endgroup]
2026-01-14T10:49:30.4010298Z Secret source: Actions
2026-01-14T10:49:30.4011488Z Prepare workflow directory
2026-01-14T10:49:30.4393304Z Prepare all required actions
2026-01-14T10:49:30.4448612Z Getting action download info
2026-01-14T10:49:30.8073835Z Download action repository 'actions/checkout@v4' (SHA:34e114876b0b11c390a56381ad16ebd13914f8d5)
2026-01-14T10:49:30.9169387Z Download action repository 'actions/setup-node@v4' (SHA:49933ea5288caeca8642d1e84afbd3f7d6820020)
2026-01-14T10:49:31.0100251Z Download action repository 'actions/upload-artifact@v4' (SHA:ea165f8d65b6e75b540449e92b4886f43607fa02)
2026-01-14T10:49:31.2392064Z Complete job name: Run Playwright E2E and publish PDF
2026-01-14T10:49:31.3108110Z ##[group]Run actions/checkout@v4
2026-01-14T10:49:31.3109254Z with:
2026-01-14T10:49:31.3109728Z   repository: paul-kiely-tranzaura/ai-poc-tranzaura
2026-01-14T10:49:31.3110479Z   token: ***
2026-01-14T10:49:31.3110852Z   ssh-strict: true
2026-01-14T10:49:31.3111237Z   ssh-user: git
2026-01-14T10:49:31.3111630Z   persist-credentials: true
2026-01-14T10:49:31.3112059Z   clean: true
2026-01-14T10:49:31.3112447Z   sparse-checkout-cone-mode: true
2026-01-14T10:49:31.3112910Z   fetch-depth: 1
2026-01-14T10:49:31.3113294Z   fetch-tags: false
2026-01-14T10:49:31.3113679Z   show-progress: true
2026-01-14T10:49:31.3114068Z   lfs: false
2026-01-14T10:49:31.3114425Z   submodules: false
2026-01-14T10:49:31.3114826Z   set-safe-directory: true
2026-01-14T10:49:31.3115469Z ##[endgroup]
2026-01-14T10:49:31.4220064Z Syncing repository: paul-kiely-tranzaura/ai-poc-tranzaura
2026-01-14T10:49:31.4221857Z ##[group]Getting Git version info
2026-01-14T10:49:31.4222711Z Working directory is '/home/runner/work/ai-poc-tranzaura/ai-poc-tranzaura'
2026-01-14T10:49:31.4223828Z [command]/usr/bin/git version
2026-01-14T10:49:31.4318181Z git version 2.52.0
2026-01-14T10:49:31.4360127Z ##[endgroup]
2026-01-14T10:49:31.4378084Z Temporarily overriding HOME='/home/runner/work/_temp/5f09281a-2d50-46ca-a3ad-bc9170834f7e' before making global git config changes
2026-01-14T10:49:31.4380010Z Adding repository directory to the temporary git global config as a safe directory
2026-01-14T10:49:31.4394312Z [command]/usr/bin/git config --global --add safe.directory /home/runner/work/ai-poc-tranzaura/ai-poc-tranzaura
2026-01-14T10:49:31.4439860Z Deleting the contents of '/home/runner/work/ai-poc-tranzaura/ai-poc-tranzaura'
2026-01-14T10:49:31.4443739Z ##[group]Initializing the repository
2026-01-14T10:49:31.4449545Z [command]/usr/bin/git init /home/runner/work/ai-poc-tranzaura/ai-poc-tranzaura
2026-01-14T10:49:31.4545235Z hint: Using 'master' as the name for the initial branch. This default branch name
2026-01-14T10:49:31.4547319Z hint: will change to "main" in Git 3.0. To configure the initial branch name
2026-01-14T10:49:31.4549245Z hint: to use in all of your new repositories, which will suppress this warning,
2026-01-14T10:49:31.4550579Z hint: call:
2026-01-14T10:49:31.4551263Z hint:
2026-01-14T10:49:31.4552136Z hint: 	git config --global init.defaultBranch <name>
2026-01-14T10:49:31.4553202Z hint:
2026-01-14T10:49:31.4554208Z hint: Names commonly chosen instead of 'master' are 'main', 'trunk' and
2026-01-14T10:49:31.4555914Z hint: 'development'. The just-created branch can be renamed via this command:
2026-01-14T10:49:31.4557361Z hint:
2026-01-14T10:49:31.4558091Z hint: 	git branch -m <name>
2026-01-14T10:49:31.4559164Z hint:
2026-01-14T10:49:31.4560248Z hint: Disable this message with "git config set advice.defaultBranchName false"
2026-01-14T10:49:31.4562222Z Initialized empty Git repository in /home/runner/work/ai-poc-tranzaura/ai-poc-tranzaura/.git/
2026-01-14T10:49:31.4565476Z [command]/usr/bin/git remote add origin https://github.com/paul-kiely-tranzaura/ai-poc-tranzaura
2026-01-14T10:49:31.4600288Z ##[endgroup]
2026-01-14T10:49:31.4601558Z ##[group]Disabling automatic garbage collection
2026-01-14T10:49:31.4603368Z [command]/usr/bin/git config --local gc.auto 0
2026-01-14T10:49:31.4635106Z ##[endgroup]
2026-01-14T10:49:31.4636356Z ##[group]Setting up auth
2026-01-14T10:49:31.4642863Z [command]/usr/bin/git config --local --name-only --get-regexp core\.sshCommand
2026-01-14T10:49:31.4675946Z [command]/usr/bin/git submodule foreach --recursive sh -c "git config --local --name-only --get-regexp 'core\.sshCommand' && git config --local --unset-all 'core.sshCommand' || :"
2026-01-14T10:49:31.5002180Z [command]/usr/bin/git config --local --name-only --get-regexp http\.https\:\/\/github\.com\/\.extraheader
2026-01-14T10:49:31.5037931Z [command]/usr/bin/git submodule foreach --recursive sh -c "git config --local --name-only --get-regexp 'http\.https\:\/\/github\.com\/\.extraheader' && git config --local --unset-all 'http.https://github.com/.extraheader' || :"
2026-01-14T10:49:31.5276246Z [command]/usr/bin/git config --local --name-only --get-regexp ^includeIf\.gitdir:
2026-01-14T10:49:31.5321569Z [command]/usr/bin/git submodule foreach --recursive git config --local --show-origin --name-only --get-regexp remote.origin.url
2026-01-14T10:49:31.5593351Z [command]/usr/bin/git config --local http.https://github.com/.extraheader AUTHORIZATION: basic ***
2026-01-14T10:49:31.5684820Z ##[endgroup]
2026-01-14T10:49:31.5686528Z ##[group]Fetching the repository
2026-01-14T10:49:31.5695602Z [command]/usr/bin/git -c protocol.version=2 fetch --no-tags --prune --no-recurse-submodules --depth=1 origin +ea75cc64bc0efd8f41d3c85da9f5acfdef3a1c0e:refs/remotes/origin/main
2026-01-14T10:49:32.1548799Z From https://github.com/paul-kiely-tranzaura/ai-poc-tranzaura
2026-01-14T10:49:32.1552979Z  * [new ref]         ea75cc64bc0efd8f41d3c85da9f5acfdef3a1c0e -> origin/main
2026-01-14T10:49:32.1580133Z ##[endgroup]
2026-01-14T10:49:32.1582048Z ##[group]Determining the checkout info
2026-01-14T10:49:32.1584046Z ##[endgroup]
2026-01-14T10:49:32.1588120Z [command]/usr/bin/git sparse-checkout disable
2026-01-14T10:49:32.1629929Z [command]/usr/bin/git config --local --unset-all extensions.worktreeConfig
2026-01-14T10:49:32.1655832Z ##[group]Checking out the ref
2026-01-14T10:49:32.1659539Z [command]/usr/bin/git checkout --progress --force -B main refs/remotes/origin/main
2026-01-14T10:49:32.1778605Z Switched to a new branch 'main'
2026-01-14T10:49:32.1781667Z branch 'main' set up to track 'origin/main'.
2026-01-14T10:49:32.1789379Z ##[endgroup]
2026-01-14T10:49:32.1822027Z [command]/usr/bin/git log -1 --format=%H
2026-01-14T10:49:32.1843723Z ea75cc64bc0efd8f41d3c85da9f5acfdef3a1c0e
2026-01-14T10:49:32.2167814Z ##[group]Run actions/setup-node@v4
2026-01-14T10:49:32.2169085Z with:
2026-01-14T10:49:32.2169882Z   node-version: 18
2026-01-14T10:49:32.2170770Z   always-auth: false
2026-01-14T10:49:32.2171688Z   check-latest: false
2026-01-14T10:49:32.2172905Z   token: ***
2026-01-14T10:49:32.2173976Z ##[endgroup]
2026-01-14T10:49:32.3912351Z Attempting to download 18...
2026-01-14T10:49:32.8457941Z Acquiring 18.20.8 - x64 from https://github.com/actions/node-versions/releases/download/18.20.8-14110393767/node-18.20.8-linux-x64.tar.gz
2026-01-14T10:49:33.2597749Z Extracting ...
2026-01-14T10:49:33.2702877Z [command]/usr/bin/tar xz --strip 1 --warning=no-unknown-keyword --overwrite -C /home/runner/work/_temp/d2e5bdab-b935-4fcd-ad55-5706e9b875a8 -f /home/runner/work/_temp/31a6adc6-3931-4521-b7f5-ae5cf4ad3e3b
2026-01-14T10:49:34.2135355Z Adding to the cache ...
2026-01-14T10:49:35.8827893Z ##[group]Environment details
2026-01-14T10:49:36.1266286Z node: v18.20.8
2026-01-14T10:49:36.1266764Z npm: 10.8.2
2026-01-14T10:49:36.1267050Z yarn: 1.22.22
2026-01-14T10:49:36.1267898Z ##[endgroup]
2026-01-14T10:49:36.1482683Z ##[group]Run if [ -f package-lock.json ] || [ -f npm-shrinkwrap.json ]; then
2026-01-14T10:49:36.1483373Z [36;1mif [ -f package-lock.json ] || [ -f npm-shrinkwrap.json ]; then[0m
2026-01-14T10:49:36.1483813Z [36;1m  npm ci[0m
2026-01-14T10:49:36.1484014Z [36;1melse[0m
2026-01-14T10:49:36.1484193Z [36;1m  npm install[0m
2026-01-14T10:49:36.1484394Z [36;1mfi[0m
2026-01-14T10:49:36.1523933Z shell: /usr/bin/bash -e {0}
2026-01-14T10:49:36.1524188Z ##[endgroup]
2026-01-14T10:49:59.5091201Z npm warn EBADENGINE Unsupported engine {
2026-01-14T10:49:59.5092211Z npm warn EBADENGINE   package: '@angular-devkit/build-angular@21.0.5',
2026-01-14T10:49:59.5092947Z npm warn EBADENGINE   required: {
2026-01-14T10:49:59.5093609Z npm warn EBADENGINE     npm: '^6.11.0 || ^7.5.6 || >=8.0.0',
2026-01-14T10:49:59.5094412Z npm warn EBADENGINE     node: '^20.19.0 || ^22.12.0 || >=24.0.0',
2026-01-14T10:49:59.5095100Z npm warn EBADENGINE     yarn: '>= 1.13.0'
2026-01-14T10:49:59.5095697Z npm warn EBADENGINE   },
2026-01-14T10:49:59.5096336Z npm warn EBADENGINE   current: { node: 'v18.20.8', npm: '10.8.2' }
2026-01-14T10:49:59.5096924Z npm warn EBADENGINE }
2026-01-14T10:49:59.5097401Z npm warn EBADENGINE Unsupported engine {
2026-01-14T10:49:59.5098107Z npm warn EBADENGINE   package: '@angular/compiler-cli@21.0.8',
2026-01-14T10:49:59.5099242Z npm warn EBADENGINE   required: { node: '^20.19.0 || ^22.12.0 || >=24.0.0' },
2026-01-14T10:49:59.5100142Z npm warn EBADENGINE   current: { node: 'v18.20.8', npm: '10.8.2' }
2026-01-14T10:49:59.5100765Z npm warn EBADENGINE }
2026-01-14T10:49:59.5101280Z npm warn EBADENGINE Unsupported engine {
2026-01-14T10:49:59.5101943Z npm warn EBADENGINE   package: '@angular/compiler@21.0.8',
2026-01-14T10:49:59.5102801Z npm warn EBADENGINE   required: { node: '^20.19.0 || ^22.12.0 || >=24.0.0' },
2026-01-14T10:49:59.5103688Z npm warn EBADENGINE   current: { node: 'v18.20.8', npm: '10.8.2' }
2026-01-14T10:49:59.5104262Z npm warn EBADENGINE }
2026-01-14T10:49:59.5104764Z npm warn EBADENGINE Unsupported engine {
2026-01-14T10:49:59.5105443Z npm warn EBADENGINE   package: '@angular/animations@21.0.8',
2026-01-14T10:49:59.5106299Z npm warn EBADENGINE   required: { node: '^20.19.0 || ^22.12.0 || >=24.0.0' },
2026-01-14T10:49:59.5107145Z npm warn EBADENGINE   current: { node: 'v18.20.8', npm: '10.8.2' }
2026-01-14T10:49:59.5107511Z npm warn EBADENGINE }
2026-01-14T10:49:59.5107799Z npm warn EBADENGINE Unsupported engine {
2026-01-14T10:49:59.5108192Z npm warn EBADENGINE   package: '@angular/core@21.0.8',
2026-01-14T10:49:59.5108934Z npm warn EBADENGINE   required: { node: '^20.19.0 || ^22.12.0 || >=24.0.0' },
2026-01-14T10:49:59.5109809Z npm warn EBADENGINE   current: { node: 'v18.20.8', npm: '10.8.2' }
2026-01-14T10:49:59.5110399Z npm warn EBADENGINE }
2026-01-14T10:49:59.5110853Z npm warn EBADENGINE Unsupported engine {
2026-01-14T10:49:59.5111520Z npm warn EBADENGINE   package: '@angular/common@21.0.8',
2026-01-14T10:49:59.5112366Z npm warn EBADENGINE   required: { node: '^20.19.0 || ^22.12.0 || >=24.0.0' },
2026-01-14T10:49:59.5113248Z npm warn EBADENGINE   current: { node: 'v18.20.8', npm: '10.8.2' }
2026-01-14T10:49:59.5113830Z npm warn EBADENGINE }
2026-01-14T10:49:59.5114579Z npm warn EBADENGINE Unsupported engine {
2026-01-14T10:49:59.5115208Z npm warn EBADENGINE   package: '@angular/cli@21.0.5',
2026-01-14T10:49:59.5115797Z npm warn EBADENGINE   required: {
2026-01-14T10:49:59.5116410Z npm warn EBADENGINE     npm: '^6.11.0 || ^7.5.6 || >=8.0.0',
2026-01-14T10:49:59.5117166Z npm warn EBADENGINE     node: '^20.19.0 || ^22.12.0 || >=24.0.0',
2026-01-14T10:49:59.5117799Z npm warn EBADENGINE     yarn: '>= 1.13.0'
2026-01-14T10:49:59.5118266Z npm warn EBADENGINE   },
2026-01-14T10:49:59.5119076Z npm warn EBADENGINE   current: { node: 'v18.20.8', npm: '10.8.2' }
2026-01-14T10:49:59.5119662Z npm warn EBADENGINE }
2026-01-14T10:49:59.5120171Z npm warn EBADENGINE Unsupported engine {
2026-01-14T10:49:59.5120817Z npm warn EBADENGINE   package: '@angular/forms@21.0.8',
2026-01-14T10:49:59.5121877Z npm warn EBADENGINE   required: { node: '^20.19.0 || ^22.12.0 || >=24.0.0' },
2026-01-14T10:49:59.5122781Z npm warn EBADENGINE   current: { node: 'v18.20.8', npm: '10.8.2' }
2026-01-14T10:49:59.5123317Z npm warn EBADENGINE }
2026-01-14T10:49:59.5123789Z npm warn EBADENGINE Unsupported engine {
2026-01-14T10:49:59.5124529Z npm warn EBADENGINE   package: '@angular/platform-browser@21.0.8',
2026-01-14T10:49:59.5125434Z npm warn EBADENGINE   required: { node: '^20.19.0 || ^22.12.0 || >=24.0.0' },
2026-01-14T10:49:59.5126295Z npm warn EBADENGINE   current: { node: 'v18.20.8', npm: '10.8.2' }
2026-01-14T10:49:59.5126872Z npm warn EBADENGINE }
2026-01-14T10:49:59.5127323Z npm warn EBADENGINE Unsupported engine {
2026-01-14T10:49:59.5128106Z npm warn EBADENGINE   package: '@angular/platform-browser-dynamic@21.0.8',
2026-01-14T10:49:59.5129284Z npm warn EBADENGINE   required: { node: '^20.19.0 || ^22.12.0 || >=24.0.0' },
2026-01-14T10:49:59.5130082Z npm warn EBADENGINE   current: { node: 'v18.20.8', npm: '10.8.2' }
2026-01-14T10:49:59.5130429Z npm warn EBADENGINE }
2026-01-14T10:49:59.5130800Z npm warn EBADENGINE Unsupported engine {
2026-01-14T10:49:59.5131457Z npm warn EBADENGINE   package: '@angular/router@21.0.8',
2026-01-14T10:49:59.5132069Z npm warn EBADENGINE   required: { node: '^20.19.0 || ^22.12.0 || >=24.0.0' },
2026-01-14T10:49:59.5132870Z npm warn EBADENGINE   current: { node: 'v18.20.8', npm: '10.8.2' }
2026-01-14T10:49:59.5133387Z npm warn EBADENGINE }
2026-01-14T10:49:59.5133661Z npm warn EBADENGINE Unsupported engine {
2026-01-14T10:49:59.5134086Z npm warn EBADENGINE   package: '@angular-devkit/architect@0.2100.5',
2026-01-14T10:49:59.5134499Z npm warn EBADENGINE   required: {
2026-01-14T10:49:59.5135103Z npm warn EBADENGINE     npm: '^6.11.0 || ^7.5.6 || >=8.0.0',
2026-01-14T10:49:59.5135823Z npm warn EBADENGINE     node: '^20.19.0 || ^22.12.0 || >=24.0.0',
2026-01-14T10:49:59.5136225Z npm warn EBADENGINE     yarn: '>= 1.13.0'
2026-01-14T10:49:59.5136705Z npm warn EBADENGINE   },
2026-01-14T10:49:59.5137288Z npm warn EBADENGINE   current: { node: 'v18.20.8', npm: '10.8.2' }
2026-01-14T10:49:59.5137638Z npm warn EBADENGINE }
2026-01-14T10:49:59.5138101Z npm warn EBADENGINE Unsupported engine {
2026-01-14T10:49:59.5138941Z npm warn EBADENGINE   package: '@angular-devkit/build-webpack@0.2100.5',
2026-01-14T10:49:59.5139414Z npm warn EBADENGINE   required: {
2026-01-14T10:49:59.5140044Z npm warn EBADENGINE     npm: '^6.11.0 || ^7.5.6 || >=8.0.0',
2026-01-14T10:49:59.5140625Z npm warn EBADENGINE     node: '^20.19.0 || ^22.12.0 || >=24.0.0',
2026-01-14T10:49:59.5141056Z npm warn EBADENGINE     yarn: '>= 1.13.0'
2026-01-14T10:49:59.5141539Z npm warn EBADENGINE   },
2026-01-14T10:49:59.5142120Z npm warn EBADENGINE   current: { node: 'v18.20.8', npm: '10.8.2' }
2026-01-14T10:49:59.5142591Z npm warn EBADENGINE }
2026-01-14T10:49:59.5143100Z npm warn EBADENGINE Unsupported engine {
2026-01-14T10:49:59.5143617Z npm warn EBADENGINE   package: '@angular-devkit/core@21.0.5',
2026-01-14T10:49:59.5144136Z npm warn EBADENGINE   required: {
2026-01-14T10:49:59.5144754Z npm warn EBADENGINE     npm: '^6.11.0 || ^7.5.6 || >=8.0.0',
2026-01-14T10:49:59.5145329Z npm warn EBADENGINE     node: '^20.19.0 || ^22.12.0 || >=24.0.0',
2026-01-14T10:49:59.5146103Z npm warn EBADENGINE     yarn: '>= 1.13.0'
2026-01-14T10:49:59.5146572Z npm warn EBADENGINE   },
2026-01-14T10:49:59.5147104Z npm warn EBADENGINE   current: { node: 'v18.20.8', npm: '10.8.2' }
2026-01-14T10:49:59.5147691Z npm warn EBADENGINE }
2026-01-14T10:49:59.5148057Z npm warn EBADENGINE Unsupported engine {
2026-01-14T10:49:59.5148693Z npm warn EBADENGINE   package: '@angular/build@21.0.5',
2026-01-14T10:49:59.5149312Z npm warn EBADENGINE   required: {
2026-01-14T10:49:59.5149754Z npm warn EBADENGINE     npm: '^6.11.0 || ^7.5.6 || >=8.0.0',
2026-01-14T10:49:59.5150197Z npm warn EBADENGINE     node: '^20.19.0 || ^22.12.0 || >=24.0.0',
2026-01-14T10:49:59.5150567Z npm warn EBADENGINE     yarn: '>= 1.13.0'
2026-01-14T10:49:59.5150845Z npm warn EBADENGINE   },
2026-01-14T10:49:59.5151377Z npm warn EBADENGINE   current: { node: 'v18.20.8', npm: '10.8.2' }
2026-01-14T10:49:59.5151731Z npm warn EBADENGINE }
2026-01-14T10:49:59.5152012Z npm warn EBADENGINE Unsupported engine {
2026-01-14T10:49:59.5152403Z npm warn EBADENGINE   package: '@ngtools/webpack@21.0.5',
2026-01-14T10:49:59.5152761Z npm warn EBADENGINE   required: {
2026-01-14T10:49:59.5153126Z npm warn EBADENGINE     npm: '^6.11.0 || ^7.5.6 || >=8.0.0',
2026-01-14T10:49:59.5153560Z npm warn EBADENGINE     node: '^20.19.0 || ^22.12.0 || >=24.0.0',
2026-01-14T10:49:59.5153933Z npm warn EBADENGINE     yarn: '>= 1.13.0'
2026-01-14T10:49:59.5154205Z npm warn EBADENGINE   },
2026-01-14T10:49:59.5154585Z npm warn EBADENGINE   current: { node: 'v18.20.8', npm: '10.8.2' }
2026-01-14T10:49:59.5154927Z npm warn EBADENGINE }
2026-01-14T10:49:59.5155197Z npm warn EBADENGINE Unsupported engine {
2026-01-14T10:49:59.5155533Z npm warn EBADENGINE   package: 'ora@9.0.0',
2026-01-14T10:49:59.5155896Z npm warn EBADENGINE   required: { node: '>=20' },
2026-01-14T10:49:59.5156323Z npm warn EBADENGINE   current: { node: 'v18.20.8', npm: '10.8.2' }
2026-01-14T10:49:59.5156660Z npm warn EBADENGINE }
2026-01-14T10:49:59.5156927Z npm warn EBADENGINE Unsupported engine {
2026-01-14T10:49:59.5157286Z npm warn EBADENGINE   package: 'piscina@5.1.3',
2026-01-14T10:49:59.5157667Z npm warn EBADENGINE   required: { node: '>=20.x' },
2026-01-14T10:49:59.5158096Z npm warn EBADENGINE   current: { node: 'v18.20.8', npm: '10.8.2' }
2026-01-14T10:49:59.5158609Z npm warn EBADENGINE }
2026-01-14T10:49:59.5158915Z npm warn EBADENGINE Unsupported engine {
2026-01-14T10:49:59.5159248Z npm warn EBADENGINE   package: 'vite@7.2.2',
2026-01-14T10:49:59.5159665Z npm warn EBADENGINE   required: { node: '^20.19.0 || >=22.12.0' },
2026-01-14T10:49:59.5160130Z npm warn EBADENGINE   current: { node: 'v18.20.8', npm: '10.8.2' }
2026-01-14T10:49:59.5160468Z npm warn EBADENGINE }
2026-01-14T10:49:59.5160740Z npm warn EBADENGINE Unsupported engine {
2026-01-14T10:49:59.5161084Z npm warn EBADENGINE   package: 'listr2@9.0.5',
2026-01-14T10:49:59.5161461Z npm warn EBADENGINE   required: { node: '>=20.0.0' },
2026-01-14T10:49:59.5161903Z npm warn EBADENGINE   current: { node: 'v18.20.8', npm: '10.8.2' }
2026-01-14T10:49:59.5162243Z npm warn EBADENGINE }
2026-01-14T10:49:59.5162516Z npm warn EBADENGINE Unsupported engine {
2026-01-14T10:49:59.5162892Z npm warn EBADENGINE   package: 'rolldown@1.0.0-beta.47',
2026-01-14T10:49:59.5163346Z npm warn EBADENGINE   required: { node: '^20.19.0 || >=22.12.0' },
2026-01-14T10:49:59.5163819Z npm warn EBADENGINE   current: { node: 'v18.20.8', npm: '10.8.2' }
2026-01-14T10:49:59.5164148Z npm warn EBADENGINE }
2026-01-14T10:49:59.5164455Z npm warn EBADENGINE Unsupported engine {
2026-01-14T10:49:59.5164802Z npm warn EBADENGINE   package: 'undici@7.16.0',
2026-01-14T10:49:59.5165178Z npm warn EBADENGINE   required: { node: '>=20.18.1' },
2026-01-14T10:49:59.5165617Z npm warn EBADENGINE   current: { node: 'v18.20.8', npm: '10.8.2' }
2026-01-14T10:49:59.5165978Z npm warn EBADENGINE }
2026-01-14T10:49:59.5166244Z npm warn EBADENGINE Unsupported engine {
2026-01-14T10:49:59.5166678Z npm warn EBADENGINE   package: '@angular-devkit/schematics@21.0.5',
2026-01-14T10:49:59.5167202Z npm warn EBADENGINE   required: {
2026-01-14T10:49:59.5167569Z npm warn EBADENGINE     npm: '^6.11.0 || ^7.5.6 || >=8.0.0',
2026-01-14T10:49:59.5168013Z npm warn EBADENGINE     node: '^20.19.0 || ^22.12.0 || >=24.0.0',
2026-01-14T10:49:59.5168384Z npm warn EBADENGINE     yarn: '>= 1.13.0'
2026-01-14T10:49:59.5168909Z npm warn EBADENGINE   },
2026-01-14T10:49:59.5169281Z npm warn EBADENGINE   current: { node: 'v18.20.8', npm: '10.8.2' }
2026-01-14T10:49:59.5169623Z npm warn EBADENGINE }
2026-01-14T10:49:59.5169897Z npm warn EBADENGINE Unsupported engine {
2026-01-14T10:49:59.5170344Z npm warn EBADENGINE   package: '@listr2/prompt-adapter-inquirer@3.0.5',
2026-01-14T10:49:59.5170885Z npm warn EBADENGINE   required: { node: '>=20.0.0' },
2026-01-14T10:49:59.5171839Z npm warn EBADENGINE   current: { node: 'v18.20.8', npm: '10.8.2' }
2026-01-14T10:49:59.5172271Z npm warn EBADENGINE }
2026-01-14T10:49:59.5172808Z npm warn EBADENGINE Unsupported engine {
2026-01-14T10:49:59.5173485Z npm warn EBADENGINE   package: '@schematics/angular@21.0.5',
2026-01-14T10:49:59.5173869Z npm warn EBADENGINE   required: {
2026-01-14T10:49:59.5174234Z npm warn EBADENGINE     npm: '^6.11.0 || ^7.5.6 || >=8.0.0',
2026-01-14T10:49:59.5174982Z npm warn EBADENGINE     node: '^20.19.0 || ^22.12.0 || >=24.0.0',
2026-01-14T10:49:59.5175611Z npm warn EBADENGINE     yarn: '>= 1.13.0'
2026-01-14T10:49:59.5175979Z npm warn EBADENGINE   },
2026-01-14T10:49:59.5176624Z npm warn EBADENGINE   current: { node: 'v18.20.8', npm: '10.8.2' }
2026-01-14T10:49:59.5177116Z npm warn EBADENGINE }
2026-01-14T10:49:59.5177390Z npm warn EBADENGINE Unsupported engine {
2026-01-14T10:49:59.5177769Z npm warn EBADENGINE   package: 'npm-package-arg@13.0.1',
2026-01-14T10:49:59.5178334Z npm warn EBADENGINE   required: { node: '^20.17.0 || >=22.9.0' },
2026-01-14T10:49:59.5179321Z npm warn EBADENGINE   current: { node: 'v18.20.8', npm: '10.8.2' }
2026-01-14T10:49:59.5179686Z npm warn EBADENGINE }
2026-01-14T10:49:59.5180164Z npm warn EBADENGINE Unsupported engine {
2026-01-14T10:49:59.5180770Z npm warn EBADENGINE   package: 'pacote@21.0.3',
2026-01-14T10:49:59.5181416Z npm warn EBADENGINE   required: { node: '^20.17.0 || >=22.9.0' },
2026-01-14T10:49:59.5182252Z npm warn EBADENGINE   current: { node: 'v18.20.8', npm: '10.8.2' }
2026-01-14T10:49:59.5182691Z npm warn EBADENGINE }
2026-01-14T10:49:59.5183166Z npm warn EBADENGINE Unsupported engine {
2026-01-14T10:49:59.5183714Z npm warn EBADENGINE   package: 'yargs@18.0.0',
2026-01-14T10:49:59.5184445Z npm warn EBADENGINE   required: { node: '^20.19.0 || ^22.12.0 || >=23' },
2026-01-14T10:49:59.5185136Z npm warn EBADENGINE   current: { node: 'v18.20.8', npm: '10.8.2' }
2026-01-14T10:49:59.5185626Z npm warn EBADENGINE }
2026-01-14T10:49:59.5186083Z npm warn EBADENGINE Unsupported engine {
2026-01-14T10:49:59.5186660Z npm warn EBADENGINE   package: 'cli-truncate@5.1.1',
2026-01-14T10:49:59.5187329Z npm warn EBADENGINE   required: { node: '>=20' },
2026-01-14T10:49:59.5188040Z npm warn EBADENGINE   current: { node: 'v18.20.8', npm: '10.8.2' }
2026-01-14T10:49:59.5188805Z npm warn EBADENGINE }
2026-01-14T10:49:59.5189163Z npm warn EBADENGINE Unsupported engine {
2026-01-14T10:49:59.5189791Z npm warn EBADENGINE   package: 'string-width@8.1.0',
2026-01-14T10:49:59.5190422Z npm warn EBADENGINE   required: { node: '>=20' },
2026-01-14T10:49:59.5190961Z npm warn EBADENGINE   current: { node: 'v18.20.8', npm: '10.8.2' }
2026-01-14T10:49:59.5191551Z npm warn EBADENGINE }
2026-01-14T10:49:59.5191985Z npm warn EBADENGINE Unsupported engine {
2026-01-14T10:49:59.5192662Z npm warn EBADENGINE   package: 'hosted-git-info@9.0.2',
2026-01-14T10:49:59.5193435Z npm warn EBADENGINE   required: { node: '^20.17.0 || >=22.9.0' },
2026-01-14T10:49:59.5194291Z npm warn EBADENGINE   current: { node: 'v18.20.8', npm: '10.8.2' }
2026-01-14T10:49:59.5194797Z npm warn EBADENGINE }
2026-01-14T10:49:59.5195274Z npm warn EBADENGINE Unsupported engine {
2026-01-14T10:49:59.5195816Z npm warn EBADENGINE   package: 'lru-cache@11.2.4',
2026-01-14T10:49:59.5196766Z npm warn EBADENGINE   required: { node: '20 || >=22' },
2026-01-14T10:49:59.5197354Z npm warn EBADENGINE   current: { node: 'v18.20.8', npm: '10.8.2' }
2026-01-14T10:49:59.5197961Z npm warn EBADENGINE }
2026-01-14T10:49:59.5198583Z npm warn EBADENGINE Unsupported engine {
2026-01-14T10:49:59.5199276Z npm warn EBADENGINE   package: 'string-width@8.1.0',
2026-01-14T10:49:59.5199874Z npm warn EBADENGINE   required: { node: '>=20' },
2026-01-14T10:49:59.5200566Z npm warn EBADENGINE   current: { node: 'v18.20.8', npm: '10.8.2' }
2026-01-14T10:49:59.5201137Z npm warn EBADENGINE }
2026-01-14T10:49:59.5201431Z npm warn EBADENGINE Unsupported engine {
2026-01-14T10:49:59.5202072Z npm warn EBADENGINE   package: '@npmcli/git@7.0.1',
2026-01-14T10:49:59.5202948Z npm warn EBADENGINE   required: { node: '^20.17.0 || >=22.9.0' },
2026-01-14T10:49:59.5203792Z npm warn EBADENGINE   current: { node: 'v18.20.8', npm: '10.8.2' }
2026-01-14T10:49:59.5204360Z npm warn EBADENGINE }
2026-01-14T10:49:59.5204808Z npm warn EBADENGINE Unsupported engine {
2026-01-14T10:49:59.5205460Z npm warn EBADENGINE   package: '@npmcli/package-json@7.0.4',
2026-01-14T10:49:59.5206256Z npm warn EBADENGINE   required: { node: '^20.17.0 || >=22.9.0' },
2026-01-14T10:49:59.5206985Z npm warn EBADENGINE   current: { node: 'v18.20.8', npm: '10.8.2' }
2026-01-14T10:49:59.5207542Z npm warn EBADENGINE }
2026-01-14T10:49:59.5207953Z npm warn EBADENGINE Unsupported engine {
2026-01-14T10:49:59.5208788Z npm warn EBADENGINE   package: '@npmcli/run-script@10.0.3',
2026-01-14T10:49:59.5209464Z npm warn EBADENGINE   required: { node: '^20.17.0 || >=22.9.0' },
2026-01-14T10:49:59.5210283Z npm warn EBADENGINE   current: { node: 'v18.20.8', npm: '10.8.2' }
2026-01-14T10:49:59.5210787Z npm warn EBADENGINE }
2026-01-14T10:49:59.5211251Z npm warn EBADENGINE Unsupported engine {
2026-01-14T10:49:59.5211717Z npm warn EBADENGINE   package: 'cacache@20.0.3',
2026-01-14T10:49:59.5212296Z npm warn EBADENGINE   required: { node: '^20.17.0 || >=22.9.0' },
2026-01-14T10:49:59.5213111Z npm warn EBADENGINE   current: { node: 'v18.20.8', npm: '10.8.2' }
2026-01-14T10:49:59.5213615Z npm warn EBADENGINE }
2026-01-14T10:49:59.5214070Z npm warn EBADENGINE Unsupported engine {
2026-01-14T10:49:59.5214577Z npm warn EBADENGINE   package: 'npm-packlist@10.0.3',
2026-01-14T10:49:59.5215213Z npm warn EBADENGINE   required: { node: '^20.17.0 || >=22.9.0' },
2026-01-14T10:49:59.5215960Z npm warn EBADENGINE   current: { node: 'v18.20.8', npm: '10.8.2' }
2026-01-14T10:49:59.5216487Z npm warn EBADENGINE }
2026-01-14T10:49:59.5216943Z npm warn EBADENGINE Unsupported engine {
2026-01-14T10:49:59.5217560Z npm warn EBADENGINE   package: 'npm-pick-manifest@11.0.3',
2026-01-14T10:49:59.5218334Z npm warn EBADENGINE   required: { node: '^20.17.0 || >=22.9.0' },
2026-01-14T10:49:59.5219287Z npm warn EBADENGINE   current: { node: 'v18.20.8', npm: '10.8.2' }
2026-01-14T10:49:59.5219763Z npm warn EBADENGINE }
2026-01-14T10:49:59.5220201Z npm warn EBADENGINE Unsupported engine {
2026-01-14T10:49:59.5220885Z npm warn EBADENGINE   package: 'npm-registry-fetch@19.1.1',
2026-01-14T10:49:59.5221606Z npm warn EBADENGINE   required: { node: '^20.17.0 || >=22.9.0' },
2026-01-14T10:49:59.5222357Z npm warn EBADENGINE   current: { node: 'v18.20.8', npm: '10.8.2' }
2026-01-14T10:49:59.5222953Z npm warn EBADENGINE }
2026-01-14T10:49:59.5223408Z npm warn EBADENGINE Unsupported engine {
2026-01-14T10:49:59.5223817Z npm warn EBADENGINE   package: 'sigstore@4.1.0',
2026-01-14T10:49:59.5224254Z npm warn EBADENGINE   required: { node: '^20.17.0 || >=22.9.0' },
2026-01-14T10:49:59.5224910Z npm warn EBADENGINE   current: { node: 'v18.20.8', npm: '10.8.2' }
2026-01-14T10:49:59.5225495Z npm warn EBADENGINE }
2026-01-14T10:49:59.5225839Z npm warn EBADENGINE Unsupported engine {
2026-01-14T10:49:59.5226569Z npm warn EBADENGINE   package: '@npmcli/promise-spawn@9.0.1',
2026-01-14T10:49:59.5227202Z npm warn EBADENGINE   required: { node: '^20.17.0 || >=22.9.0' },
2026-01-14T10:49:59.5227965Z npm warn EBADENGINE   current: { node: 'v18.20.8', npm: '10.8.2' }
2026-01-14T10:49:59.5228978Z npm warn EBADENGINE }
2026-01-14T10:49:59.5229538Z npm warn EBADENGINE Unsupported engine {
2026-01-14T10:49:59.5230002Z npm warn EBADENGINE   package: 'ini@6.0.0',
2026-01-14T10:49:59.5230720Z npm warn EBADENGINE   required: { node: '^20.17.0 || >=22.9.0' },
2026-01-14T10:49:59.5231538Z npm warn EBADENGINE   current: { node: 'v18.20.8', npm: '10.8.2' }
2026-01-14T10:49:59.5232131Z npm warn EBADENGINE }
2026-01-14T10:49:59.5232536Z npm warn EBADENGINE Unsupported engine {
2026-01-14T10:49:59.5233113Z npm warn EBADENGINE   package: 'lru-cache@11.2.4',
2026-01-14T10:49:59.5233747Z npm warn EBADENGINE   required: { node: '20 || >=22' },
2026-01-14T10:49:59.5234519Z npm warn EBADENGINE   current: { node: 'v18.20.8', npm: '10.8.2' }
2026-01-14T10:49:59.5235263Z npm warn EBADENGINE }
2026-01-14T10:49:59.5235732Z npm warn EBADENGINE Unsupported engine {
2026-01-14T10:49:59.5236096Z npm warn EBADENGINE   package: 'proc-log@6.1.0',
2026-01-14T10:49:59.5236533Z npm warn EBADENGINE   required: { node: '^20.17.0 || >=22.9.0' },
2026-01-14T10:49:59.5237167Z npm warn EBADENGINE   current: { node: 'v18.20.8', npm: '10.8.2' }
2026-01-14T10:49:59.5237509Z npm warn EBADENGINE }
2026-01-14T10:49:59.5237775Z npm warn EBADENGINE Unsupported engine {
2026-01-14T10:49:59.5238119Z npm warn EBADENGINE   package: 'which@6.0.0',
2026-01-14T10:49:59.5238823Z npm warn EBADENGINE   required: { node: '^20.17.0 || >=22.9.0' },
2026-01-14T10:49:59.5239673Z npm warn EBADENGINE   current: { node: 'v18.20.8', npm: '10.8.2' }
2026-01-14T10:49:59.5240260Z npm warn EBADENGINE }
2026-01-14T10:49:59.5240712Z npm warn EBADENGINE Unsupported engine {
2026-01-14T10:49:59.5241283Z npm warn EBADENGINE   package: 'glob@13.0.0',
2026-01-14T10:49:59.5241955Z npm warn EBADENGINE   required: { node: '20 || >=22' },
2026-01-14T10:49:59.5242446Z npm warn EBADENGINE   current: { node: 'v18.20.8', npm: '10.8.2' }
2026-01-14T10:49:59.5242787Z npm warn EBADENGINE }
2026-01-14T10:49:59.5243055Z npm warn EBADENGINE Unsupported engine {
2026-01-14T10:49:59.5243496Z npm warn EBADENGINE   package: 'json-parse-even-better-errors@5.0.0',
2026-01-14T10:49:59.5244027Z npm warn EBADENGINE   required: { node: '^20.17.0 || >=22.9.0' },
2026-01-14T10:49:59.5244876Z npm warn EBADENGINE   current: { node: 'v18.20.8', npm: '10.8.2' }
2026-01-14T10:49:59.5245448Z npm warn EBADENGINE }
2026-01-14T10:49:59.5245901Z npm warn EBADENGINE Unsupported engine {
2026-01-14T10:49:59.5246493Z npm warn EBADENGINE   package: 'proc-log@6.1.0',
2026-01-14T10:49:59.5247228Z npm warn EBADENGINE   required: { node: '^20.17.0 || >=22.9.0' },
2026-01-14T10:49:59.5248044Z npm warn EBADENGINE   current: { node: 'v18.20.8', npm: '10.8.2' }
2026-01-14T10:49:59.5248778Z npm warn EBADENGINE }
2026-01-14T10:49:59.5249235Z npm warn EBADENGINE Unsupported engine {
2026-01-14T10:49:59.5249903Z npm warn EBADENGINE   package: '@npmcli/node-gyp@5.0.0',
2026-01-14T10:49:59.5250682Z npm warn EBADENGINE   required: { node: '^20.17.0 || >=22.9.0' },
2026-01-14T10:49:59.5251492Z npm warn EBADENGINE   current: { node: 'v18.20.8', npm: '10.8.2' }
2026-01-14T10:49:59.5252074Z npm warn EBADENGINE }
2026-01-14T10:49:59.5252528Z npm warn EBADENGINE Unsupported engine {
2026-01-14T10:49:59.5253222Z npm warn EBADENGINE   package: '@npmcli/promise-spawn@9.0.1',
2026-01-14T10:49:59.5254018Z npm warn EBADENGINE   required: { node: '^20.17.0 || >=22.9.0' },
2026-01-14T10:49:59.5254825Z npm warn EBADENGINE   current: { node: 'v18.20.8', npm: '10.8.2' }
2026-01-14T10:49:59.5255407Z npm warn EBADENGINE }
2026-01-14T10:49:59.5255747Z npm warn EBADENGINE Unsupported engine {
2026-01-14T10:49:59.5256098Z npm warn EBADENGINE   package: 'node-gyp@12.1.0',
2026-01-14T10:49:59.5256517Z npm warn EBADENGINE   required: { node: '^20.17.0 || >=22.9.0' },
2026-01-14T10:49:59.5256989Z npm warn EBADENGINE   current: { node: 'v18.20.8', npm: '10.8.2' }
2026-01-14T10:49:59.5257495Z npm warn EBADENGINE }
2026-01-14T10:49:59.5257947Z npm warn EBADENGINE Unsupported engine {
2026-01-14T10:49:59.5258589Z npm warn EBADENGINE   package: 'proc-log@6.1.0',
2026-01-14T10:49:59.5259306Z npm warn EBADENGINE   required: { node: '^20.17.0 || >=22.9.0' },
2026-01-14T10:49:59.5260156Z npm warn EBADENGINE   current: { node: 'v18.20.8', npm: '10.8.2' }
2026-01-14T10:49:59.5260591Z npm warn EBADENGINE }
2026-01-14T10:49:59.5261016Z npm warn EBADENGINE Unsupported engine {
2026-01-14T10:49:59.5261603Z npm warn EBADENGINE   package: 'which@6.0.0',
2026-01-14T10:49:59.5262121Z npm warn EBADENGINE   required: { node: '^20.17.0 || >=22.9.0' },
2026-01-14T10:49:59.5262589Z npm warn EBADENGINE   current: { node: 'v18.20.8', npm: '10.8.2' }
2026-01-14T10:49:59.5262926Z npm warn EBADENGINE }
2026-01-14T10:49:59.5263199Z npm warn EBADENGINE Unsupported engine {
2026-01-14T10:49:59.5263547Z npm warn EBADENGINE   package: '@npmcli/fs@5.0.0',
2026-01-14T10:49:59.5264154Z npm warn EBADENGINE   required: { node: '^20.17.0 || >=22.9.0' },
2026-01-14T10:49:59.5264683Z npm warn EBADENGINE   current: { node: 'v18.20.8', npm: '10.8.2' }
2026-01-14T10:49:59.5265017Z npm warn EBADENGINE }
2026-01-14T10:49:59.5265288Z npm warn EBADENGINE Unsupported engine {
2026-01-14T10:49:59.5265621Z npm warn EBADENGINE   package: 'glob@13.0.0',
2026-01-14T10:49:59.5266001Z npm warn EBADENGINE   required: { node: '20 || >=22' },
2026-01-14T10:49:59.5266762Z npm warn EBADENGINE   current: { node: 'v18.20.8', npm: '10.8.2' }
2026-01-14T10:49:59.5267303Z npm warn EBADENGINE }
2026-01-14T10:49:59.5267575Z npm warn EBADENGINE Unsupported engine {
2026-01-14T10:49:59.5268100Z npm warn EBADENGINE   package: 'lru-cache@11.2.4',
2026-01-14T10:49:59.5268937Z npm warn EBADENGINE   required: { node: '20 || >=22' },
2026-01-14T10:49:59.5269408Z npm warn EBADENGINE   current: { node: 'v18.20.8', npm: '10.8.2' }
2026-01-14T10:49:59.5269746Z npm warn EBADENGINE }
2026-01-14T10:49:59.5270029Z npm warn EBADENGINE Unsupported engine {
2026-01-14T10:49:59.5270371Z npm warn EBADENGINE   package: 'ssri@13.0.0',
2026-01-14T10:49:59.5270909Z npm warn EBADENGINE   required: { node: '^20.17.0 || >=22.9.0' },
2026-01-14T10:49:59.5271733Z npm warn EBADENGINE   current: { node: 'v18.20.8', npm: '10.8.2' }
2026-01-14T10:49:59.5272253Z npm warn EBADENGINE }
2026-01-14T10:49:59.5272708Z npm warn EBADENGINE Unsupported engine {
2026-01-14T10:49:59.5273255Z npm warn EBADENGINE   package: 'unique-filename@5.0.0',
2026-01-14T10:49:59.5274028Z npm warn EBADENGINE   required: { node: '^20.17.0 || >=22.9.0' },
2026-01-14T10:49:59.5274713Z npm warn EBADENGINE   current: { node: 'v18.20.8', npm: '10.8.2' }
2026-01-14T10:49:59.5275299Z npm warn EBADENGINE }
2026-01-14T10:49:59.5275677Z npm warn EBADENGINE Unsupported engine {
2026-01-14T10:49:59.5276263Z npm warn EBADENGINE   package: 'make-fetch-happen@15.0.3',
2026-01-14T10:49:59.5277007Z npm warn EBADENGINE   required: { node: '^20.17.0 || >=22.9.0' },
2026-01-14T10:49:59.5277611Z npm warn EBADENGINE   current: { node: 'v18.20.8', npm: '10.8.2' }
2026-01-14T10:49:59.5278198Z npm warn EBADENGINE }
2026-01-14T10:49:59.5278838Z npm warn EBADENGINE Unsupported engine {
2026-01-14T10:49:59.5279452Z npm warn EBADENGINE   package: 'nopt@9.0.0',
2026-01-14T10:49:59.5280016Z npm warn EBADENGINE   required: { node: '^20.17.0 || >=22.9.0' },
2026-01-14T10:49:59.5280481Z npm warn EBADENGINE   current: { node: 'v18.20.8', npm: '10.8.2' }
2026-01-14T10:49:59.5280815Z npm warn EBADENGINE }
2026-01-14T10:49:59.5281080Z npm warn EBADENGINE Unsupported engine {
2026-01-14T10:49:59.5281430Z npm warn EBADENGINE   package: 'proc-log@6.1.0',
2026-01-14T10:49:59.5281856Z npm warn EBADENGINE   required: { node: '^20.17.0 || >=22.9.0' },
2026-01-14T10:49:59.5282313Z npm warn EBADENGINE   current: { node: 'v18.20.8', npm: '10.8.2' }
2026-01-14T10:49:59.5282646Z npm warn EBADENGINE }
2026-01-14T10:49:59.5282914Z npm warn EBADENGINE Unsupported engine {
2026-01-14T10:49:59.5283249Z npm warn EBADENGINE   package: 'which@6.0.0',
2026-01-14T10:49:59.5283657Z npm warn EBADENGINE   required: { node: '^20.17.0 || >=22.9.0' },
2026-01-14T10:49:59.5284118Z npm warn EBADENGINE   current: { node: 'v18.20.8', npm: '10.8.2' }
2026-01-14T10:49:59.5284609Z npm warn EBADENGINE }
2026-01-14T10:49:59.5284883Z npm warn EBADENGINE Unsupported engine {
2026-01-14T10:49:59.5285237Z npm warn EBADENGINE   package: '@npmcli/agent@4.0.0',
2026-01-14T10:49:59.5285669Z npm warn EBADENGINE   required: { node: '^20.17.0 || >=22.9.0' },
2026-01-14T10:49:59.5286133Z npm warn EBADENGINE   current: { node: 'v18.20.8', npm: '10.8.2' }
2026-01-14T10:49:59.5286460Z npm warn EBADENGINE }
2026-01-14T10:49:59.5286728Z npm warn EBADENGINE Unsupported engine {
2026-01-14T10:49:59.5287100Z npm warn EBADENGINE   package: 'minipass-fetch@5.0.0',
2026-01-14T10:49:59.5287533Z npm warn EBADENGINE   required: { node: '^20.17.0 || >=22.9.0' },
2026-01-14T10:49:59.5287997Z npm warn EBADENGINE   current: { node: 'v18.20.8', npm: '10.8.2' }
2026-01-14T10:49:59.5288591Z npm warn EBADENGINE }
2026-01-14T10:49:59.5288898Z npm warn EBADENGINE Unsupported engine {
2026-01-14T10:49:59.5289258Z npm warn EBADENGINE   package: 'proc-log@6.1.0',
2026-01-14T10:49:59.5289689Z npm warn EBADENGINE   required: { node: '^20.17.0 || >=22.9.0' },
2026-01-14T10:49:59.5290162Z npm warn EBADENGINE   current: { node: 'v18.20.8', npm: '10.8.2' }
2026-01-14T10:49:59.5290501Z npm warn EBADENGINE }
2026-01-14T10:49:59.5290770Z npm warn EBADENGINE Unsupported engine {
2026-01-14T10:49:59.5291116Z npm warn EBADENGINE   package: 'ssri@13.0.0',
2026-01-14T10:49:59.5291527Z npm warn EBADENGINE   required: { node: '^20.17.0 || >=22.9.0' },
2026-01-14T10:49:59.5292004Z npm warn EBADENGINE   current: { node: 'v18.20.8', npm: '10.8.2' }
2026-01-14T10:49:59.5292341Z npm warn EBADENGINE }
2026-01-14T10:49:59.5292609Z npm warn EBADENGINE Unsupported engine {
2026-01-14T10:49:59.5292966Z npm warn EBADENGINE   package: 'lru-cache@11.2.4',
2026-01-14T10:49:59.5293370Z npm warn EBADENGINE   required: { node: '20 || >=22' },
2026-01-14T10:49:59.5293819Z npm warn EBADENGINE   current: { node: 'v18.20.8', npm: '10.8.2' }
2026-01-14T10:49:59.5294163Z npm warn EBADENGINE }
2026-01-14T10:49:59.5294435Z npm warn EBADENGINE Unsupported engine {
2026-01-14T10:49:59.5294791Z npm warn EBADENGINE   package: 'abbrev@4.0.0',
2026-01-14T10:49:59.5295216Z npm warn EBADENGINE   required: { node: '^20.17.0 || >=22.9.0' },
2026-01-14T10:49:59.5295688Z npm warn EBADENGINE   current: { node: 'v18.20.8', npm: '10.8.2' }
2026-01-14T10:49:59.5296032Z npm warn EBADENGINE }
2026-01-14T10:49:59.5296307Z npm warn EBADENGINE Unsupported engine {
2026-01-14T10:49:59.5296663Z npm warn EBADENGINE   package: 'ignore-walk@8.0.0',
2026-01-14T10:49:59.5297101Z npm warn EBADENGINE   required: { node: '^20.17.0 || >=22.9.0' },
2026-01-14T10:49:59.5297568Z npm warn EBADENGINE   current: { node: 'v18.20.8', npm: '10.8.2' }
2026-01-14T10:49:59.5297912Z npm warn EBADENGINE }
2026-01-14T10:49:59.5298232Z npm warn EBADENGINE Unsupported engine {
2026-01-14T10:49:59.5298706Z npm warn EBADENGINE   package: 'proc-log@6.1.0',
2026-01-14T10:49:59.5299124Z npm warn EBADENGINE   required: { node: '^20.17.0 || >=22.9.0' },
2026-01-14T10:49:59.5299599Z npm warn EBADENGINE   current: { node: 'v18.20.8', npm: '10.8.2' }
2026-01-14T10:49:59.5299932Z npm warn EBADENGINE }
2026-01-14T10:49:59.5300201Z npm warn EBADENGINE Unsupported engine {
2026-01-14T10:49:59.5300555Z npm warn EBADENGINE   package: 'minimatch@10.1.1',
2026-01-14T10:49:59.5300947Z npm warn EBADENGINE   required: { node: '20 || >=22' },
2026-01-14T10:49:59.5301391Z npm warn EBADENGINE   current: { node: 'v18.20.8', npm: '10.8.2' }
2026-01-14T10:49:59.5301725Z npm warn EBADENGINE }
2026-01-14T10:49:59.5301988Z npm warn EBADENGINE Unsupported engine {
2026-01-14T10:49:59.5302379Z npm warn EBADENGINE   package: 'npm-install-checks@8.0.0',
2026-01-14T10:49:59.5302828Z npm warn EBADENGINE   required: { node: '^20.17.0 || >=22.9.0' },
2026-01-14T10:49:59.5303295Z npm warn EBADENGINE   current: { node: 'v18.20.8', npm: '10.8.2' }
2026-01-14T10:49:59.5303631Z npm warn EBADENGINE }
2026-01-14T10:49:59.5303891Z npm warn EBADENGINE Unsupported engine {
2026-01-14T10:49:59.5304314Z npm warn EBADENGINE   package: 'npm-normalize-package-bin@5.0.0',
2026-01-14T10:49:59.5304984Z npm warn EBADENGINE   required: { node: '^20.17.0 || >=22.9.0' },
2026-01-14T10:49:59.5305442Z npm warn EBADENGINE   current: { node: 'v18.20.8', npm: '10.8.2' }
2026-01-14T10:49:59.5305774Z npm warn EBADENGINE }
2026-01-14T10:49:59.5306035Z npm warn EBADENGINE Unsupported engine {
2026-01-14T10:49:59.5306404Z npm warn EBADENGINE   package: '@npmcli/redact@4.0.0',
2026-01-14T10:49:59.5306840Z npm warn EBADENGINE   required: { node: '^20.17.0 || >=22.9.0' },
2026-01-14T10:49:59.5307294Z npm warn EBADENGINE   current: { node: 'v18.20.8', npm: '10.8.2' }
2026-01-14T10:49:59.5307627Z npm warn EBADENGINE }
2026-01-14T10:49:59.5307892Z npm warn EBADENGINE Unsupported engine {
2026-01-14T10:49:59.5308349Z npm warn EBADENGINE   package: 'proc-log@6.1.0',
2026-01-14T10:49:59.5308927Z npm warn EBADENGINE   required: { node: '^20.17.0 || >=22.9.0' },
2026-01-14T10:49:59.5309391Z npm warn EBADENGINE   current: { node: 'v18.20.8', npm: '10.8.2' }
2026-01-14T10:49:59.5309743Z npm warn EBADENGINE }
2026-01-14T10:49:59.5310013Z npm warn EBADENGINE Unsupported engine {
2026-01-14T10:49:59.5310392Z npm warn EBADENGINE   package: '@sigstore/bundle@4.0.0',
2026-01-14T10:49:59.5310835Z npm warn EBADENGINE   required: { node: '^20.17.0 || >=22.9.0' },
2026-01-14T10:49:59.5311300Z npm warn EBADENGINE   current: { node: 'v18.20.8', npm: '10.8.2' }
2026-01-14T10:49:59.5311629Z npm warn EBADENGINE }
2026-01-14T10:49:59.5311898Z npm warn EBADENGINE Unsupported engine {
2026-01-14T10:49:59.5312257Z npm warn EBADENGINE   package: '@sigstore/core@3.1.0',
2026-01-14T10:49:59.5312688Z npm warn EBADENGINE   required: { node: '^20.17.0 || >=22.9.0' },
2026-01-14T10:49:59.5313153Z npm warn EBADENGINE   current: { node: 'v18.20.8', npm: '10.8.2' }
2026-01-14T10:49:59.5313488Z npm warn EBADENGINE }
2026-01-14T10:49:59.5313757Z npm warn EBADENGINE Unsupported engine {
2026-01-14T10:49:59.5314127Z npm warn EBADENGINE   package: '@sigstore/sign@4.1.0',
2026-01-14T10:49:59.5314557Z npm warn EBADENGINE   required: { node: '^20.17.0 || >=22.9.0' },
2026-01-14T10:49:59.5315029Z npm warn EBADENGINE   current: { node: 'v18.20.8', npm: '10.8.2' }
2026-01-14T10:49:59.5315368Z npm warn EBADENGINE }
2026-01-14T10:49:59.5315632Z npm warn EBADENGINE Unsupported engine {
2026-01-14T10:49:59.5315995Z npm warn EBADENGINE   package: '@sigstore/tuf@4.0.1',
2026-01-14T10:49:59.5316427Z npm warn EBADENGINE   required: { node: '^20.17.0 || >=22.9.0' },
2026-01-14T10:49:59.5316894Z npm warn EBADENGINE   current: { node: 'v18.20.8', npm: '10.8.2' }
2026-01-14T10:49:59.5317228Z npm warn EBADENGINE }
2026-01-14T10:49:59.5317492Z npm warn EBADENGINE Unsupported engine {
2026-01-14T10:49:59.5317866Z npm warn EBADENGINE   package: '@sigstore/verify@3.1.0',
2026-01-14T10:49:59.5318321Z npm warn EBADENGINE   required: { node: '^20.17.0 || >=22.9.0' },
2026-01-14T10:49:59.5318885Z npm warn EBADENGINE   current: { node: 'v18.20.8', npm: '10.8.2' }
2026-01-14T10:49:59.5319221Z npm warn EBADENGINE }
2026-01-14T10:49:59.5319491Z npm warn EBADENGINE Unsupported engine {
2026-01-14T10:49:59.5319840Z npm warn EBADENGINE   package: 'proc-log@6.1.0',
2026-01-14T10:49:59.5320261Z npm warn EBADENGINE   required: { node: '^20.17.0 || >=22.9.0' },
2026-01-14T10:49:59.5320718Z npm warn EBADENGINE   current: { node: 'v18.20.8', npm: '10.8.2' }
2026-01-14T10:49:59.5321049Z npm warn EBADENGINE }
2026-01-14T10:49:59.5321314Z npm warn EBADENGINE Unsupported engine {
2026-01-14T10:49:59.5321650Z npm warn EBADENGINE   package: 'tuf-js@4.1.0',
2026-01-14T10:49:59.5322068Z npm warn EBADENGINE   required: { node: '^20.17.0 || >=22.9.0' },
2026-01-14T10:49:59.5322555Z npm warn EBADENGINE   current: { node: 'v18.20.8', npm: '10.8.2' }
2026-01-14T10:49:59.5322892Z npm warn EBADENGINE }
2026-01-14T10:49:59.5323165Z npm warn EBADENGINE Unsupported engine {
2026-01-14T10:49:59.5323521Z npm warn EBADENGINE   package: '@tufjs/models@4.1.0',
2026-01-14T10:49:59.5323954Z npm warn EBADENGINE   required: { node: '^20.17.0 || >=22.9.0' },
2026-01-14T10:49:59.5324548Z npm warn EBADENGINE   current: { node: 'v18.20.8', npm: '10.8.2' }
2026-01-14T10:49:59.5324878Z npm warn EBADENGINE }
2026-01-14T10:49:59.5325146Z npm warn EBADENGINE Unsupported engine {
2026-01-14T10:49:59.5325491Z npm warn EBADENGINE   package: 'minimatch@10.1.1',
2026-01-14T10:49:59.5325889Z npm warn EBADENGINE   required: { node: '20 || >=22' },
2026-01-14T10:49:59.5326329Z npm warn EBADENGINE   current: { node: 'v18.20.8', npm: '10.8.2' }
2026-01-14T10:49:59.5326659Z npm warn EBADENGINE }
2026-01-14T10:49:59.5326925Z npm warn EBADENGINE Unsupported engine {
2026-01-14T10:49:59.5327283Z npm warn EBADENGINE   package: 'unique-slug@6.0.0',
2026-01-14T10:49:59.5327708Z npm warn EBADENGINE   required: { node: '^20.17.0 || >=22.9.0' },
2026-01-14T10:49:59.5328289Z npm warn EBADENGINE   current: { node: 'v18.20.8', npm: '10.8.2' }
2026-01-14T10:49:59.5328766Z npm warn EBADENGINE }
2026-01-14T10:49:59.5329041Z npm warn EBADENGINE Unsupported engine {
2026-01-14T10:49:59.5329380Z npm warn EBADENGINE   package: 'cliui@9.0.1',
2026-01-14T10:49:59.5329746Z npm warn EBADENGINE   required: { node: '>=20' },
2026-01-14T10:49:59.5330180Z npm warn EBADENGINE   current: { node: 'v18.20.8', npm: '10.8.2' }
2026-01-14T10:49:59.5330518Z npm warn EBADENGINE }
2026-01-14T10:49:59.5330779Z npm warn EBADENGINE Unsupported engine {
2026-01-14T10:49:59.5331149Z npm warn EBADENGINE   package: 'yargs-parser@22.0.0',
2026-01-14T10:49:59.5331603Z npm warn EBADENGINE   required: { node: '^20.19.0 || ^22.12.0 || >=23' },
2026-01-14T10:49:59.5332101Z npm warn EBADENGINE   current: { node: 'v18.20.8', npm: '10.8.2' }
2026-01-14T10:49:59.5332443Z npm warn EBADENGINE }
2026-01-14T10:49:59.5332711Z npm warn EBADENGINE Unsupported engine {
2026-01-14T10:49:59.5333068Z npm warn EBADENGINE   package: 'minimatch@10.1.1',
2026-01-14T10:49:59.5333468Z npm warn EBADENGINE   required: { node: '20 || >=22' },
2026-01-14T10:49:59.5333901Z npm warn EBADENGINE   current: { node: 'v18.20.8', npm: '10.8.2' }
2026-01-14T10:49:59.5334235Z npm warn EBADENGINE }
2026-01-14T10:49:59.5334503Z npm warn EBADENGINE Unsupported engine {
2026-01-14T10:49:59.5334863Z npm warn EBADENGINE   package: 'path-scurry@2.0.1',
2026-01-14T10:49:59.5335263Z npm warn EBADENGINE   required: { node: '20 || >=22' },
2026-01-14T10:49:59.5335702Z npm warn EBADENGINE   current: { node: 'v18.20.8', npm: '10.8.2' }
2026-01-14T10:49:59.5336038Z npm warn EBADENGINE }
2026-01-14T10:49:59.5336305Z npm warn EBADENGINE Unsupported engine {
2026-01-14T10:49:59.5336705Z npm warn EBADENGINE   package: '@isaacs/brace-expansion@5.0.0',
2026-01-14T10:49:59.5337134Z npm warn EBADENGINE   required: { node: '20 || >=22' },
2026-01-14T10:49:59.5337564Z npm warn EBADENGINE   current: { node: 'v18.20.8', npm: '10.8.2' }
2026-01-14T10:49:59.5337897Z npm warn EBADENGINE }
2026-01-14T10:49:59.5338167Z npm warn EBADENGINE Unsupported engine {
2026-01-14T10:49:59.5338674Z npm warn EBADENGINE   package: '@isaacs/balanced-match@4.0.1',
2026-01-14T10:49:59.5339103Z npm warn EBADENGINE   required: { node: '20 || >=22' },
2026-01-14T10:49:59.5339544Z npm warn EBADENGINE   current: { node: 'v18.20.8', npm: '10.8.2' }
2026-01-14T10:49:59.5339874Z npm warn EBADENGINE }
2026-01-14T10:49:59.5340143Z npm warn EBADENGINE Unsupported engine {
2026-01-14T10:49:59.5340489Z npm warn EBADENGINE   package: 'lru-cache@11.2.4',
2026-01-14T10:49:59.5340879Z npm warn EBADENGINE   required: { node: '20 || >=22' },
2026-01-14T10:49:59.5341317Z npm warn EBADENGINE   current: { node: 'v18.20.8', npm: '10.8.2' }
2026-01-14T10:49:59.5341643Z npm warn EBADENGINE }
2026-01-14T10:49:59.5341910Z npm warn EBADENGINE Unsupported engine {
2026-01-14T10:49:59.5342276Z npm warn EBADENGINE   package: 'minimatch@10.1.1',
2026-01-14T10:49:59.5342667Z npm warn EBADENGINE   required: { node: '20 || >=22' },
2026-01-14T10:49:59.5343115Z npm warn EBADENGINE   current: { node: 'v18.20.8', npm: '10.8.2' }
2026-01-14T10:49:59.5343453Z npm warn EBADENGINE }
2026-01-14T10:49:59.5343728Z npm warn EBADENGINE Unsupported engine {
2026-01-14T10:49:59.5344089Z npm warn EBADENGINE   package: 'path-scurry@2.0.1',
2026-01-14T10:49:59.5344612Z npm warn EBADENGINE   required: { node: '20 || >=22' },
2026-01-14T10:49:59.5345053Z npm warn EBADENGINE   current: { node: 'v18.20.8', npm: '10.8.2' }
2026-01-14T10:49:59.5345388Z npm warn EBADENGINE }
2026-01-14T10:50:01.6880923Z npm warn deprecated inflight@1.0.6: This module is not supported, and leaks memory. Do not use it. Check out lru-cache if you want a good and tested way to coalesce async requests by a key value, which is much more comprehensive and powerful.
2026-01-14T10:50:03.8565367Z npm warn deprecated whatwg-encoding@2.0.0: Use @exodus/bytes instead for a more spec-conformant and faster implementation
2026-01-14T10:50:06.1485407Z npm warn deprecated glob@7.2.3: Glob versions prior to v9 are no longer supported
2026-01-14T10:50:11.4019104Z 
2026-01-14T10:50:11.4019898Z added 1188 packages, and audited 1189 packages in 35s
2026-01-14T10:50:11.4020370Z 
2026-01-14T10:50:11.4020654Z 189 packages are looking for funding
2026-01-14T10:50:11.4021173Z   run `npm fund` for details
2026-01-14T10:50:11.4033928Z 
2026-01-14T10:50:11.4034358Z found 0 vulnerabilities
2026-01-14T10:50:11.4456945Z ##[group]Run npx playwright install --with-deps
2026-01-14T10:50:11.4457322Z [36;1mnpx playwright install --with-deps[0m
2026-01-14T10:50:11.4490779Z shell: /usr/bin/bash -e {0}
2026-01-14T10:50:11.4491006Z ##[endgroup]
2026-01-14T10:50:12.3902377Z Installing dependencies...
2026-01-14T10:50:12.4025386Z Switching to root user to install dependencies...
2026-01-14T10:50:12.4710799Z Get:1 file:/etc/apt/apt-mirrors.txt Mirrorlist [144 B]
2026-01-14T10:50:12.5025778Z Hit:2 http://azure.archive.ubuntu.com/ubuntu noble InRelease
2026-01-14T10:50:12.5052957Z Get:6 https://packages.microsoft.com/repos/azure-cli noble InRelease [3564 B]
2026-01-14T10:50:12.5059694Z Get:3 http://azure.archive.ubuntu.com/ubuntu noble-updates InRelease [126 kB]
2026-01-14T10:50:12.5074003Z Get:7 https://packages.microsoft.com/ubuntu/24.04/prod noble InRelease [3600 B]
2026-01-14T10:50:12.5118336Z Get:4 http://azure.archive.ubuntu.com/ubuntu noble-backports InRelease [126 kB]
2026-01-14T10:50:12.5145873Z Get:5 http://azure.archive.ubuntu.com/ubuntu noble-security InRelease [126 kB]
2026-01-14T10:50:12.6308267Z Get:8 https://packages.microsoft.com/repos/azure-cli noble/main amd64 Packages [1948 B]
2026-01-14T10:50:12.6699872Z Get:9 https://packages.microsoft.com/ubuntu/24.04/prod noble/main armhf Packages [11.4 kB]
2026-01-14T10:50:12.6724371Z Get:10 https://packages.microsoft.com/ubuntu/24.04/prod noble/main arm64 Packages [61.2 kB]
2026-01-14T10:50:12.6758929Z Get:11 https://packages.microsoft.com/ubuntu/24.04/prod noble/main amd64 Packages [79.6 kB]
2026-01-14T10:50:12.7170075Z Get:12 http://azure.archive.ubuntu.com/ubuntu noble-updates/main amd64 Packages [1692 kB]
2026-01-14T10:50:12.7285918Z Get:13 http://azure.archive.ubuntu.com/ubuntu noble-updates/main Translation-en [313 kB]
2026-01-14T10:50:12.7313793Z Get:14 http://azure.archive.ubuntu.com/ubuntu noble-updates/main amd64 Components [175 kB]
2026-01-14T10:50:12.7332727Z Get:15 http://azure.archive.ubuntu.com/ubuntu noble-updates/main amd64 c-n-f Metadata [15.9 kB]
2026-01-14T10:50:12.7345684Z Get:16 http://azure.archive.ubuntu.com/ubuntu noble-updates/universe amd64 Packages [1510 kB]
2026-01-14T10:50:12.7427360Z Get:17 http://azure.archive.ubuntu.com/ubuntu noble-updates/universe Translation-en [307 kB]
2026-01-14T10:50:12.7478265Z Get:18 http://azure.archive.ubuntu.com/ubuntu noble-updates/universe amd64 Components [378 kB]
2026-01-14T10:50:12.7544082Z Get:19 http://azure.archive.ubuntu.com/ubuntu noble-updates/universe amd64 c-n-f Metadata [31.4 kB]
2026-01-14T10:50:12.7558814Z Get:20 http://azure.archive.ubuntu.com/ubuntu noble-updates/restricted amd64 Packages [2426 kB]
2026-01-14T10:50:12.7678221Z Get:21 http://azure.archive.ubuntu.com/ubuntu noble-updates/restricted Translation-en [554 kB]
2026-01-14T10:50:12.8134502Z Get:22 http://azure.archive.ubuntu.com/ubuntu noble-updates/restricted amd64 Components [212 B]
2026-01-14T10:50:12.8146961Z Get:23 http://azure.archive.ubuntu.com/ubuntu noble-updates/multiverse amd64 Components [940 B]
2026-01-14T10:50:12.8159676Z Get:24 http://azure.archive.ubuntu.com/ubuntu noble-backports/main amd64 Components [7308 B]
2026-01-14T10:50:12.8173005Z Get:25 http://azure.archive.ubuntu.com/ubuntu noble-backports/universe amd64 Components [10.5 kB]
2026-01-14T10:50:12.8189416Z Get:26 http://azure.archive.ubuntu.com/ubuntu noble-backports/restricted amd64 Components [216 B]
2026-01-14T10:50:12.8209752Z Get:27 http://azure.archive.ubuntu.com/ubuntu noble-backports/multiverse amd64 Components [212 B]
2026-01-14T10:50:12.8336764Z Get:28 http://azure.archive.ubuntu.com/ubuntu noble-security/main amd64 Packages [1404 kB]
2026-01-14T10:50:12.8442320Z Get:29 http://azure.archive.ubuntu.com/ubuntu noble-security/main Translation-en [228 kB]
2026-01-14T10:50:12.8462870Z Get:30 http://azure.archive.ubuntu.com/ubuntu noble-security/main amd64 Components [21.5 kB]
2026-01-14T10:50:12.8475629Z Get:31 http://azure.archive.ubuntu.com/ubuntu noble-security/main amd64 c-n-f Metadata [9720 B]
2026-01-14T10:50:12.8488746Z Get:32 http://azure.archive.ubuntu.com/ubuntu noble-security/universe amd64 Packages [920 kB]
2026-01-14T10:50:12.8541860Z Get:33 http://azure.archive.ubuntu.com/ubuntu noble-security/universe Translation-en [209 kB]
2026-01-14T10:50:12.8563828Z Get:34 http://azure.archive.ubuntu.com/ubuntu noble-security/universe amd64 Components [71.5 kB]
2026-01-14T10:50:12.8581053Z Get:35 http://azure.archive.ubuntu.com/ubuntu noble-security/universe amd64 c-n-f Metadata [19.7 kB]
2026-01-14T10:50:12.9013157Z Get:36 http://azure.archive.ubuntu.com/ubuntu noble-security/restricted amd64 Packages [2302 kB]
2026-01-14T10:50:12.9133166Z Get:37 http://azure.archive.ubuntu.com/ubuntu noble-security/restricted Translation-en [527 kB]
2026-01-14T10:50:12.9181654Z Get:38 http://azure.archive.ubuntu.com/ubuntu noble-security/restricted amd64 Components [208 B]
2026-01-14T10:50:12.9199905Z Get:39 http://azure.archive.ubuntu.com/ubuntu noble-security/multiverse Translation-en [6188 B]
2026-01-14T10:50:12.9212545Z Get:40 http://azure.archive.ubuntu.com/ubuntu noble-security/multiverse amd64 Components [208 B]
2026-01-14T10:50:21.4802091Z Fetched 13.7 MB in 2s (8560 kB/s)
2026-01-14T10:50:22.2163628Z Reading package lists...
2026-01-14T10:50:22.2421235Z Reading package lists...
2026-01-14T10:50:22.4013309Z Building dependency tree...
2026-01-14T10:50:22.4020938Z Reading state information...
2026-01-14T10:50:22.4176577Z libasound2t64 is already the newest version (1.2.11-1ubuntu0.1).
2026-01-14T10:50:22.4177531Z libasound2t64 set to manually installed.
2026-01-14T10:50:22.4178283Z libatk-bridge2.0-0t64 is already the newest version (2.52.0-1build1).
2026-01-14T10:50:22.4179292Z libatk-bridge2.0-0t64 set to manually installed.
2026-01-14T10:50:22.4179841Z libatk1.0-0t64 is already the newest version (2.52.0-1build1).
2026-01-14T10:50:22.4180393Z libatk1.0-0t64 set to manually installed.
2026-01-14T10:50:22.4180901Z libatspi2.0-0t64 is already the newest version (2.52.0-1build1).
2026-01-14T10:50:22.4181415Z libatspi2.0-0t64 set to manually installed.
2026-01-14T10:50:22.4181909Z libcairo2 is already the newest version (1.18.0-3build1).
2026-01-14T10:50:22.4182353Z libcairo2 set to manually installed.
2026-01-14T10:50:22.4182845Z libcups2t64 is already the newest version (2.4.7-1.2ubuntu7.9).
2026-01-14T10:50:22.4183309Z libcups2t64 set to manually installed.
2026-01-14T10:50:22.4183786Z libdbus-1-3 is already the newest version (1.14.10-4ubuntu4.1).
2026-01-14T10:50:22.4184230Z libdbus-1-3 set to manually installed.
2026-01-14T10:50:22.4184730Z libdrm2 is already the newest version (2.4.122-1~ubuntu0.24.04.2).
2026-01-14T10:50:22.4185205Z libdrm2 set to manually installed.
2026-01-14T10:50:22.4185670Z libgbm1 is already the newest version (25.0.7-0ubuntu0.24.04.2).
2026-01-14T10:50:22.4186128Z libgbm1 set to manually installed.
2026-01-14T10:50:22.4186599Z libnspr4 is already the newest version (2:4.35-1.1build1).
2026-01-14T10:50:22.4187423Z libnspr4 set to manually installed.
2026-01-14T10:50:22.4187862Z libnss3 is already the newest version (2:3.98-1build1).
2026-01-14T10:50:22.4188282Z libnss3 set to manually installed.
2026-01-14T10:50:22.4188979Z libpango-1.0-0 is already the newest version (1.52.1+ds-1build1).
2026-01-14T10:50:22.4189373Z libpango-1.0-0 set to manually installed.
2026-01-14T10:50:22.4189748Z libx11-6 is already the newest version (2:1.8.7-1build1).
2026-01-14T10:50:22.4190085Z libx11-6 set to manually installed.
2026-01-14T10:50:22.4190425Z libxcb1 is already the newest version (1.15-1ubuntu2).
2026-01-14T10:50:22.4190754Z libxcb1 set to manually installed.
2026-01-14T10:50:22.4191133Z libxcomposite1 is already the newest version (1:0.4.5-1build3).
2026-01-14T10:50:22.4191557Z libxcomposite1 set to manually installed.
2026-01-14T10:50:22.4191941Z libxdamage1 is already the newest version (1:1.1.6-1build1).
2026-01-14T10:50:22.4192302Z libxdamage1 set to manually installed.
2026-01-14T10:50:22.4192666Z libxext6 is already the newest version (2:1.3.4-1build2).
2026-01-14T10:50:22.4193006Z libxext6 set to manually installed.
2026-01-14T10:50:22.4193568Z libxfixes3 is already the newest version (1:6.0.0-2build1).
2026-01-14T10:50:22.4193931Z libxfixes3 set to manually installed.
2026-01-14T10:50:22.4194311Z libxkbcommon0 is already the newest version (1.6.0-1build1).
2026-01-14T10:50:22.4194680Z libxkbcommon0 set to manually installed.
2026-01-14T10:50:22.4195062Z libxrandr2 is already the newest version (2:1.5.2-2build1).
2026-01-14T10:50:22.4195432Z libxrandr2 set to manually installed.
2026-01-14T10:50:22.4212454Z libcairo-gobject2 is already the newest version (1.18.0-3build1).
2026-01-14T10:50:22.4212977Z libcairo-gobject2 set to manually installed.
2026-01-14T10:50:22.4213429Z libfontconfig1 is already the newest version (2.15.0-1.1ubuntu2).
2026-01-14T10:50:22.4213845Z libfontconfig1 set to manually installed.
2026-01-14T10:50:22.4214272Z libfreetype6 is already the newest version (2.13.2+dfsg-1build3).
2026-01-14T10:50:22.4214680Z libfreetype6 set to manually installed.
2026-01-14T10:50:22.4215160Z libgdk-pixbuf-2.0-0 is already the newest version (2.42.10+dfsg-3ubuntu3.2).
2026-01-14T10:50:22.4215626Z libgdk-pixbuf-2.0-0 set to manually installed.
2026-01-14T10:50:22.4216047Z libgtk-3-0t64 is already the newest version (3.24.41-4ubuntu1.3).
2026-01-14T10:50:22.4216439Z libgtk-3-0t64 set to manually installed.
2026-01-14T10:50:22.4216869Z libpangocairo-1.0-0 is already the newest version (1.52.1+ds-1build1).
2026-01-14T10:50:22.4217290Z libpangocairo-1.0-0 set to manually installed.
2026-01-14T10:50:22.4217697Z libx11-xcb1 is already the newest version (2:1.8.7-1build1).
2026-01-14T10:50:22.4218069Z libx11-xcb1 set to manually installed.
2026-01-14T10:50:22.4218680Z libxcb-shm0 is already the newest version (1.15-1ubuntu2).
2026-01-14T10:50:22.4219158Z libxcb-shm0 set to manually installed.
2026-01-14T10:50:22.4219545Z libxcursor1 is already the newest version (1:1.2.1-1build1).
2026-01-14T10:50:22.4219912Z libxcursor1 set to manually installed.
2026-01-14T10:50:22.4220275Z libxi6 is already the newest version (2:1.8.1-1build1).
2026-01-14T10:50:22.4220618Z libxi6 set to manually installed.
2026-01-14T10:50:22.4221004Z libxrender1 is already the newest version (1:0.9.10-1.1build1).
2026-01-14T10:50:22.4221385Z libxrender1 set to manually installed.
2026-01-14T10:50:22.4221746Z libicu74 is already the newest version (74.2-1ubuntu3.1).
2026-01-14T10:50:22.4222195Z libatomic1 is already the newest version (14.2.0-4ubuntu2~24.04).
2026-01-14T10:50:22.4222572Z libatomic1 set to manually installed.
2026-01-14T10:50:22.4222956Z libenchant-2-2 is already the newest version (2.3.3-2build2).
2026-01-14T10:50:22.4223334Z libenchant-2-2 set to manually installed.
2026-01-14T10:50:22.4223703Z libepoxy0 is already the newest version (1.5.10-1build1).
2026-01-14T10:50:22.4224054Z libepoxy0 set to manually installed.
2026-01-14T10:50:22.4224461Z libgstreamer1.0-0 is already the newest version (1.24.2-1ubuntu0.1).
2026-01-14T10:50:22.4225078Z libgstreamer1.0-0 set to manually installed.
2026-01-14T10:50:22.4225481Z libharfbuzz0b is already the newest version (8.3.0-2build2).
2026-01-14T10:50:22.4225846Z libharfbuzz0b set to manually installed.
2026-01-14T10:50:22.4226245Z libjpeg-turbo8 is already the newest version (2.1.5-2ubuntu2).
2026-01-14T10:50:22.4226634Z libjpeg-turbo8 set to manually installed.
2026-01-14T10:50:22.4227004Z liblcms2-2 is already the newest version (2.14-2build1).
2026-01-14T10:50:22.4227352Z liblcms2-2 set to manually installed.
2026-01-14T10:50:22.4227764Z libwayland-client0 is already the newest version (1.22.0-2.1build1).
2026-01-14T10:50:22.4228180Z libwayland-client0 set to manually installed.
2026-01-14T10:50:22.5630421Z libwayland-egl1 is already the newest version (1.22.0-2.1build1).
2026-01-14T10:50:22.5631334Z libwayland-egl1 set to manually installed.
2026-01-14T10:50:22.5631940Z libwayland-server0 is already the newest version (1.22.0-2.1build1).
2026-01-14T10:50:22.5632618Z libwayland-server0 set to manually installed.
2026-01-14T10:50:22.5633512Z libwebp7 is already the newest version (1.3.2-0.4build3).
2026-01-14T10:50:22.5634383Z libwebp7 set to manually installed.
2026-01-14T10:50:22.5634925Z libwebpdemux2 is already the newest version (1.3.2-0.4build3).
2026-01-14T10:50:22.5635437Z libwebpdemux2 set to manually installed.
2026-01-14T10:50:22.5636241Z libxml2 is already the newest version (2.9.14+dfsg-1.3ubuntu3.6).
2026-01-14T10:50:22.5636739Z libxml2 set to manually installed.
2026-01-14T10:50:22.5637228Z xvfb is already the newest version (2:21.1.12-1ubuntu1.5).
2026-01-14T10:50:22.5637923Z fonts-noto-color-emoji is already the newest version (2.047-0ubuntu0.24.04.1).
2026-01-14T10:50:22.5638919Z fonts-liberation is already the newest version (1:2.1.5-3).
2026-01-14T10:50:22.5639436Z fonts-liberation set to manually installed.
2026-01-14T10:50:22.5639935Z The following additional packages will be installed:
2026-01-14T10:50:22.5640442Z   gir1.2-glib-2.0 glib-networking glib-networking-common
2026-01-14T10:50:22.5641102Z   glib-networking-services gsettings-desktop-schemas libaa1 libabsl20220623t64
2026-01-14T10:50:22.5641755Z   libass9 libasyncns0 libavc1394-0 libavcodec60 libavfilter9 libavformat60
2026-01-14T10:50:22.5642245Z   libavtp0 libavutil58 libblas3 libbluray2 libbs2b0 libcaca0
2026-01-14T10:50:22.5642745Z   libcairo-script-interpreter2 libcdparanoia0 libchromaprint1 libcjson1
2026-01-14T10:50:22.5643437Z   libcodec2-1.2 libdav1d7 libdc1394-25 libdca0 libdecor-0-0
2026-01-14T10:50:22.5644021Z   libdirectfb-1.7-7t64 libdv4t64 libdvdnav4 libdvdread8t64 libegl-mesa0
2026-01-14T10:50:22.5644574Z   libegl1 libfaad2 libflac12t64 libfluidsynth3 libfreeaptx0 libgav1-1
2026-01-14T10:50:22.5645081Z   libglib2.0-bin libglib2.0-data libgme0 libgraphene-1.0-0 libgsm1
2026-01-14T10:50:22.5645624Z   libgssdp-1.6-0 libgstreamer-plugins-good1.0-0 libgtk-4-common libgupnp-1.6-0
2026-01-14T10:50:22.5646156Z   libgupnp-igd-1.6-0 libhwy1t64 libiec61883-0 libimath-3-1-29t64
2026-01-14T10:50:22.5646640Z   libinstpatch-1.0-2 libjack-jackd2-0 libjxl0.7 liblapack3 liblc3-1
2026-01-14T10:50:22.5647184Z   libldacbt-enc2 liblilv-0-0 liblrdf0 libltc11 libmbedcrypto7t64 libmfx1
2026-01-14T10:50:22.5647674Z   libmjpegutils-2.1-0t64 libmodplug1 libmp3lame0 libmpcdec6
2026-01-14T10:50:22.5648146Z   libmpeg2encpp-2.1-0t64 libmpg123-0t64 libmplex2-2.1-0t64 libmysofa1
2026-01-14T10:50:22.5648799Z   libneon27t64 libnice10 libopenal-data libopenal1 libopenexr-3-1-30
2026-01-14T10:50:22.5649276Z   libopenh264-7 libopenmpt0t64 libopenni2-0 liborc-0.4-0t64
2026-01-14T10:50:22.5649743Z   libpipewire-0.3-0t64 libplacebo338 libpocketsphinx3 libpostproc57
2026-01-14T10:50:22.5650274Z   libproxy1v5 libpulse0 libqrencode4 libraptor2-0 librav1e0 libraw1394-11
2026-01-14T10:50:22.5650809Z   librist4 librsvg2-2 librubberband2 libsamplerate0 libsbc1 libsdl2-2.0-0
2026-01-14T10:50:22.5651360Z   libsecret-common libserd-0-0 libshine3 libshout3 libsndfile1 libsndio7.0
2026-01-14T10:50:22.5651895Z   libsord-0-0 libsoundtouch1 libsoup-3.0-0 libsoup-3.0-common libsoxr0
2026-01-14T10:50:22.5652594Z   libspa-0.2-modules libspandsp2t64 libspeex1 libsphinxbase3t64 libsratom-0-0
2026-01-14T10:50:22.5653111Z   libsrt1.5-gnutls libsrtp2-1 libssh-4 libssh-gcrypt-4 libsvtav1enc1d1
2026-01-14T10:50:22.5653586Z   libswresample4 libswscale7 libtag1v5 libtag1v5-vanilla libtheora0
2026-01-14T10:50:22.5654043Z   libtwolame0 libudfread0 libunibreak5 libv4l-0t64 libv4lconvert0t64
2026-01-14T10:50:22.5654520Z   libva-drm2 libva-x11-2 libva2 libvdpau1 libvidstab1.1 libvisual-0.4-0
2026-01-14T10:50:22.5654987Z   libvo-aacenc0 libvo-amrwbenc0 libvorbisenc2 libvpl2 libwavpack1
2026-01-14T10:50:22.5655446Z   libwebrtc-audio-processing1 libwildmidi2 libx265-199 libxcb-xkb1
2026-01-14T10:50:22.5655929Z   libxkbcommon-x11-0 libxvidcore4 libyuv0 libzbar0t64 libzimg2 libzix-0-0
2026-01-14T10:50:22.5656461Z   libzvbi-common libzvbi0t64 libzxing3 ocl-icd-libopencl1 session-migration
2026-01-14T10:50:22.5656908Z   timgm6mb-soundfont xfonts-encodings xfonts-utils
2026-01-14T10:50:22.5657221Z Suggested packages:
2026-01-14T10:50:22.5657577Z   frei0r-plugins gvfs libcuda1 libnvcuvid1 libnvidia-encode1 libbluray-bdj
2026-01-14T10:50:22.5658201Z   libdirectfb-extra libdv-bin oss-compat libdvdcss2 low-memory-monitor
2026-01-14T10:50:22.5658857Z   libvisual-0.4-plugins jackd2 liblrdf0-dev libportaudio2 opus-tools pipewire
2026-01-14T10:50:22.5659408Z   pulseaudio raptor2-utils libraw1394-doc librsvg2-bin serdi sndiod sordi
2026-01-14T10:50:22.5659865Z   speex libwildmidi-config opencl-icd fluid-soundfont-gm
2026-01-14T10:50:22.5660198Z Recommended packages:
2026-01-14T10:50:22.5660521Z   fonts-ipafont-mincho fonts-tlwg-loma gstreamer1.0-x libaacs0
2026-01-14T10:50:22.5661000Z   default-libdecor-0-plugin-1 | libdecor-0-plugin-1 gstreamer1.0-gl
2026-01-14T10:50:22.5661543Z   libgtk-4-bin librsvg2-common libgtk-4-media-gstreamer libpipewire-0.3-common
2026-01-14T10:50:22.5662098Z   pocketsphinx-en-us va-driver-all | va-driver vdpau-driver-all | vdpau-driver
2026-01-14T10:50:22.5662494Z   libmagickcore-6.q16-7-extra
2026-01-14T10:50:22.6389313Z The following NEW packages will be installed:
2026-01-14T10:50:22.6390323Z   fonts-freefont-ttf fonts-ipafont-gothic fonts-tlwg-loma-otf fonts-unifont
2026-01-14T10:50:22.6391499Z   fonts-wqy-zenhei glib-networking glib-networking-common
2026-01-14T10:50:22.6392121Z   glib-networking-services gsettings-desktop-schemas gstreamer1.0-libav
2026-01-14T10:50:22.6392886Z   gstreamer1.0-plugins-bad gstreamer1.0-plugins-base gstreamer1.0-plugins-good
2026-01-14T10:50:22.6393759Z   libaa1 libabsl20220623t64 libass9 libasyncns0 libavc1394-0 libavcodec60
2026-01-14T10:50:22.6394481Z   libavfilter9 libavformat60 libavif16 libavtp0 libavutil58 libblas3
2026-01-14T10:50:22.6395029Z   libbluray2 libbs2b0 libcaca0 libcairo-script-interpreter2 libcdparanoia0
2026-01-14T10:50:22.6395577Z   libchromaprint1 libcjson1 libcodec2-1.2 libdav1d7 libdc1394-25 libdca0
2026-01-14T10:50:22.6396110Z   libdecor-0-0 libdirectfb-1.7-7t64 libdv4t64 libdvdnav4 libdvdread8t64
2026-01-14T10:50:22.6396645Z   libegl-mesa0 libegl1 libevent-2.1-7t64 libfaad2 libflac12t64 libflite1
2026-01-14T10:50:22.6397181Z   libfluidsynth3 libfreeaptx0 libgav1-1 libgles2 libgme0 libgraphene-1.0-0
2026-01-14T10:50:22.6397737Z   libgsm1 libgssdp-1.6-0 libgstreamer-gl1.0-0 libgstreamer-plugins-bad1.0-0
2026-01-14T10:50:22.6398369Z   libgstreamer-plugins-base1.0-0 libgstreamer-plugins-good1.0-0 libgtk-4-1
2026-01-14T10:50:22.6399274Z   libgtk-4-common libgupnp-1.6-0 libgupnp-igd-1.6-0 libharfbuzz-icu0
2026-01-14T10:50:22.6400002Z   libhwy1t64 libhyphen0 libiec61883-0 libimath-3-1-29t64 libinstpatch-1.0-2
2026-01-14T10:50:22.6400549Z   libjack-jackd2-0 libjxl0.7 liblapack3 liblc3-1 libldacbt-enc2 liblilv-0-0
2026-01-14T10:50:22.6401050Z   liblrdf0 libltc11 libmanette-0.2-0 libmbedcrypto7t64 libmfx1
2026-01-14T10:50:22.6401493Z   libmjpegutils-2.1-0t64 libmodplug1 libmp3lame0 libmpcdec6
2026-01-14T10:50:22.6401963Z   libmpeg2encpp-2.1-0t64 libmpg123-0t64 libmplex2-2.1-0t64 libmysofa1
2026-01-14T10:50:22.6402468Z   libneon27t64 libnice10 libopenal-data libopenal1 libopenexr-3-1-30
2026-01-14T10:50:22.6403285Z   libopenh264-7 libopenmpt0t64 libopenni2-0 libopus0 liborc-0.4-0t64
2026-01-14T10:50:22.6403741Z   libpipewire-0.3-0t64 libplacebo338 libpocketsphinx3 libpostproc57
2026-01-14T10:50:22.6404232Z   libproxy1v5 libpulse0 libqrencode4 libraptor2-0 librav1e0 libraw1394-11
2026-01-14T10:50:22.6405062Z   librist4 librsvg2-2 librubberband2 libsamplerate0 libsbc1 libsdl2-2.0-0
2026-01-14T10:50:22.6405599Z   libsecret-1-0 libsecret-common libserd-0-0 libshine3 libshout3 libsndfile1
2026-01-14T10:50:22.6406117Z   libsndio7.0 libsord-0-0 libsoundtouch1 libsoup-3.0-0 libsoup-3.0-common
2026-01-14T10:50:22.6406966Z   libsoxr0 libspa-0.2-modules libspandsp2t64 libspeex1 libsphinxbase3t64
2026-01-14T10:50:22.6407492Z   libsratom-0-0 libsrt1.5-gnutls libsrtp2-1 libssh-gcrypt-4 libsvtav1enc1d1
2026-01-14T10:50:22.6407985Z   libswresample4 libswscale7 libtag1v5 libtag1v5-vanilla libtheora0
2026-01-14T10:50:22.6408645Z   libtwolame0 libudfread0 libunibreak5 libv4l-0t64 libv4lconvert0t64
2026-01-14T10:50:22.6409352Z   libva-drm2 libva-x11-2 libva2 libvdpau1 libvidstab1.1 libvisual-0.4-0
2026-01-14T10:50:22.6409863Z   libvo-aacenc0 libvo-amrwbenc0 libvorbisenc2 libvpl2 libvpx9 libwavpack1
2026-01-14T10:50:22.6410387Z   libwebrtc-audio-processing1 libwildmidi2 libwoff1 libx264-164 libx265-199
2026-01-14T10:50:22.6410906Z   libxcb-xkb1 libxkbcommon-x11-0 libxvidcore4 libyuv0 libzbar0t64 libzimg2
2026-01-14T10:50:22.6411394Z   libzix-0-0 libzvbi-common libzvbi0t64 libzxing3 ocl-icd-libopencl1
2026-01-14T10:50:22.6412065Z   session-migration timgm6mb-soundfont xfonts-cyrillic xfonts-encodings
2026-01-14T10:50:22.6412624Z   xfonts-scalable xfonts-utils
2026-01-14T10:50:22.6412943Z The following packages will be upgraded:
2026-01-14T10:50:22.6413335Z   gir1.2-glib-2.0 libglib2.0-0t64 libglib2.0-bin libglib2.0-data
2026-01-14T10:50:22.6413694Z   libpng16-16t64 libssh-4 libxslt1.1
2026-01-14T10:50:22.6630673Z 7 upgraded, 179 newly installed, 0 to remove and 115 not upgraded.
2026-01-14T10:50:22.6631404Z Need to get 116 MB of archives.
2026-01-14T10:50:22.6632119Z After this operation, 363 MB of additional disk space will be used.
2026-01-14T10:50:22.6632929Z Get:1 file:/etc/apt/apt-mirrors.txt Mirrorlist [144 B]
2026-01-14T10:50:22.7085291Z Get:2 http://azure.archive.ubuntu.com/ubuntu noble/universe amd64 fonts-ipafont-gothic all 00303-21ubuntu1 [3513 kB]
2026-01-14T10:50:22.8026131Z Get:3 http://azure.archive.ubuntu.com/ubuntu noble-updates/main amd64 libglib2.0-data all 2.80.0-6ubuntu3.6 [49.3 kB]
2026-01-14T10:50:22.8256823Z Get:4 http://azure.archive.ubuntu.com/ubuntu noble-updates/main amd64 libglib2.0-bin amd64 2.80.0-6ubuntu3.6 [98.3 kB]
2026-01-14T10:50:22.8499625Z Get:5 http://azure.archive.ubuntu.com/ubuntu noble-updates/main amd64 gir1.2-glib-2.0 amd64 2.80.0-6ubuntu3.6 [183 kB]
2026-01-14T10:50:22.8742686Z Get:6 http://azure.archive.ubuntu.com/ubuntu noble-updates/main amd64 libglib2.0-0t64 amd64 2.80.0-6ubuntu3.6 [1545 kB]
2026-01-14T10:50:22.9112742Z Get:7 http://azure.archive.ubuntu.com/ubuntu noble-updates/main amd64 libpng16-16t64 amd64 1.6.43-5ubuntu0.1 [187 kB]
2026-01-14T10:50:22.9366810Z Get:8 http://azure.archive.ubuntu.com/ubuntu noble/main amd64 fonts-freefont-ttf all 20211204+svn4273-2 [5641 kB]
2026-01-14T10:50:23.0301170Z Get:9 http://azure.archive.ubuntu.com/ubuntu noble/universe amd64 fonts-tlwg-loma-otf all 1:0.7.3-1 [107 kB]
2026-01-14T10:50:23.0536035Z Get:10 http://azure.archive.ubuntu.com/ubuntu noble/universe amd64 fonts-unifont all 1:15.1.01-1build1 [2993 kB]
2026-01-14T10:50:23.1092910Z Get:11 http://azure.archive.ubuntu.com/ubuntu noble/universe amd64 fonts-wqy-zenhei all 0.9.45-8 [7472 kB]
2026-01-14T10:50:23.2282902Z Get:12 http://azure.archive.ubuntu.com/ubuntu noble/main amd64 libproxy1v5 amd64 0.5.4-4build1 [26.5 kB]
2026-01-14T10:50:23.2511972Z Get:13 http://azure.archive.ubuntu.com/ubuntu noble/main amd64 glib-networking-common all 2.80.0-1build1 [6702 B]
2026-01-14T10:50:23.2735917Z Get:14 http://azure.archive.ubuntu.com/ubuntu noble/main amd64 glib-networking-services amd64 2.80.0-1build1 [12.8 kB]
2026-01-14T10:50:23.3002507Z Get:15 http://azure.archive.ubuntu.com/ubuntu noble/main amd64 session-migration amd64 0.3.9build1 [9034 B]
2026-01-14T10:50:23.3226967Z Get:16 http://azure.archive.ubuntu.com/ubuntu noble-updates/main amd64 gsettings-desktop-schemas all 46.1-0ubuntu1 [35.6 kB]
2026-01-14T10:50:23.3453356Z Get:17 http://azure.archive.ubuntu.com/ubuntu noble/main amd64 glib-networking amd64 2.80.0-1build1 [64.1 kB]
2026-01-14T10:50:23.3683861Z Get:18 http://azure.archive.ubuntu.com/ubuntu noble/universe amd64 libva2 amd64 2.20.0-2build1 [66.2 kB]
2026-01-14T10:50:23.3916028Z Get:19 http://azure.archive.ubuntu.com/ubuntu noble/universe amd64 libva-drm2 amd64 2.20.0-2build1 [7124 B]
2026-01-14T10:50:23.4591566Z Get:20 http://azure.archive.ubuntu.com/ubuntu noble/universe amd64 libva-x11-2 amd64 2.20.0-2build1 [12.0 kB]
2026-01-14T10:50:23.4820830Z Get:21 http://azure.archive.ubuntu.com/ubuntu noble/main amd64 libvdpau1 amd64 1.5-2build1 [27.8 kB]
2026-01-14T10:50:23.5049185Z Get:22 http://azure.archive.ubuntu.com/ubuntu noble/universe amd64 libvpl2 amd64 2023.3.0-1build1 [99.8 kB]
2026-01-14T10:50:23.5284113Z Get:23 http://azure.archive.ubuntu.com/ubuntu noble/universe amd64 ocl-icd-libopencl1 amd64 2.3.2-1build1 [38.5 kB]
2026-01-14T10:50:23.5517448Z Get:24 http://azure.archive.ubuntu.com/ubuntu noble/universe amd64 libavutil58 amd64 7:6.1.1-3ubuntu5 [401 kB]
2026-01-14T10:50:23.5771053Z Get:25 http://azure.archive.ubuntu.com/ubuntu noble/universe amd64 libcodec2-1.2 amd64 1.2.0-2build1 [8998 kB]
2026-01-14T10:50:23.6717955Z Get:26 http://azure.archive.ubuntu.com/ubuntu noble/universe amd64 libdav1d7 amd64 1.4.1-1build1 [604 kB]
2026-01-14T10:50:23.6997918Z Get:27 http://azure.archive.ubuntu.com/ubuntu noble/universe amd64 libgsm1 amd64 1.0.22-1build1 [27.8 kB]
2026-01-14T10:50:23.7221989Z Get:28 http://azure.archive.ubuntu.com/ubuntu noble/universe amd64 libhwy1t64 amd64 1.0.7-8.1build1 [584 kB]
2026-01-14T10:50:23.7526611Z Get:29 http://azure.archive.ubuntu.com/ubuntu noble-updates/universe amd64 libjxl0.7 amd64 0.7.0-10.2ubuntu6.1 [1001 kB]
2026-01-14T10:50:23.7858364Z Get:30 http://azure.archive.ubuntu.com/ubuntu noble/main amd64 libmp3lame0 amd64 3.100-6build1 [142 kB]
2026-01-14T10:50:23.8091866Z Get:31 http://azure.archive.ubuntu.com/ubuntu noble/main amd64 libopus0 amd64 1.4-1build1 [208 kB]
2026-01-14T10:50:23.8338079Z Get:32 http://azure.archive.ubuntu.com/ubuntu noble/universe amd64 librav1e0 amd64 0.7.1-2 [1022 kB]
2026-01-14T10:50:23.8645565Z Get:33 http://azure.archive.ubuntu.com/ubuntu noble/main amd64 librsvg2-2 amd64 2.58.0+dfsg-1build1 [2135 kB]
2026-01-14T10:50:23.9067566Z Get:34 http://azure.archive.ubuntu.com/ubuntu noble/universe amd64 libshine3 amd64 3.1.1-2build1 [23.2 kB]
2026-01-14T10:50:23.9290725Z Get:35 http://azure.archive.ubuntu.com/ubuntu noble-updates/main amd64 libspeex1 amd64 1.2.1-2ubuntu2.24.04.1 [59.6 kB]
2026-01-14T10:50:23.9514741Z Get:36 http://azure.archive.ubuntu.com/ubuntu noble/universe amd64 libsvtav1enc1d1 amd64 1.7.0+dfsg-2build1 [2425 kB]
2026-01-14T10:50:24.0471450Z Get:37 http://azure.archive.ubuntu.com/ubuntu noble/universe amd64 libsoxr0 amd64 0.1.3-4build3 [80.0 kB]
2026-01-14T10:50:24.0716712Z Get:38 http://azure.archive.ubuntu.com/ubuntu noble/universe amd64 libswresample4 amd64 7:6.1.1-3ubuntu5 [63.8 kB]
2026-01-14T10:50:24.1383718Z Get:39 http://azure.archive.ubuntu.com/ubuntu noble/main amd64 libtheora0 amd64 1.1.1+dfsg.1-16.1build3 [211 kB]
2026-01-14T10:50:24.1616115Z Get:40 http://azure.archive.ubuntu.com/ubuntu noble/main amd64 libtwolame0 amd64 0.4.0-2build3 [52.3 kB]
2026-01-14T10:50:24.1851471Z Get:41 http://azure.archive.ubuntu.com/ubuntu noble/main amd64 libvorbisenc2 amd64 1.3.7-1build3 [80.8 kB]
2026-01-14T10:50:24.2086003Z Get:42 http://azure.archive.ubuntu.com/ubuntu noble-updates/main amd64 libvpx9 amd64 1.14.0-1ubuntu2.2 [1143 kB]
2026-01-14T10:50:24.2428861Z Get:43 http://azure.archive.ubuntu.com/ubuntu noble/universe amd64 libx264-164 amd64 2:0.164.3108+git31e19f9-1 [604 kB]
2026-01-14T10:50:24.2807999Z Get:44 http://azure.archive.ubuntu.com/ubuntu noble/universe amd64 libx265-199 amd64 3.5-2build1 [1226 kB]
2026-01-14T10:50:24.3239621Z Get:45 http://azure.archive.ubuntu.com/ubuntu noble/universe amd64 libxvidcore4 amd64 2:1.3.7-1build1 [219 kB]
2026-01-14T10:50:24.3491755Z Get:46 http://azure.archive.ubuntu.com/ubuntu noble/universe amd64 libzvbi-common all 0.2.42-2 [42.4 kB]
2026-01-14T10:50:24.3722803Z Get:47 http://azure.archive.ubuntu.com/ubuntu noble/universe amd64 libzvbi0t64 amd64 0.2.42-2 [261 kB]
2026-01-14T10:50:24.3996244Z Get:48 http://azure.archive.ubuntu.com/ubuntu noble/universe amd64 libavcodec60 amd64 7:6.1.1-3ubuntu5 [5851 kB]
2026-01-14T10:50:24.6742328Z Get:49 http://azure.archive.ubuntu.com/ubuntu noble/universe amd64 libunibreak5 amd64 5.1-2build1 [25.0 kB]
2026-01-14T10:50:24.6964801Z Get:50 http://azure.archive.ubuntu.com/ubuntu noble/universe amd64 libass9 amd64 1:0.17.1-2build1 [104 kB]
2026-01-14T10:50:24.7196942Z Get:51 http://azure.archive.ubuntu.com/ubuntu noble/universe amd64 libudfread0 amd64 1.1.2-1build1 [19.0 kB]
2026-01-14T10:50:24.7431433Z Get:52 http://azure.archive.ubuntu.com/ubuntu noble/universe amd64 libbluray2 amd64 1:1.3.4-1build1 [159 kB]
2026-01-14T10:50:24.7665396Z Get:53 http://azure.archive.ubuntu.com/ubuntu noble/universe amd64 libchromaprint1 amd64 1.5.1-5 [30.5 kB]
2026-01-14T10:50:24.7894416Z Get:54 http://azure.archive.ubuntu.com/ubuntu noble/universe amd64 libgme0 amd64 0.6.3-7build1 [134 kB]
2026-01-14T10:50:24.8141273Z Get:55 http://azure.archive.ubuntu.com/ubuntu noble-updates/main amd64 libmpg123-0t64 amd64 1.32.5-1ubuntu1.1 [169 kB]
2026-01-14T10:50:24.8384088Z Get:56 http://azure.archive.ubuntu.com/ubuntu noble/universe amd64 libopenmpt0t64 amd64 0.7.3-1.1build3 [647 kB]
2026-01-14T10:50:24.8679680Z Get:57 http://azure.archive.ubuntu.com/ubuntu noble/universe amd64 libcjson1 amd64 1.7.17-1 [24.8 kB]
2026-01-14T10:50:24.9391472Z Get:58 http://azure.archive.ubuntu.com/ubuntu noble/universe amd64 libmbedcrypto7t64 amd64 2.28.8-1 [209 kB]
2026-01-14T10:50:24.9643847Z Get:59 http://azure.archive.ubuntu.com/ubuntu noble/universe amd64 librist4 amd64 0.2.10+dfsg-2 [74.9 kB]
2026-01-14T10:50:24.9885163Z Get:60 http://azure.archive.ubuntu.com/ubuntu noble/universe amd64 libsrt1.5-gnutls amd64 1.5.3-1build2 [316 kB]
2026-01-14T10:50:25.0348362Z Get:61 http://azure.archive.ubuntu.com/ubuntu noble-updates/main amd64 libssh-gcrypt-4 amd64 0.10.6-2ubuntu0.2 [224 kB]
2026-01-14T10:50:25.0612343Z Get:62 http://azure.archive.ubuntu.com/ubuntu noble/universe amd64 libavformat60 amd64 7:6.1.1-3ubuntu5 [1153 kB]
2026-01-14T10:50:25.0972498Z Get:63 http://azure.archive.ubuntu.com/ubuntu noble/universe amd64 libbs2b0 amd64 3.1.0+dfsg-7build1 [10.6 kB]
2026-01-14T10:50:25.1200774Z Get:64 http://azure.archive.ubuntu.com/ubuntu noble/universe amd64 libflite1 amd64 2.2-6build3 [13.6 MB]
2026-01-14T10:50:25.3164956Z Get:65 http://azure.archive.ubuntu.com/ubuntu noble/universe amd64 libserd-0-0 amd64 0.32.2-1 [43.6 kB]
2026-01-14T10:50:25.3392288Z Get:66 http://azure.archive.ubuntu.com/ubuntu noble/universe amd64 libzix-0-0 amd64 0.4.2-2build1 [23.6 kB]
2026-01-14T10:50:25.3619838Z Get:67 http://azure.archive.ubuntu.com/ubuntu noble/universe amd64 libsord-0-0 amd64 0.16.16-2build1 [15.8 kB]
2026-01-14T10:50:25.3842969Z Get:68 http://azure.archive.ubuntu.com/ubuntu noble/universe amd64 libsratom-0-0 amd64 0.6.16-1build1 [17.3 kB]
2026-01-14T10:50:25.4072072Z Get:69 http://azure.archive.ubuntu.com/ubuntu noble/universe amd64 liblilv-0-0 amd64 0.24.22-1build1 [41.0 kB]
2026-01-14T10:50:25.4308204Z Get:70 http://azure.archive.ubuntu.com/ubuntu noble/universe amd64 libmysofa1 amd64 1.3.2+dfsg-2ubuntu2 [1158 kB]
2026-01-14T10:50:25.4744779Z Get:71 http://azure.archive.ubuntu.com/ubuntu noble/universe amd64 libplacebo338 amd64 6.338.2-2build1 [2654 kB]
2026-01-14T10:50:25.5279922Z Get:72 http://azure.archive.ubuntu.com/ubuntu noble-updates/main amd64 libblas3 amd64 3.12.0-3build1.1 [238 kB]
2026-01-14T10:50:25.5548916Z Get:73 http://azure.archive.ubuntu.com/ubuntu noble-updates/main amd64 liblapack3 amd64 3.12.0-3build1.1 [2646 kB]
2026-01-14T10:50:25.6381705Z Get:74 http://azure.archive.ubuntu.com/ubuntu noble/main amd64 libasyncns0 amd64 0.8-6build4 [11.3 kB]
2026-01-14T10:50:25.6611251Z Get:75 http://azure.archive.ubuntu.com/ubuntu noble/main amd64 libflac12t64 amd64 1.4.3+ds-2.1ubuntu2 [197 kB]
2026-01-14T10:50:25.7303410Z Get:76 http://azure.archive.ubuntu.com/ubuntu noble-updates/main amd64 libsndfile1 amd64 1.2.2-1ubuntu5.24.04.1 [209 kB]
2026-01-14T10:50:25.7543929Z Get:77 http://azure.archive.ubuntu.com/ubuntu noble-updates/main amd64 libpulse0 amd64 1:16.1+dfsg1-2ubuntu10.1 [292 kB]
2026-01-14T10:50:25.7855433Z Get:78 http://azure.archive.ubuntu.com/ubuntu noble/universe amd64 libsphinxbase3t64 amd64 0.8+5prealpha+1-17build2 [126 kB]
2026-01-14T10:50:25.8092184Z Get:79 http://azure.archive.ubuntu.com/ubuntu noble/universe amd64 libpocketsphinx3 amd64 0.8.0+real5prealpha+1-15ubuntu5 [133 kB]
2026-01-14T10:50:25.8328949Z Get:80 http://azure.archive.ubuntu.com/ubuntu noble/universe amd64 libpostproc57 amd64 7:6.1.1-3ubuntu5 [49.9 kB]
2026-01-14T10:50:25.8555967Z Get:81 http://azure.archive.ubuntu.com/ubuntu noble/main amd64 libsamplerate0 amd64 0.2.2-4build1 [1344 kB]
2026-01-14T10:50:25.9064736Z Get:82 http://azure.archive.ubuntu.com/ubuntu noble/universe amd64 librubberband2 amd64 3.3.0+dfsg-2build1 [130 kB]
2026-01-14T10:50:25.9309510Z Get:83 http://azure.archive.ubuntu.com/ubuntu noble/universe amd64 libswscale7 amd64 7:6.1.1-3ubuntu5 [193 kB]
2026-01-14T10:50:25.9556419Z Get:84 http://azure.archive.ubuntu.com/ubuntu noble/universe amd64 libvidstab1.1 amd64 1.1.0-2build1 [38.5 kB]
2026-01-14T10:50:25.9784375Z Get:85 http://azure.archive.ubuntu.com/ubuntu noble/universe amd64 libzimg2 amd64 3.0.5+ds1-1build1 [254 kB]
2026-01-14T10:50:26.0053597Z Get:86 http://azure.archive.ubuntu.com/ubuntu noble/universe amd64 libavfilter9 amd64 7:6.1.1-3ubuntu5 [4235 kB]
2026-01-14T10:50:26.0948824Z Get:87 http://azure.archive.ubuntu.com/ubuntu noble-updates/main amd64 liborc-0.4-0t64 amd64 1:0.4.38-1ubuntu0.1 [207 kB]
2026-01-14T10:50:26.1194126Z Get:88 http://azure.archive.ubuntu.com/ubuntu noble-updates/main amd64 libgstreamer-plugins-base1.0-0 amd64 1.24.2-1ubuntu0.3 [862 kB]
2026-01-14T10:50:26.1502598Z Get:89 http://azure.archive.ubuntu.com/ubuntu noble/universe amd64 gstreamer1.0-libav amd64 1.24.1-1build1 [103 kB]
2026-01-14T10:50:26.1750747Z Get:90 http://azure.archive.ubuntu.com/ubuntu noble/main amd64 libcdparanoia0 amd64 3.10.2+debian-14build3 [48.5 kB]
2026-01-14T10:50:26.1976621Z Get:91 http://azure.archive.ubuntu.com/ubuntu noble/main amd64 libvisual-0.4-0 amd64 0.4.2-2build1 [115 kB]
2026-01-14T10:50:26.2209217Z Get:92 http://azure.archive.ubuntu.com/ubuntu noble-updates/main amd64 gstreamer1.0-plugins-base amd64 1.24.2-1ubuntu0.3 [721 kB]
2026-01-14T10:50:26.2499103Z Get:93 http://azure.archive.ubuntu.com/ubuntu noble/main amd64 libaa1 amd64 1.4p5-51.1 [49.9 kB]
2026-01-14T10:50:26.2723762Z Get:94 http://azure.archive.ubuntu.com/ubuntu noble/main amd64 libraw1394-11 amd64 2.1.2-2build3 [26.2 kB]
2026-01-14T10:50:26.3382853Z Get:95 http://azure.archive.ubuntu.com/ubuntu noble/main amd64 libavc1394-0 amd64 0.5.4-5build3 [15.4 kB]
2026-01-14T10:50:26.3628349Z Get:96 http://azure.archive.ubuntu.com/ubuntu noble-updates/main amd64 libcaca0 amd64 0.99.beta20-4ubuntu0.1 [209 kB]
2026-01-14T10:50:26.3900877Z Get:97 http://azure.archive.ubuntu.com/ubuntu noble/main amd64 libdv4t64 amd64 1.0.0-17.1build1 [63.2 kB]
2026-01-14T10:50:26.4139975Z Get:98 http://azure.archive.ubuntu.com/ubuntu noble-updates/main amd64 libgstreamer-plugins-good1.0-0 amd64 1.24.2-1ubuntu1.2 [33.0 kB]
2026-01-14T10:50:26.4366566Z Get:99 http://azure.archive.ubuntu.com/ubuntu noble/main amd64 libiec61883-0 amd64 1.2.0-6build1 [24.5 kB]
2026-01-14T10:50:26.4597541Z Get:100 http://azure.archive.ubuntu.com/ubuntu noble/main amd64 libshout3 amd64 2.4.6-1build2 [50.3 kB]
2026-01-14T10:50:26.4832925Z Get:101 http://azure.archive.ubuntu.com/ubuntu noble/main amd64 libtag1v5-vanilla amd64 1.13.1-1build1 [326 kB]
2026-01-14T10:50:26.5133162Z Get:102 http://azure.archive.ubuntu.com/ubuntu noble/main amd64 libtag1v5 amd64 1.13.1-1build1 [11.7 kB]
2026-01-14T10:50:26.5380345Z Get:103 http://azure.archive.ubuntu.com/ubuntu noble/main amd64 libv4lconvert0t64 amd64 1.26.1-4build3 [87.6 kB]
2026-01-14T10:50:26.5617555Z Get:104 http://azure.archive.ubuntu.com/ubuntu noble/main amd64 libv4l-0t64 amd64 1.26.1-4build3 [46.9 kB]
2026-01-14T10:50:26.5841316Z Get:105 http://azure.archive.ubuntu.com/ubuntu noble/main amd64 libwavpack1 amd64 5.6.0-1build1 [84.6 kB]
2026-01-14T10:50:26.6068625Z Get:106 http://azure.archive.ubuntu.com/ubuntu noble-updates/main amd64 libsoup-3.0-common all 3.4.4-5ubuntu0.6 [11.4 kB]
2026-01-14T10:50:26.6292854Z Get:107 http://azure.archive.ubuntu.com/ubuntu noble-updates/main amd64 libsoup-3.0-0 amd64 3.4.4-5ubuntu0.6 [291 kB]
2026-01-14T10:50:26.6542300Z Get:108 http://azure.archive.ubuntu.com/ubuntu noble-updates/main amd64 gstreamer1.0-plugins-good amd64 1.24.2-1ubuntu1.2 [2238 kB]
2026-01-14T10:50:26.6935590Z Get:109 http://azure.archive.ubuntu.com/ubuntu noble-updates/main amd64 libabsl20220623t64 amd64 20220623.1-3.1ubuntu3.2 [423 kB]
2026-01-14T10:50:26.7186052Z Get:110 http://azure.archive.ubuntu.com/ubuntu noble/universe amd64 libgav1-1 amd64 0.18.0-1build3 [357 kB]
2026-01-14T10:50:26.7428649Z Get:111 http://azure.archive.ubuntu.com/ubuntu noble/universe amd64 libyuv0 amd64 0.0~git202401110.af6ac82-1 [178 kB]
2026-01-14T10:50:26.7673942Z Get:112 http://azure.archive.ubuntu.com/ubuntu noble/universe amd64 libavif16 amd64 1.0.4-1ubuntu3 [91.2 kB]
2026-01-14T10:50:26.7901578Z Get:113 http://azure.archive.ubuntu.com/ubuntu noble/universe amd64 libavtp0 amd64 0.2.0-1build1 [6414 B]
2026-01-14T10:50:26.8136631Z Get:114 http://azure.archive.ubuntu.com/ubuntu noble/main amd64 libcairo-script-interpreter2 amd64 1.18.0-3build1 [60.3 kB]
2026-01-14T10:50:26.8358205Z Get:115 http://azure.archive.ubuntu.com/ubuntu noble/universe amd64 libdc1394-25 amd64 2.2.6-4build1 [90.1 kB]
2026-01-14T10:50:26.8588911Z Get:116 http://azure.archive.ubuntu.com/ubuntu noble/main amd64 libdecor-0-0 amd64 0.2.2-1build2 [16.5 kB]
2026-01-14T10:50:26.8812690Z Get:117 http://azure.archive.ubuntu.com/ubuntu noble/main amd64 libgles2 amd64 1.7.0-1build1 [17.1 kB]
2026-01-14T10:50:26.9033822Z Get:118 http://azure.archive.ubuntu.com/ubuntu noble/universe amd64 libdirectfb-1.7-7t64 amd64 1.7.7-11.1ubuntu2 [1035 kB]
2026-01-14T10:50:26.9409313Z Get:119 http://azure.archive.ubuntu.com/ubuntu noble/universe amd64 libdvdread8t64 amd64 6.1.3-1.1build1 [54.7 kB]
2026-01-14T10:50:26.9631097Z Get:120 http://azure.archive.ubuntu.com/ubuntu noble/universe amd64 libdvdnav4 amd64 6.1.1-3build1 [39.5 kB]
2026-01-14T10:50:27.0285577Z Get:121 http://azure.archive.ubuntu.com/ubuntu noble-updates/main amd64 libegl-mesa0 amd64 25.0.7-0ubuntu0.24.04.2 [124 kB]
2026-01-14T10:50:27.0521732Z Get:122 http://azure.archive.ubuntu.com/ubuntu noble/main amd64 libevent-2.1-7t64 amd64 2.1.12-stable-9ubuntu2 [145 kB]
2026-01-14T10:50:27.0807878Z Get:123 http://azure.archive.ubuntu.com/ubuntu noble/universe amd64 libfaad2 amd64 2.11.1-1build1 [207 kB]
2026-01-14T10:50:27.1194104Z Get:124 http://azure.archive.ubuntu.com/ubuntu noble/universe amd64 libinstpatch-1.0-2 amd64 1.1.6-1build2 [251 kB]
2026-01-14T10:50:27.1444879Z Get:125 http://azure.archive.ubuntu.com/ubuntu noble/main amd64 libjack-jackd2-0 amd64 1.9.21~dfsg-3ubuntu3 [289 kB]
2026-01-14T10:50:27.1689711Z Get:126 http://azure.archive.ubuntu.com/ubuntu noble/main amd64 libwebrtc-audio-processing1 amd64 0.3.1-0ubuntu6 [290 kB]
2026-01-14T10:50:27.1950520Z Get:127 http://azure.archive.ubuntu.com/ubuntu noble-updates/main amd64 libspa-0.2-modules amd64 1.0.5-1ubuntu3.2 [627 kB]
2026-01-14T10:50:27.2237561Z Get:128 http://azure.archive.ubuntu.com/ubuntu noble-updates/main amd64 libpipewire-0.3-0t64 amd64 1.0.5-1ubuntu3.2 [252 kB]
2026-01-14T10:50:27.2485702Z Get:129 http://azure.archive.ubuntu.com/ubuntu noble-updates/main amd64 libsdl2-2.0-0 amd64 2.30.0+dfsg-1ubuntu3.1 [686 kB]
2026-01-14T10:50:27.2771640Z Get:130 http://azure.archive.ubuntu.com/ubuntu noble/universe amd64 timgm6mb-soundfont all 1.3-5 [5427 kB]
2026-01-14T10:50:27.3532668Z Get:131 http://azure.archive.ubuntu.com/ubuntu noble/universe amd64 libfluidsynth3 amd64 2.3.4-1build3 [249 kB]
2026-01-14T10:50:27.3770669Z Get:132 http://azure.archive.ubuntu.com/ubuntu noble/main amd64 libfreeaptx0 amd64 0.1.1-2build1 [13.5 kB]
2026-01-14T10:50:27.3992886Z Get:133 http://azure.archive.ubuntu.com/ubuntu noble/main amd64 libgraphene-1.0-0 amd64 1.10.8-3build2 [46.2 kB]
2026-01-14T10:50:27.4251832Z Get:134 http://azure.archive.ubuntu.com/ubuntu noble/main amd64 libgssdp-1.6-0 amd64 1.6.3-1build3 [40.4 kB]
2026-01-14T10:50:27.4513415Z Get:135 http://azure.archive.ubuntu.com/ubuntu noble/main amd64 libegl1 amd64 1.7.0-1build1 [28.7 kB]
2026-01-14T10:50:27.4776933Z Get:136 http://azure.archive.ubuntu.com/ubuntu noble-updates/main amd64 libgstreamer-gl1.0-0 amd64 1.24.2-1ubuntu0.3 [214 kB]
2026-01-14T10:50:27.5051108Z Get:137 http://azure.archive.ubuntu.com/ubuntu noble-updates/main amd64 libgtk-4-common all 4.14.5+ds-0ubuntu0.7 [1496 kB]
2026-01-14T10:50:27.5504167Z Get:138 http://azure.archive.ubuntu.com/ubuntu noble-updates/main amd64 libgtk-4-1 amd64 4.14.5+ds-0ubuntu0.7 [3294 kB]
2026-01-14T10:50:27.6884811Z Get:139 http://azure.archive.ubuntu.com/ubuntu noble/main amd64 libgupnp-1.6-0 amd64 1.6.6-1build3 [92.7 kB]
2026-01-14T10:50:27.7118112Z Get:140 http://azure.archive.ubuntu.com/ubuntu noble/universe amd64 libgupnp-igd-1.6-0 amd64 1.6.0-3build3 [16.5 kB]
2026-01-14T10:50:27.7336338Z Get:141 http://azure.archive.ubuntu.com/ubuntu noble/main amd64 libharfbuzz-icu0 amd64 8.3.0-2build2 [13.3 kB]
2026-01-14T10:50:27.7587599Z Get:142 http://azure.archive.ubuntu.com/ubuntu noble/main amd64 libhyphen0 amd64 2.8.8-7build3 [26.5 kB]
2026-01-14T10:50:27.7809396Z Get:143 http://azure.archive.ubuntu.com/ubuntu noble/universe amd64 libimath-3-1-29t64 amd64 3.1.9-3.1ubuntu2 [72.2 kB]
2026-01-14T10:50:27.8037566Z Get:144 http://azure.archive.ubuntu.com/ubuntu noble/main amd64 liblc3-1 amd64 1.0.4-3build1 [69.7 kB]
2026-01-14T10:50:27.8272651Z Get:145 http://azure.archive.ubuntu.com/ubuntu noble/main amd64 libldacbt-enc2 amd64 2.0.2.3+git20200429+ed310a0-4ubuntu2 [27.1 kB]
2026-01-14T10:50:27.8541331Z Get:146 http://azure.archive.ubuntu.com/ubuntu noble-updates/main amd64 libxslt1.1 amd64 1.1.39-0exp1ubuntu0.24.04.3 [168 kB]
2026-01-14T10:50:27.8816984Z Get:147 http://azure.archive.ubuntu.com/ubuntu noble-updates/main amd64 libraptor2-0 amd64 2.0.16-3ubuntu0.1 [165 kB]
2026-01-14T10:50:27.9127358Z Get:148 http://azure.archive.ubuntu.com/ubuntu noble/universe amd64 liblrdf0 amd64 0.6.1-4build1 [18.5 kB]
2026-01-14T10:50:27.9352804Z Get:149 http://azure.archive.ubuntu.com/ubuntu noble/universe amd64 libltc11 amd64 1.3.2-1build1 [13.0 kB]
2026-01-14T10:50:27.9572454Z Get:150 http://azure.archive.ubuntu.com/ubuntu noble/main amd64 libmanette-0.2-0 amd64 0.2.7-1build2 [30.6 kB]
2026-01-14T10:50:27.9795553Z Get:151 http://azure.archive.ubuntu.com/ubuntu noble/universe amd64 libmfx1 amd64 22.5.4-1 [3124 kB]
2026-01-14T10:50:28.0358762Z Get:152 http://azure.archive.ubuntu.com/ubuntu noble/universe amd64 libmjpegutils-2.1-0t64 amd64 1:2.1.0+debian-8.1build1 [25.5 kB]
2026-01-14T10:50:28.0580506Z Get:153 http://azure.archive.ubuntu.com/ubuntu noble/universe amd64 libmodplug1 amd64 1:0.8.9.0-3build1 [166 kB]
2026-01-14T10:50:28.0859635Z Get:154 http://azure.archive.ubuntu.com/ubuntu noble/universe amd64 libmpcdec6 amd64 2:0.1~r495-2build1 [32.7 kB]
2026-01-14T10:50:28.1121698Z Get:155 http://azure.archive.ubuntu.com/ubuntu noble/universe amd64 libmpeg2encpp-2.1-0t64 amd64 1:2.1.0+debian-8.1build1 [75.6 kB]
2026-01-14T10:50:28.1343684Z Get:156 http://azure.archive.ubuntu.com/ubuntu noble/universe amd64 libmplex2-2.1-0t64 amd64 1:2.1.0+debian-8.1build1 [46.1 kB]
2026-01-14T10:50:28.1568747Z Get:157 http://azure.archive.ubuntu.com/ubuntu noble/universe amd64 libneon27t64 amd64 0.33.0-1.1build3 [102 kB]
2026-01-14T10:50:28.2529640Z Get:158 http://azure.archive.ubuntu.com/ubuntu noble/universe amd64 libnice10 amd64 0.1.21-2build3 [157 kB]
2026-01-14T10:50:28.3495538Z Get:159 http://azure.archive.ubuntu.com/ubuntu noble/universe amd64 libopenal-data all 1:1.23.1-4build1 [161 kB]
2026-01-14T10:50:28.3841849Z Get:160 http://azure.archive.ubuntu.com/ubuntu noble/universe amd64 libopenexr-3-1-30 amd64 3.1.5-5.1build3 [1004 kB]
2026-01-14T10:50:28.4263913Z Get:161 http://azure.archive.ubuntu.com/ubuntu noble/universe amd64 libopenh264-7 amd64 2.4.1+dfsg-1 [409 kB]
2026-01-14T10:50:28.4572202Z Get:162 http://azure.archive.ubuntu.com/ubuntu noble/universe amd64 libopenni2-0 amd64 2.2.0.33+dfsg-18 [370 kB]
2026-01-14T10:50:28.4894243Z Get:163 http://azure.archive.ubuntu.com/ubuntu noble/universe amd64 libqrencode4 amd64 4.1.1-1build2 [25.0 kB]
2026-01-14T10:50:28.5131974Z Get:164 http://azure.archive.ubuntu.com/ubuntu noble/main amd64 libsecret-common all 0.21.4-1build3 [4962 B]
2026-01-14T10:50:28.5351314Z Get:165 http://azure.archive.ubuntu.com/ubuntu noble/main amd64 libsecret-1-0 amd64 0.21.4-1build3 [116 kB]
2026-01-14T10:50:28.5645431Z Get:166 http://azure.archive.ubuntu.com/ubuntu noble/universe amd64 libsndio7.0 amd64 1.9.0-0.3build3 [29.6 kB]
2026-01-14T10:50:28.5925708Z Get:167 http://azure.archive.ubuntu.com/ubuntu noble/universe amd64 libsoundtouch1 amd64 2.3.2+ds1-1build1 [60.5 kB]
2026-01-14T10:50:28.6199676Z Get:168 http://azure.archive.ubuntu.com/ubuntu noble/universe amd64 libspandsp2t64 amd64 0.0.6+dfsg-2.1build1 [311 kB]
2026-01-14T10:50:28.6564730Z Get:169 http://azure.archive.ubuntu.com/ubuntu noble/universe amd64 libsrtp2-1 amd64 2.5.0-3build1 [41.9 kB]
2026-01-14T10:50:28.6849409Z Get:170 http://azure.archive.ubuntu.com/ubuntu noble-updates/main amd64 libssh-4 amd64 0.10.6-2ubuntu0.2 [188 kB]
2026-01-14T10:50:28.7200821Z Get:171 http://azure.archive.ubuntu.com/ubuntu noble/universe amd64 libwildmidi2 amd64 0.4.3-1build3 [68.5 kB]
2026-01-14T10:50:28.7500966Z Get:172 http://azure.archive.ubuntu.com/ubuntu noble/main amd64 libwoff1 amd64 1.0.2-2build1 [45.3 kB]
2026-01-14T10:50:28.7790050Z Get:173 http://azure.archive.ubuntu.com/ubuntu noble/main amd64 libxcb-xkb1 amd64 1.15-1ubuntu2 [32.3 kB]
2026-01-14T10:50:28.8020454Z Get:174 http://azure.archive.ubuntu.com/ubuntu noble/main amd64 libxkbcommon-x11-0 amd64 1.6.0-1build1 [14.5 kB]
2026-01-14T10:50:28.8239639Z Get:175 http://azure.archive.ubuntu.com/ubuntu noble/universe amd64 libzbar0t64 amd64 0.23.93-4build3 [123 kB]
2026-01-14T10:50:28.8883288Z Get:176 http://azure.archive.ubuntu.com/ubuntu noble/universe amd64 libzxing3 amd64 2.2.1-3 [583 kB]
2026-01-14T10:50:28.9189278Z Get:177 http://azure.archive.ubuntu.com/ubuntu noble/main amd64 xfonts-encodings all 1:1.0.5-0ubuntu2 [578 kB]
2026-01-14T10:50:28.9502950Z Get:178 http://azure.archive.ubuntu.com/ubuntu noble/main amd64 xfonts-utils amd64 1:7.7+6build3 [94.4 kB]
2026-01-14T10:50:28.9728760Z Get:179 http://azure.archive.ubuntu.com/ubuntu noble/universe amd64 xfonts-cyrillic all 1:1.0.5+nmu1 [384 kB]
2026-01-14T10:50:29.0057613Z Get:180 http://azure.archive.ubuntu.com/ubuntu noble/main amd64 xfonts-scalable all 1:1.0.3-1.3 [304 kB]
2026-01-14T10:50:29.0326554Z Get:181 http://azure.archive.ubuntu.com/ubuntu noble/universe amd64 libgstreamer-plugins-bad1.0-0 amd64 1.24.2-1ubuntu4 [797 kB]
2026-01-14T10:50:29.0737897Z Get:182 http://azure.archive.ubuntu.com/ubuntu noble/universe amd64 libdca0 amd64 0.0.7-2build1 [93.8 kB]
2026-01-14T10:50:29.0969290Z Get:183 http://azure.archive.ubuntu.com/ubuntu noble/universe amd64 libopenal1 amd64 1:1.23.1-4build1 [540 kB]
2026-01-14T10:50:29.1235326Z Get:184 http://azure.archive.ubuntu.com/ubuntu noble/main amd64 libsbc1 amd64 2.0-1build1 [33.9 kB]
2026-01-14T10:50:29.1464007Z Get:185 http://azure.archive.ubuntu.com/ubuntu noble/universe amd64 libvo-aacenc0 amd64 0.1.3-2build1 [67.8 kB]
2026-01-14T10:50:29.1686765Z Get:186 http://azure.archive.ubuntu.com/ubuntu noble/universe amd64 libvo-amrwbenc0 amd64 0.1.3-2build1 [76.7 kB]
2026-01-14T10:50:29.1921764Z Get:187 http://azure.archive.ubuntu.com/ubuntu noble/universe amd64 gstreamer1.0-plugins-bad amd64 1.24.2-1ubuntu4 [3081 kB]
2026-01-14T10:50:29.6625499Z Fetched 116 MB in 7s (17.7 MB/s)
2026-01-14T10:50:29.6900881Z Selecting previously unselected package fonts-ipafont-gothic.
2026-01-14T10:50:29.7164753Z (Reading database ... 
2026-01-14T10:50:29.7165218Z (Reading database ... 5%
2026-01-14T10:50:29.7165644Z (Reading database ... 10%
2026-01-14T10:50:29.7165984Z (Reading database ... 15%
2026-01-14T10:50:29.7166224Z (Reading database ... 20%
2026-01-14T10:50:29.7166445Z (Reading database ... 25%
2026-01-14T10:50:29.7166668Z (Reading database ... 30%
2026-01-14T10:50:29.7166879Z (Reading database ... 35%
2026-01-14T10:50:29.7167253Z (Reading database ... 40%
2026-01-14T10:50:29.7167610Z (Reading database ... 45%
2026-01-14T10:50:29.7167993Z (Reading database ... 50%
2026-01-14T10:50:29.7238930Z (Reading database ... 55%
2026-01-14T10:50:29.8304067Z (Reading database ... 60%
2026-01-14T10:50:29.9400732Z (Reading database ... 65%
2026-01-14T10:50:29.9705504Z (Reading database ... 70%
2026-01-14T10:50:30.0016310Z (Reading database ... 75%
2026-01-14T10:50:30.1271755Z (Reading database ... 80%
2026-01-14T10:50:30.2830957Z (Reading database ... 85%
2026-01-14T10:50:30.4555543Z (Reading database ... 90%
2026-01-14T10:50:30.5811549Z (Reading database ... 95%
2026-01-14T10:50:30.5812072Z (Reading database ... 100%
2026-01-14T10:50:30.5812733Z (Reading database ... 217518 files and directories currently installed.)
2026-01-14T10:50:30.5857687Z Preparing to unpack .../000-fonts-ipafont-gothic_00303-21ubuntu1_all.deb ...
2026-01-14T10:50:30.5945024Z Unpacking fonts-ipafont-gothic (00303-21ubuntu1) ...
2026-01-14T10:50:30.8338322Z Preparing to unpack .../001-libglib2.0-data_2.80.0-6ubuntu3.6_all.deb ...
2026-01-14T10:50:30.8357702Z Unpacking libglib2.0-data (2.80.0-6ubuntu3.6) over (2.80.0-6ubuntu3.4) ...
2026-01-14T10:50:30.8749978Z Preparing to unpack .../002-libglib2.0-bin_2.80.0-6ubuntu3.6_amd64.deb ...
2026-01-14T10:50:30.8773598Z Unpacking libglib2.0-bin (2.80.0-6ubuntu3.6) over (2.80.0-6ubuntu3.4) ...
2026-01-14T10:50:30.9436042Z Preparing to unpack .../003-gir1.2-glib-2.0_2.80.0-6ubuntu3.6_amd64.deb ...
2026-01-14T10:50:30.9456912Z Unpacking gir1.2-glib-2.0:amd64 (2.80.0-6ubuntu3.6) over (2.80.0-6ubuntu3.4) ...
2026-01-14T10:50:30.9854753Z Preparing to unpack .../004-libglib2.0-0t64_2.80.0-6ubuntu3.6_amd64.deb ...
2026-01-14T10:50:30.9921754Z Unpacking libglib2.0-0t64:amd64 (2.80.0-6ubuntu3.6) over (2.80.0-6ubuntu3.4) ...
2026-01-14T10:50:31.0527817Z Preparing to unpack .../005-libpng16-16t64_1.6.43-5ubuntu0.1_amd64.deb ...
2026-01-14T10:50:31.0567690Z Unpacking libpng16-16t64:amd64 (1.6.43-5ubuntu0.1) over (1.6.43-5build1) ...
2026-01-14T10:50:31.2721557Z Selecting previously unselected package fonts-freefont-ttf.
2026-01-14T10:50:31.2857297Z Preparing to unpack .../006-fonts-freefont-ttf_20211204+svn4273-2_all.deb ...
2026-01-14T10:50:31.2866831Z Unpacking fonts-freefont-ttf (20211204+svn4273-2) ...
2026-01-14T10:50:31.3676226Z Selecting previously unselected package fonts-tlwg-loma-otf.
2026-01-14T10:50:31.3815672Z Preparing to unpack .../007-fonts-tlwg-loma-otf_1%3a0.7.3-1_all.deb ...
2026-01-14T10:50:31.3824107Z Unpacking fonts-tlwg-loma-otf (1:0.7.3-1) ...
2026-01-14T10:50:31.4028400Z Selecting previously unselected package fonts-unifont.
2026-01-14T10:50:31.4165669Z Preparing to unpack .../008-fonts-unifont_1%3a15.1.01-1build1_all.deb ...
2026-01-14T10:50:31.4172812Z Unpacking fonts-unifont (1:15.1.01-1build1) ...
2026-01-14T10:50:31.5328688Z Selecting previously unselected package fonts-wqy-zenhei.
2026-01-14T10:50:31.5466430Z Preparing to unpack .../009-fonts-wqy-zenhei_0.9.45-8_all.deb ...
2026-01-14T10:50:31.5565197Z Unpacking fonts-wqy-zenhei (0.9.45-8) ...
2026-01-14T10:50:32.0151906Z Selecting previously unselected package libproxy1v5:amd64.
2026-01-14T10:50:32.0285944Z Preparing to unpack .../010-libproxy1v5_0.5.4-4build1_amd64.deb ...
2026-01-14T10:50:32.0294082Z Unpacking libproxy1v5:amd64 (0.5.4-4build1) ...
2026-01-14T10:50:32.0489205Z Selecting previously unselected package glib-networking-common.
2026-01-14T10:50:32.0622686Z Preparing to unpack .../011-glib-networking-common_2.80.0-1build1_all.deb ...
2026-01-14T10:50:32.0630551Z Unpacking glib-networking-common (2.80.0-1build1) ...
2026-01-14T10:50:32.0821382Z Selecting previously unselected package glib-networking-services.
2026-01-14T10:50:32.0952788Z Preparing to unpack .../012-glib-networking-services_2.80.0-1build1_amd64.deb ...
2026-01-14T10:50:32.0960259Z Unpacking glib-networking-services (2.80.0-1build1) ...
2026-01-14T10:50:32.1162196Z Selecting previously unselected package session-migration.
2026-01-14T10:50:32.1292832Z Preparing to unpack .../013-session-migration_0.3.9build1_amd64.deb ...
2026-01-14T10:50:32.1300102Z Unpacking session-migration (0.3.9build1) ...
2026-01-14T10:50:32.1551377Z Selecting previously unselected package gsettings-desktop-schemas.
2026-01-14T10:50:32.1681042Z Preparing to unpack .../014-gsettings-desktop-schemas_46.1-0ubuntu1_all.deb ...
2026-01-14T10:50:32.1688602Z Unpacking gsettings-desktop-schemas (46.1-0ubuntu1) ...
2026-01-14T10:50:32.1941601Z Selecting previously unselected package glib-networking:amd64.
2026-01-14T10:50:32.2069665Z Preparing to unpack .../015-glib-networking_2.80.0-1build1_amd64.deb ...
2026-01-14T10:50:32.2078096Z Unpacking glib-networking:amd64 (2.80.0-1build1) ...
2026-01-14T10:50:32.2288870Z Selecting previously unselected package libva2:amd64.
2026-01-14T10:50:32.2415183Z Preparing to unpack .../016-libva2_2.20.0-2build1_amd64.deb ...
2026-01-14T10:50:32.2423367Z Unpacking libva2:amd64 (2.20.0-2build1) ...
2026-01-14T10:50:32.2629239Z Selecting previously unselected package libva-drm2:amd64.
2026-01-14T10:50:32.2754148Z Preparing to unpack .../017-libva-drm2_2.20.0-2build1_amd64.deb ...
2026-01-14T10:50:32.2762263Z Unpacking libva-drm2:amd64 (2.20.0-2build1) ...
2026-01-14T10:50:32.2959856Z Selecting previously unselected package libva-x11-2:amd64.
2026-01-14T10:50:32.3084443Z Preparing to unpack .../018-libva-x11-2_2.20.0-2build1_amd64.deb ...
2026-01-14T10:50:32.3092847Z Unpacking libva-x11-2:amd64 (2.20.0-2build1) ...
2026-01-14T10:50:32.3293061Z Selecting previously unselected package libvdpau1:amd64.
2026-01-14T10:50:32.3418056Z Preparing to unpack .../019-libvdpau1_1.5-2build1_amd64.deb ...
2026-01-14T10:50:32.3426087Z Unpacking libvdpau1:amd64 (1.5-2build1) ...
2026-01-14T10:50:32.3634567Z Selecting previously unselected package libvpl2.
2026-01-14T10:50:32.3759264Z Preparing to unpack .../020-libvpl2_2023.3.0-1build1_amd64.deb ...
2026-01-14T10:50:32.3767342Z Unpacking libvpl2 (2023.3.0-1build1) ...
2026-01-14T10:50:32.3984434Z Selecting previously unselected package ocl-icd-libopencl1:amd64.
2026-01-14T10:50:32.4109923Z Preparing to unpack .../021-ocl-icd-libopencl1_2.3.2-1build1_amd64.deb ...
2026-01-14T10:50:32.4117335Z Unpacking ocl-icd-libopencl1:amd64 (2.3.2-1build1) ...
2026-01-14T10:50:32.4347863Z Selecting previously unselected package libavutil58:amd64.
2026-01-14T10:50:32.4474824Z Preparing to unpack .../022-libavutil58_7%3a6.1.1-3ubuntu5_amd64.deb ...
2026-01-14T10:50:32.4484227Z Unpacking libavutil58:amd64 (7:6.1.1-3ubuntu5) ...
2026-01-14T10:50:32.4727584Z Selecting previously unselected package libcodec2-1.2:amd64.
2026-01-14T10:50:32.4855455Z Preparing to unpack .../023-libcodec2-1.2_1.2.0-2build1_amd64.deb ...
2026-01-14T10:50:32.4863446Z Unpacking libcodec2-1.2:amd64 (1.2.0-2build1) ...
2026-01-14T10:50:32.5643065Z Selecting previously unselected package libdav1d7:amd64.
2026-01-14T10:50:32.5777615Z Preparing to unpack .../024-libdav1d7_1.4.1-1build1_amd64.deb ...
2026-01-14T10:50:32.5785093Z Unpacking libdav1d7:amd64 (1.4.1-1build1) ...
2026-01-14T10:50:32.6059411Z Selecting previously unselected package libgsm1:amd64.
2026-01-14T10:50:32.6194347Z Preparing to unpack .../025-libgsm1_1.0.22-1build1_amd64.deb ...
2026-01-14T10:50:32.6203202Z Unpacking libgsm1:amd64 (1.0.22-1build1) ...
2026-01-14T10:50:32.6409417Z Selecting previously unselected package libhwy1t64:amd64.
2026-01-14T10:50:32.6541287Z Preparing to unpack .../026-libhwy1t64_1.0.7-8.1build1_amd64.deb ...
2026-01-14T10:50:32.6549720Z Unpacking libhwy1t64:amd64 (1.0.7-8.1build1) ...
2026-01-14T10:50:32.6867534Z Selecting previously unselected package libjxl0.7:amd64.
2026-01-14T10:50:32.6999174Z Preparing to unpack .../027-libjxl0.7_0.7.0-10.2ubuntu6.1_amd64.deb ...
2026-01-14T10:50:32.7007508Z Unpacking libjxl0.7:amd64 (0.7.0-10.2ubuntu6.1) ...
2026-01-14T10:50:32.7347556Z Selecting previously unselected package libmp3lame0:amd64.
2026-01-14T10:50:32.7479112Z Preparing to unpack .../028-libmp3lame0_3.100-6build1_amd64.deb ...
2026-01-14T10:50:32.7487631Z Unpacking libmp3lame0:amd64 (3.100-6build1) ...
2026-01-14T10:50:32.7700511Z Selecting previously unselected package libopus0:amd64.
2026-01-14T10:50:32.7830839Z Preparing to unpack .../029-libopus0_1.4-1build1_amd64.deb ...
2026-01-14T10:50:32.7838104Z Unpacking libopus0:amd64 (1.4-1build1) ...
2026-01-14T10:50:32.8054370Z Selecting previously unselected package librav1e0:amd64.
2026-01-14T10:50:32.8183760Z Preparing to unpack .../030-librav1e0_0.7.1-2_amd64.deb ...
2026-01-14T10:50:32.8192409Z Unpacking librav1e0:amd64 (0.7.1-2) ...
2026-01-14T10:50:32.8519617Z Selecting previously unselected package librsvg2-2:amd64.
2026-01-14T10:50:32.8649256Z Preparing to unpack .../031-librsvg2-2_2.58.0+dfsg-1build1_amd64.deb ...
2026-01-14T10:50:32.8656582Z Unpacking librsvg2-2:amd64 (2.58.0+dfsg-1build1) ...
2026-01-14T10:50:32.9127990Z Selecting previously unselected package libshine3:amd64.
2026-01-14T10:50:32.9261043Z Preparing to unpack .../032-libshine3_3.1.1-2build1_amd64.deb ...
2026-01-14T10:50:32.9269160Z Unpacking libshine3:amd64 (3.1.1-2build1) ...
2026-01-14T10:50:32.9468229Z Selecting previously unselected package libspeex1:amd64.
2026-01-14T10:50:32.9599895Z Preparing to unpack .../033-libspeex1_1.2.1-2ubuntu2.24.04.1_amd64.deb ...
2026-01-14T10:50:32.9608028Z Unpacking libspeex1:amd64 (1.2.1-2ubuntu2.24.04.1) ...
2026-01-14T10:50:32.9814361Z Selecting previously unselected package libsvtav1enc1d1:amd64.
2026-01-14T10:50:32.9944061Z Preparing to unpack .../034-libsvtav1enc1d1_1.7.0+dfsg-2build1_amd64.deb ...
2026-01-14T10:50:32.9951164Z Unpacking libsvtav1enc1d1:amd64 (1.7.0+dfsg-2build1) ...
2026-01-14T10:50:33.0468380Z Selecting previously unselected package libsoxr0:amd64.
2026-01-14T10:50:33.0602353Z Preparing to unpack .../035-libsoxr0_0.1.3-4build3_amd64.deb ...
2026-01-14T10:50:33.0617306Z Unpacking libsoxr0:amd64 (0.1.3-4build3) ...
2026-01-14T10:50:33.0827895Z Selecting previously unselected package libswresample4:amd64.
2026-01-14T10:50:33.0959501Z Preparing to unpack .../036-libswresample4_7%3a6.1.1-3ubuntu5_amd64.deb ...
2026-01-14T10:50:33.0967771Z Unpacking libswresample4:amd64 (7:6.1.1-3ubuntu5) ...
2026-01-14T10:50:33.1178047Z Selecting previously unselected package libtheora0:amd64.
2026-01-14T10:50:33.1308115Z Preparing to unpack .../037-libtheora0_1.1.1+dfsg.1-16.1build3_amd64.deb ...
2026-01-14T10:50:33.1315365Z Unpacking libtheora0:amd64 (1.1.1+dfsg.1-16.1build3) ...
2026-01-14T10:50:33.1548674Z Selecting previously unselected package libtwolame0:amd64.
2026-01-14T10:50:33.1677965Z Preparing to unpack .../038-libtwolame0_0.4.0-2build3_amd64.deb ...
2026-01-14T10:50:33.1685348Z Unpacking libtwolame0:amd64 (0.4.0-2build3) ...
2026-01-14T10:50:33.1886136Z Selecting previously unselected package libvorbisenc2:amd64.
2026-01-14T10:50:33.2014184Z Preparing to unpack .../039-libvorbisenc2_1.3.7-1build3_amd64.deb ...
2026-01-14T10:50:33.2023334Z Unpacking libvorbisenc2:amd64 (1.3.7-1build3) ...
2026-01-14T10:50:33.2243832Z Selecting previously unselected package libvpx9:amd64.
2026-01-14T10:50:33.2371121Z Preparing to unpack .../040-libvpx9_1.14.0-1ubuntu2.2_amd64.deb ...
2026-01-14T10:50:33.2378816Z Unpacking libvpx9:amd64 (1.14.0-1ubuntu2.2) ...
2026-01-14T10:50:33.2714086Z Selecting previously unselected package libx264-164:amd64.
2026-01-14T10:50:33.2844021Z Preparing to unpack .../041-libx264-164_2%3a0.164.3108+git31e19f9-1_amd64.deb ...
2026-01-14T10:50:33.2851877Z Unpacking libx264-164:amd64 (2:0.164.3108+git31e19f9-1) ...
2026-01-14T10:50:33.3131157Z Selecting previously unselected package libx265-199:amd64.
2026-01-14T10:50:33.3259578Z Preparing to unpack .../042-libx265-199_3.5-2build1_amd64.deb ...
2026-01-14T10:50:33.3281507Z Unpacking libx265-199:amd64 (3.5-2build1) ...
2026-01-14T10:50:33.3979436Z Selecting previously unselected package libxvidcore4:amd64.
2026-01-14T10:50:33.4114350Z Preparing to unpack .../043-libxvidcore4_2%3a1.3.7-1build1_amd64.deb ...
2026-01-14T10:50:33.4121722Z Unpacking libxvidcore4:amd64 (2:1.3.7-1build1) ...
2026-01-14T10:50:33.4340534Z Selecting previously unselected package libzvbi-common.
2026-01-14T10:50:33.4474449Z Preparing to unpack .../044-libzvbi-common_0.2.42-2_all.deb ...
2026-01-14T10:50:33.4483497Z Unpacking libzvbi-common (0.2.42-2) ...
2026-01-14T10:50:33.4861459Z Selecting previously unselected package libzvbi0t64:amd64.
2026-01-14T10:50:33.4993450Z Preparing to unpack .../045-libzvbi0t64_0.2.42-2_amd64.deb ...
2026-01-14T10:50:33.5001754Z Unpacking libzvbi0t64:amd64 (0.2.42-2) ...
2026-01-14T10:50:33.6280330Z Selecting previously unselected package libavcodec60:amd64.
2026-01-14T10:50:33.6411601Z Preparing to unpack .../046-libavcodec60_7%3a6.1.1-3ubuntu5_amd64.deb ...
2026-01-14T10:50:33.6419500Z Unpacking libavcodec60:amd64 (7:6.1.1-3ubuntu5) ...
2026-01-14T10:50:33.7275418Z Selecting previously unselected package libunibreak5:amd64.
2026-01-14T10:50:33.7409830Z Preparing to unpack .../047-libunibreak5_5.1-2build1_amd64.deb ...
2026-01-14T10:50:33.7417528Z Unpacking libunibreak5:amd64 (5.1-2build1) ...
2026-01-14T10:50:33.7621876Z Selecting previously unselected package libass9:amd64.
2026-01-14T10:50:33.7755125Z Preparing to unpack .../048-libass9_1%3a0.17.1-2build1_amd64.deb ...
2026-01-14T10:50:33.7763521Z Unpacking libass9:amd64 (1:0.17.1-2build1) ...
2026-01-14T10:50:33.7975448Z Selecting previously unselected package libudfread0:amd64.
2026-01-14T10:50:33.8106245Z Preparing to unpack .../049-libudfread0_1.1.2-1build1_amd64.deb ...
2026-01-14T10:50:33.8113785Z Unpacking libudfread0:amd64 (1.1.2-1build1) ...
2026-01-14T10:50:33.8317917Z Selecting previously unselected package libbluray2:amd64.
2026-01-14T10:50:33.8446019Z Preparing to unpack .../050-libbluray2_1%3a1.3.4-1build1_amd64.deb ...
2026-01-14T10:50:33.8453978Z Unpacking libbluray2:amd64 (1:1.3.4-1build1) ...
2026-01-14T10:50:33.8681814Z Selecting previously unselected package libchromaprint1:amd64.
2026-01-14T10:50:33.8810551Z Preparing to unpack .../051-libchromaprint1_1.5.1-5_amd64.deb ...
2026-01-14T10:50:33.8819447Z Unpacking libchromaprint1:amd64 (1.5.1-5) ...
2026-01-14T10:50:33.9020005Z Selecting previously unselected package libgme0:amd64.
2026-01-14T10:50:33.9148150Z Preparing to unpack .../052-libgme0_0.6.3-7build1_amd64.deb ...
2026-01-14T10:50:33.9156328Z Unpacking libgme0:amd64 (0.6.3-7build1) ...
2026-01-14T10:50:33.9370221Z Selecting previously unselected package libmpg123-0t64:amd64.
2026-01-14T10:50:33.9497789Z Preparing to unpack .../053-libmpg123-0t64_1.32.5-1ubuntu1.1_amd64.deb ...
2026-01-14T10:50:33.9507403Z Unpacking libmpg123-0t64:amd64 (1.32.5-1ubuntu1.1) ...
2026-01-14T10:50:33.9732590Z Selecting previously unselected package libopenmpt0t64:amd64.
2026-01-14T10:50:33.9861187Z Preparing to unpack .../054-libopenmpt0t64_0.7.3-1.1build3_amd64.deb ...
2026-01-14T10:50:33.9870097Z Unpacking libopenmpt0t64:amd64 (0.7.3-1.1build3) ...
2026-01-14T10:50:34.0138279Z Selecting previously unselected package libcjson1:amd64.
2026-01-14T10:50:34.0267142Z Preparing to unpack .../055-libcjson1_1.7.17-1_amd64.deb ...
2026-01-14T10:50:34.0275600Z Unpacking libcjson1:amd64 (1.7.17-1) ...
2026-01-14T10:50:34.0478803Z Selecting previously unselected package libmbedcrypto7t64:amd64.
2026-01-14T10:50:34.0607812Z Preparing to unpack .../056-libmbedcrypto7t64_2.28.8-1_amd64.deb ...
2026-01-14T10:50:34.0617114Z Unpacking libmbedcrypto7t64:amd64 (2.28.8-1) ...
2026-01-14T10:50:34.0840456Z Selecting previously unselected package librist4:amd64.
2026-01-14T10:50:34.0967989Z Preparing to unpack .../057-librist4_0.2.10+dfsg-2_amd64.deb ...
2026-01-14T10:50:34.0976708Z Unpacking librist4:amd64 (0.2.10+dfsg-2) ...
2026-01-14T10:50:34.1193121Z Selecting previously unselected package libsrt1.5-gnutls:amd64.
2026-01-14T10:50:34.1320329Z Preparing to unpack .../058-libsrt1.5-gnutls_1.5.3-1build2_amd64.deb ...
2026-01-14T10:50:34.1327662Z Unpacking libsrt1.5-gnutls:amd64 (1.5.3-1build2) ...
2026-01-14T10:50:34.1563084Z Selecting previously unselected package libssh-gcrypt-4:amd64.
2026-01-14T10:50:34.1690410Z Preparing to unpack .../059-libssh-gcrypt-4_0.10.6-2ubuntu0.2_amd64.deb ...
2026-01-14T10:50:34.1698617Z Unpacking libssh-gcrypt-4:amd64 (0.10.6-2ubuntu0.2) ...
2026-01-14T10:50:34.1927216Z Selecting previously unselected package libavformat60:amd64.
2026-01-14T10:50:34.2054009Z Preparing to unpack .../060-libavformat60_7%3a6.1.1-3ubuntu5_amd64.deb ...
2026-01-14T10:50:34.2062368Z Unpacking libavformat60:amd64 (7:6.1.1-3ubuntu5) ...
2026-01-14T10:50:34.2376395Z Selecting previously unselected package libbs2b0:amd64.
2026-01-14T10:50:34.2506094Z Preparing to unpack .../061-libbs2b0_3.1.0+dfsg-7build1_amd64.deb ...
2026-01-14T10:50:34.2513560Z Unpacking libbs2b0:amd64 (3.1.0+dfsg-7build1) ...
2026-01-14T10:50:34.2732588Z Selecting previously unselected package libflite1:amd64.
2026-01-14T10:50:34.2861662Z Preparing to unpack .../062-libflite1_2.2-6build3_amd64.deb ...
2026-01-14T10:50:34.2869526Z Unpacking libflite1:amd64 (2.2-6build3) ...
2026-01-14T10:50:34.4000252Z Selecting previously unselected package libserd-0-0:amd64.
2026-01-14T10:50:34.4134813Z Preparing to unpack .../063-libserd-0-0_0.32.2-1_amd64.deb ...
2026-01-14T10:50:34.4143212Z Unpacking libserd-0-0:amd64 (0.32.2-1) ...
2026-01-14T10:50:34.4347476Z Selecting previously unselected package libzix-0-0:amd64.
2026-01-14T10:50:34.4481293Z Preparing to unpack .../064-libzix-0-0_0.4.2-2build1_amd64.deb ...
2026-01-14T10:50:34.4490672Z Unpacking libzix-0-0:amd64 (0.4.2-2build1) ...
2026-01-14T10:50:34.4689700Z Selecting previously unselected package libsord-0-0:amd64.
2026-01-14T10:50:34.4838014Z Preparing to unpack .../065-libsord-0-0_0.16.16-2build1_amd64.deb ...
2026-01-14T10:50:34.4845554Z Unpacking libsord-0-0:amd64 (0.16.16-2build1) ...
2026-01-14T10:50:34.5044187Z Selecting previously unselected package libsratom-0-0:amd64.
2026-01-14T10:50:34.5175830Z Preparing to unpack .../066-libsratom-0-0_0.6.16-1build1_amd64.deb ...
2026-01-14T10:50:34.5183429Z Unpacking libsratom-0-0:amd64 (0.6.16-1build1) ...
2026-01-14T10:50:34.5378167Z Selecting previously unselected package liblilv-0-0:amd64.
2026-01-14T10:50:34.5508120Z Preparing to unpack .../067-liblilv-0-0_0.24.22-1build1_amd64.deb ...
2026-01-14T10:50:34.5516175Z Unpacking liblilv-0-0:amd64 (0.24.22-1build1) ...
2026-01-14T10:50:34.5715748Z Selecting previously unselected package libmysofa1:amd64.
2026-01-14T10:50:34.5845560Z Preparing to unpack .../068-libmysofa1_1.3.2+dfsg-2ubuntu2_amd64.deb ...
2026-01-14T10:50:34.5853644Z Unpacking libmysofa1:amd64 (1.3.2+dfsg-2ubuntu2) ...
2026-01-14T10:50:34.6101200Z Selecting previously unselected package libplacebo338:amd64.
2026-01-14T10:50:34.6229580Z Preparing to unpack .../069-libplacebo338_6.338.2-2build1_amd64.deb ...
2026-01-14T10:50:34.6236979Z Unpacking libplacebo338:amd64 (6.338.2-2build1) ...
2026-01-14T10:50:34.6824695Z Selecting previously unselected package libblas3:amd64.
2026-01-14T10:50:34.6957607Z Preparing to unpack .../070-libblas3_3.12.0-3build1.1_amd64.deb ...
2026-01-14T10:50:34.6988242Z Unpacking libblas3:amd64 (3.12.0-3build1.1) ...
2026-01-14T10:50:34.7261438Z Selecting previously unselected package liblapack3:amd64.
2026-01-14T10:50:34.7393145Z Preparing to unpack .../071-liblapack3_3.12.0-3build1.1_amd64.deb ...
2026-01-14T10:50:34.7422631Z Unpacking liblapack3:amd64 (3.12.0-3build1.1) ...
2026-01-14T10:50:34.7933400Z Selecting previously unselected package libasyncns0:amd64.
2026-01-14T10:50:34.8066462Z Preparing to unpack .../072-libasyncns0_0.8-6build4_amd64.deb ...
2026-01-14T10:50:34.8074562Z Unpacking libasyncns0:amd64 (0.8-6build4) ...
2026-01-14T10:50:34.8270532Z Selecting previously unselected package libflac12t64:amd64.
2026-01-14T10:50:34.8402534Z Preparing to unpack .../073-libflac12t64_1.4.3+ds-2.1ubuntu2_amd64.deb ...
2026-01-14T10:50:34.8410766Z Unpacking libflac12t64:amd64 (1.4.3+ds-2.1ubuntu2) ...
2026-01-14T10:50:34.8650530Z Selecting previously unselected package libsndfile1:amd64.
2026-01-14T10:50:34.8781781Z Preparing to unpack .../074-libsndfile1_1.2.2-1ubuntu5.24.04.1_amd64.deb ...
2026-01-14T10:50:34.8790174Z Unpacking libsndfile1:amd64 (1.2.2-1ubuntu5.24.04.1) ...
2026-01-14T10:50:34.9029339Z Selecting previously unselected package libpulse0:amd64.
2026-01-14T10:50:34.9162278Z Preparing to unpack .../075-libpulse0_1%3a16.1+dfsg1-2ubuntu10.1_amd64.deb ...
2026-01-14T10:50:34.9225042Z Unpacking libpulse0:amd64 (1:16.1+dfsg1-2ubuntu10.1) ...
2026-01-14T10:50:34.9473224Z Selecting previously unselected package libsphinxbase3t64:amd64.
2026-01-14T10:50:34.9604078Z Preparing to unpack .../076-libsphinxbase3t64_0.8+5prealpha+1-17build2_amd64.deb ...
2026-01-14T10:50:34.9611817Z Unpacking libsphinxbase3t64:amd64 (0.8+5prealpha+1-17build2) ...
2026-01-14T10:50:34.9837387Z Selecting previously unselected package libpocketsphinx3:amd64.
2026-01-14T10:50:34.9967227Z Preparing to unpack .../077-libpocketsphinx3_0.8.0+real5prealpha+1-15ubuntu5_amd64.deb ...
2026-01-14T10:50:34.9977817Z Unpacking libpocketsphinx3:amd64 (0.8.0+real5prealpha+1-15ubuntu5) ...
2026-01-14T10:50:35.0325122Z Selecting previously unselected package libpostproc57:amd64.
2026-01-14T10:50:35.0455602Z Preparing to unpack .../078-libpostproc57_7%3a6.1.1-3ubuntu5_amd64.deb ...
2026-01-14T10:50:35.0462647Z Unpacking libpostproc57:amd64 (7:6.1.1-3ubuntu5) ...
2026-01-14T10:50:35.0699279Z Selecting previously unselected package libsamplerate0:amd64.
2026-01-14T10:50:35.0827116Z Preparing to unpack .../079-libsamplerate0_0.2.2-4build1_amd64.deb ...
2026-01-14T10:50:35.0837842Z Unpacking libsamplerate0:amd64 (0.2.2-4build1) ...
2026-01-14T10:50:35.1105386Z Selecting previously unselected package librubberband2:amd64.
2026-01-14T10:50:35.1234307Z Preparing to unpack .../080-librubberband2_3.3.0+dfsg-2build1_amd64.deb ...
2026-01-14T10:50:35.1241871Z Unpacking librubberband2:amd64 (3.3.0+dfsg-2build1) ...
2026-01-14T10:50:35.1461695Z Selecting previously unselected package libswscale7:amd64.
2026-01-14T10:50:35.1589445Z Preparing to unpack .../081-libswscale7_7%3a6.1.1-3ubuntu5_amd64.deb ...
2026-01-14T10:50:35.1596736Z Unpacking libswscale7:amd64 (7:6.1.1-3ubuntu5) ...
2026-01-14T10:50:35.1821321Z Selecting previously unselected package libvidstab1.1:amd64.
2026-01-14T10:50:35.1949290Z Preparing to unpack .../082-libvidstab1.1_1.1.0-2build1_amd64.deb ...
2026-01-14T10:50:35.1956851Z Unpacking libvidstab1.1:amd64 (1.1.0-2build1) ...
2026-01-14T10:50:35.2164520Z Selecting previously unselected package libzimg2:amd64.
2026-01-14T10:50:35.2291283Z Preparing to unpack .../083-libzimg2_3.0.5+ds1-1build1_amd64.deb ...
2026-01-14T10:50:35.2299148Z Unpacking libzimg2:amd64 (3.0.5+ds1-1build1) ...
2026-01-14T10:50:35.2530146Z Selecting previously unselected package libavfilter9:amd64.
2026-01-14T10:50:35.2656578Z Preparing to unpack .../084-libavfilter9_7%3a6.1.1-3ubuntu5_amd64.deb ...
2026-01-14T10:50:35.2663891Z Unpacking libavfilter9:amd64 (7:6.1.1-3ubuntu5) ...
2026-01-14T10:50:35.3374332Z Selecting previously unselected package liborc-0.4-0t64:amd64.
2026-01-14T10:50:35.3507845Z Preparing to unpack .../085-liborc-0.4-0t64_1%3a0.4.38-1ubuntu0.1_amd64.deb ...
2026-01-14T10:50:35.3514960Z Unpacking liborc-0.4-0t64:amd64 (1:0.4.38-1ubuntu0.1) ...
2026-01-14T10:50:35.3757275Z Selecting previously unselected package libgstreamer-plugins-base1.0-0:amd64.
2026-01-14T10:50:35.3891971Z Preparing to unpack .../086-libgstreamer-plugins-base1.0-0_1.24.2-1ubuntu0.3_amd64.deb ...
2026-01-14T10:50:35.3899721Z Unpacking libgstreamer-plugins-base1.0-0:amd64 (1.24.2-1ubuntu0.3) ...
2026-01-14T10:50:35.4222094Z Selecting previously unselected package gstreamer1.0-libav:amd64.
2026-01-14T10:50:35.4353245Z Preparing to unpack .../087-gstreamer1.0-libav_1.24.1-1build1_amd64.deb ...
2026-01-14T10:50:35.4360670Z Unpacking gstreamer1.0-libav:amd64 (1.24.1-1build1) ...
2026-01-14T10:50:35.4578078Z Selecting previously unselected package libcdparanoia0:amd64.
2026-01-14T10:50:35.4710028Z Preparing to unpack .../088-libcdparanoia0_3.10.2+debian-14build3_amd64.deb ...
2026-01-14T10:50:35.4717846Z Unpacking libcdparanoia0:amd64 (3.10.2+debian-14build3) ...
2026-01-14T10:50:35.4928225Z Selecting previously unselected package libvisual-0.4-0:amd64.
2026-01-14T10:50:35.5064815Z Preparing to unpack .../089-libvisual-0.4-0_0.4.2-2build1_amd64.deb ...
2026-01-14T10:50:35.5085012Z Unpacking libvisual-0.4-0:amd64 (0.4.2-2build1) ...
2026-01-14T10:50:35.5371513Z Selecting previously unselected package gstreamer1.0-plugins-base:amd64.
2026-01-14T10:50:35.5507535Z Preparing to unpack .../090-gstreamer1.0-plugins-base_1.24.2-1ubuntu0.3_amd64.deb ...
2026-01-14T10:50:35.5520816Z Unpacking gstreamer1.0-plugins-base:amd64 (1.24.2-1ubuntu0.3) ...
2026-01-14T10:50:35.5953946Z Selecting previously unselected package libaa1:amd64.
2026-01-14T10:50:35.6132040Z Preparing to unpack .../091-libaa1_1.4p5-51.1_amd64.deb ...
2026-01-14T10:50:35.6144511Z Unpacking libaa1:amd64 (1.4p5-51.1) ...
2026-01-14T10:50:35.7223004Z Selecting previously unselected package libraw1394-11:amd64.
2026-01-14T10:50:35.7363565Z Preparing to unpack .../092-libraw1394-11_2.1.2-2build3_amd64.deb ...
2026-01-14T10:50:35.7675363Z Unpacking libraw1394-11:amd64 (2.1.2-2build3) ...
2026-01-14T10:50:35.9228054Z Selecting previously unselected package libavc1394-0:amd64.
2026-01-14T10:50:35.9363303Z Preparing to unpack .../093-libavc1394-0_0.5.4-5build3_amd64.deb ...
2026-01-14T10:50:35.9764404Z Unpacking libavc1394-0:amd64 (0.5.4-5build3) ...
2026-01-14T10:50:36.0727839Z Selecting previously unselected package libcaca0:amd64.
2026-01-14T10:50:36.0863353Z Preparing to unpack .../094-libcaca0_0.99.beta20-4ubuntu0.1_amd64.deb ...
2026-01-14T10:50:36.0872686Z Unpacking libcaca0:amd64 (0.99.beta20-4ubuntu0.1) ...
2026-01-14T10:50:36.1291456Z Selecting previously unselected package libdv4t64:amd64.
2026-01-14T10:50:36.1425209Z Preparing to unpack .../095-libdv4t64_1.0.0-17.1build1_amd64.deb ...
2026-01-14T10:50:36.1432967Z Unpacking libdv4t64:amd64 (1.0.0-17.1build1) ...
2026-01-14T10:50:36.1648182Z Selecting previously unselected package libgstreamer-plugins-good1.0-0:amd64.
2026-01-14T10:50:36.1777210Z Preparing to unpack .../096-libgstreamer-plugins-good1.0-0_1.24.2-1ubuntu1.2_amd64.deb ...
2026-01-14T10:50:36.1785241Z Unpacking libgstreamer-plugins-good1.0-0:amd64 (1.24.2-1ubuntu1.2) ...
2026-01-14T10:50:36.1991720Z Selecting previously unselected package libiec61883-0:amd64.
2026-01-14T10:50:36.2120032Z Preparing to unpack .../097-libiec61883-0_1.2.0-6build1_amd64.deb ...
2026-01-14T10:50:36.2128899Z Unpacking libiec61883-0:amd64 (1.2.0-6build1) ...
2026-01-14T10:50:36.2329478Z Selecting previously unselected package libshout3:amd64.
2026-01-14T10:50:36.2456730Z Preparing to unpack .../098-libshout3_2.4.6-1build2_amd64.deb ...
2026-01-14T10:50:36.2465549Z Unpacking libshout3:amd64 (2.4.6-1build2) ...
2026-01-14T10:50:36.2671312Z Selecting previously unselected package libtag1v5-vanilla:amd64.
2026-01-14T10:50:36.2798132Z Preparing to unpack .../099-libtag1v5-vanilla_1.13.1-1build1_amd64.deb ...
2026-01-14T10:50:36.2805351Z Unpacking libtag1v5-vanilla:amd64 (1.13.1-1build1) ...
2026-01-14T10:50:36.3037870Z Selecting previously unselected package libtag1v5:amd64.
2026-01-14T10:50:36.3166391Z Preparing to unpack .../100-libtag1v5_1.13.1-1build1_amd64.deb ...
2026-01-14T10:50:36.3174387Z Unpacking libtag1v5:amd64 (1.13.1-1build1) ...
2026-01-14T10:50:36.3372849Z Selecting previously unselected package libv4lconvert0t64:amd64.
2026-01-14T10:50:36.3499626Z Preparing to unpack .../101-libv4lconvert0t64_1.26.1-4build3_amd64.deb ...
2026-01-14T10:50:36.3507131Z Unpacking libv4lconvert0t64:amd64 (1.26.1-4build3) ...
2026-01-14T10:50:36.3722951Z Selecting previously unselected package libv4l-0t64:amd64.
2026-01-14T10:50:36.3849726Z Preparing to unpack .../102-libv4l-0t64_1.26.1-4build3_amd64.deb ...
2026-01-14T10:50:36.3856720Z Unpacking libv4l-0t64:amd64 (1.26.1-4build3) ...
2026-01-14T10:50:36.4081399Z Selecting previously unselected package libwavpack1:amd64.
2026-01-14T10:50:36.4208211Z Preparing to unpack .../103-libwavpack1_5.6.0-1build1_amd64.deb ...
2026-01-14T10:50:36.4215418Z Unpacking libwavpack1:amd64 (5.6.0-1build1) ...
2026-01-14T10:50:36.4417706Z Selecting previously unselected package libsoup-3.0-common.
2026-01-14T10:50:36.4543584Z Preparing to unpack .../104-libsoup-3.0-common_3.4.4-5ubuntu0.6_all.deb ...
2026-01-14T10:50:36.4552129Z Unpacking libsoup-3.0-common (3.4.4-5ubuntu0.6) ...
2026-01-14T10:50:36.4746636Z Selecting previously unselected package libsoup-3.0-0:amd64.
2026-01-14T10:50:36.4870671Z Preparing to unpack .../105-libsoup-3.0-0_3.4.4-5ubuntu0.6_amd64.deb ...
2026-01-14T10:50:36.4878175Z Unpacking libsoup-3.0-0:amd64 (3.4.4-5ubuntu0.6) ...
2026-01-14T10:50:36.5106370Z Selecting previously unselected package gstreamer1.0-plugins-good:amd64.
2026-01-14T10:50:36.5232090Z Preparing to unpack .../106-gstreamer1.0-plugins-good_1.24.2-1ubuntu1.2_amd64.deb ...
2026-01-14T10:50:36.5239901Z Unpacking gstreamer1.0-plugins-good:amd64 (1.24.2-1ubuntu1.2) ...
2026-01-14T10:50:36.5849810Z Selecting previously unselected package libabsl20220623t64:amd64.
2026-01-14T10:50:36.5983972Z Preparing to unpack .../107-libabsl20220623t64_20220623.1-3.1ubuntu3.2_amd64.deb ...
2026-01-14T10:50:36.5992213Z Unpacking libabsl20220623t64:amd64 (20220623.1-3.1ubuntu3.2) ...
2026-01-14T10:50:36.6426031Z Selecting previously unselected package libgav1-1:amd64.
2026-01-14T10:50:36.6559469Z Preparing to unpack .../108-libgav1-1_0.18.0-1build3_amd64.deb ...
2026-01-14T10:50:36.6567506Z Unpacking libgav1-1:amd64 (0.18.0-1build3) ...
2026-01-14T10:50:36.6806380Z Selecting previously unselected package libyuv0:amd64.
2026-01-14T10:50:36.6938119Z Preparing to unpack .../109-libyuv0_0.0~git202401110.af6ac82-1_amd64.deb ...
2026-01-14T10:50:36.6947286Z Unpacking libyuv0:amd64 (0.0~git202401110.af6ac82-1) ...
2026-01-14T10:50:36.7171454Z Selecting previously unselected package libavif16:amd64.
2026-01-14T10:50:36.7302101Z Preparing to unpack .../110-libavif16_1.0.4-1ubuntu3_amd64.deb ...
2026-01-14T10:50:36.7311030Z Unpacking libavif16:amd64 (1.0.4-1ubuntu3) ...
2026-01-14T10:50:36.7517561Z Selecting previously unselected package libavtp0:amd64.
2026-01-14T10:50:36.7647317Z Preparing to unpack .../111-libavtp0_0.2.0-1build1_amd64.deb ...
2026-01-14T10:50:36.7656449Z Unpacking libavtp0:amd64 (0.2.0-1build1) ...
2026-01-14T10:50:36.7856205Z Selecting previously unselected package libcairo-script-interpreter2:amd64.
2026-01-14T10:50:36.7984218Z Preparing to unpack .../112-libcairo-script-interpreter2_1.18.0-3build1_amd64.deb ...
2026-01-14T10:50:36.7992236Z Unpacking libcairo-script-interpreter2:amd64 (1.18.0-3build1) ...
2026-01-14T10:50:36.8195620Z Selecting previously unselected package libdc1394-25:amd64.
2026-01-14T10:50:36.8323131Z Preparing to unpack .../113-libdc1394-25_2.2.6-4build1_amd64.deb ...
2026-01-14T10:50:36.8330752Z Unpacking libdc1394-25:amd64 (2.2.6-4build1) ...
2026-01-14T10:50:36.8540961Z Selecting previously unselected package libdecor-0-0:amd64.
2026-01-14T10:50:36.8666387Z Preparing to unpack .../114-libdecor-0-0_0.2.2-1build2_amd64.deb ...
2026-01-14T10:50:36.8674519Z Unpacking libdecor-0-0:amd64 (0.2.2-1build2) ...
2026-01-14T10:50:36.8869882Z Selecting previously unselected package libgles2:amd64.
2026-01-14T10:50:36.8994315Z Preparing to unpack .../115-libgles2_1.7.0-1build1_amd64.deb ...
2026-01-14T10:50:36.9005881Z Unpacking libgles2:amd64 (1.7.0-1build1) ...
2026-01-14T10:50:36.9207090Z Selecting previously unselected package libdirectfb-1.7-7t64:amd64.
2026-01-14T10:50:36.9331546Z Preparing to unpack .../116-libdirectfb-1.7-7t64_1.7.7-11.1ubuntu2_amd64.deb ...
2026-01-14T10:50:36.9338936Z Unpacking libdirectfb-1.7-7t64:amd64 (1.7.7-11.1ubuntu2) ...
2026-01-14T10:50:36.9762898Z Selecting previously unselected package libdvdread8t64:amd64.
2026-01-14T10:50:36.9897819Z Preparing to unpack .../117-libdvdread8t64_6.1.3-1.1build1_amd64.deb ...
2026-01-14T10:50:36.9906287Z Unpacking libdvdread8t64:amd64 (6.1.3-1.1build1) ...
2026-01-14T10:50:37.0121789Z Selecting previously unselected package libdvdnav4:amd64.
2026-01-14T10:50:37.0254840Z Preparing to unpack .../118-libdvdnav4_6.1.1-3build1_amd64.deb ...
2026-01-14T10:50:37.0263115Z Unpacking libdvdnav4:amd64 (6.1.1-3build1) ...
2026-01-14T10:50:37.0472089Z Selecting previously unselected package libegl-mesa0:amd64.
2026-01-14T10:50:37.0604712Z Preparing to unpack .../119-libegl-mesa0_25.0.7-0ubuntu0.24.04.2_amd64.deb ...
2026-01-14T10:50:37.0616128Z Unpacking libegl-mesa0:amd64 (25.0.7-0ubuntu0.24.04.2) ...
2026-01-14T10:50:37.0844712Z Selecting previously unselected package libevent-2.1-7t64:amd64.
2026-01-14T10:50:37.0976425Z Preparing to unpack .../120-libevent-2.1-7t64_2.1.12-stable-9ubuntu2_amd64.deb ...
2026-01-14T10:50:37.0985916Z Unpacking libevent-2.1-7t64:amd64 (2.1.12-stable-9ubuntu2) ...
2026-01-14T10:50:37.1205682Z Selecting previously unselected package libfaad2:amd64.
2026-01-14T10:50:37.1336326Z Preparing to unpack .../121-libfaad2_2.11.1-1build1_amd64.deb ...
2026-01-14T10:50:37.1343936Z Unpacking libfaad2:amd64 (2.11.1-1build1) ...
2026-01-14T10:50:37.1576723Z Selecting previously unselected package libinstpatch-1.0-2:amd64.
2026-01-14T10:50:37.1707183Z Preparing to unpack .../122-libinstpatch-1.0-2_1.1.6-1build2_amd64.deb ...
2026-01-14T10:50:37.1714756Z Unpacking libinstpatch-1.0-2:amd64 (1.1.6-1build2) ...
2026-01-14T10:50:37.1943007Z Selecting previously unselected package libjack-jackd2-0:amd64.
2026-01-14T10:50:37.2073334Z Preparing to unpack .../123-libjack-jackd2-0_1.9.21~dfsg-3ubuntu3_amd64.deb ...
2026-01-14T10:50:37.2081575Z Unpacking libjack-jackd2-0:amd64 (1.9.21~dfsg-3ubuntu3) ...
2026-01-14T10:50:37.2324891Z Selecting previously unselected package libwebrtc-audio-processing1:amd64.
2026-01-14T10:50:37.2454236Z Preparing to unpack .../124-libwebrtc-audio-processing1_0.3.1-0ubuntu6_amd64.deb ...
2026-01-14T10:50:37.2462777Z Unpacking libwebrtc-audio-processing1:amd64 (0.3.1-0ubuntu6) ...
2026-01-14T10:50:37.2687439Z Selecting previously unselected package libspa-0.2-modules:amd64.
2026-01-14T10:50:37.2816473Z Preparing to unpack .../125-libspa-0.2-modules_1.0.5-1ubuntu3.2_amd64.deb ...
2026-01-14T10:50:37.2824369Z Unpacking libspa-0.2-modules:amd64 (1.0.5-1ubuntu3.2) ...
2026-01-14T10:50:37.3145708Z Selecting previously unselected package libpipewire-0.3-0t64:amd64.
2026-01-14T10:50:37.3274825Z Preparing to unpack .../126-libpipewire-0.3-0t64_1.0.5-1ubuntu3.2_amd64.deb ...
2026-01-14T10:50:37.3282681Z Unpacking libpipewire-0.3-0t64:amd64 (1.0.5-1ubuntu3.2) ...
2026-01-14T10:50:37.3521135Z Selecting previously unselected package libsdl2-2.0-0:amd64.
2026-01-14T10:50:37.3651409Z Preparing to unpack .../127-libsdl2-2.0-0_2.30.0+dfsg-1ubuntu3.1_amd64.deb ...
2026-01-14T10:50:37.3658903Z Unpacking libsdl2-2.0-0:amd64 (2.30.0+dfsg-1ubuntu3.1) ...
2026-01-14T10:50:37.3946086Z Selecting previously unselected package timgm6mb-soundfont.
2026-01-14T10:50:37.4076093Z Preparing to unpack .../128-timgm6mb-soundfont_1.3-5_all.deb ...
2026-01-14T10:50:37.4083244Z Unpacking timgm6mb-soundfont (1.3-5) ...
2026-01-14T10:50:37.7419007Z Selecting previously unselected package libfluidsynth3:amd64.
2026-01-14T10:50:37.7554605Z Preparing to unpack .../129-libfluidsynth3_2.3.4-1build3_amd64.deb ...
2026-01-14T10:50:37.7562475Z Unpacking libfluidsynth3:amd64 (2.3.4-1build3) ...
2026-01-14T10:50:37.7796201Z Selecting previously unselected package libfreeaptx0:amd64.
2026-01-14T10:50:37.7931211Z Preparing to unpack .../130-libfreeaptx0_0.1.1-2build1_amd64.deb ...
2026-01-14T10:50:37.7939282Z Unpacking libfreeaptx0:amd64 (0.1.1-2build1) ...
2026-01-14T10:50:37.8140744Z Selecting previously unselected package libgraphene-1.0-0:amd64.
2026-01-14T10:50:37.8273461Z Preparing to unpack .../131-libgraphene-1.0-0_1.10.8-3build2_amd64.deb ...
2026-01-14T10:50:37.8281565Z Unpacking libgraphene-1.0-0:amd64 (1.10.8-3build2) ...
2026-01-14T10:50:37.8490866Z Selecting previously unselected package libgssdp-1.6-0:amd64.
2026-01-14T10:50:37.8622062Z Preparing to unpack .../132-libgssdp-1.6-0_1.6.3-1build3_amd64.deb ...
2026-01-14T10:50:37.8629361Z Unpacking libgssdp-1.6-0:amd64 (1.6.3-1build3) ...
2026-01-14T10:50:37.8834833Z Selecting previously unselected package libegl1:amd64.
2026-01-14T10:50:37.8964298Z Preparing to unpack .../133-libegl1_1.7.0-1build1_amd64.deb ...
2026-01-14T10:50:37.8972523Z Unpacking libegl1:amd64 (1.7.0-1build1) ...
2026-01-14T10:50:37.9180924Z Selecting previously unselected package libgstreamer-gl1.0-0:amd64.
2026-01-14T10:50:37.9309241Z Preparing to unpack .../134-libgstreamer-gl1.0-0_1.24.2-1ubuntu0.3_amd64.deb ...
2026-01-14T10:50:37.9316941Z Unpacking libgstreamer-gl1.0-0:amd64 (1.24.2-1ubuntu0.3) ...
2026-01-14T10:50:37.9543455Z Selecting previously unselected package libgtk-4-common.
2026-01-14T10:50:37.9671484Z Preparing to unpack .../135-libgtk-4-common_4.14.5+ds-0ubuntu0.7_all.deb ...
2026-01-14T10:50:37.9679446Z Unpacking libgtk-4-common (4.14.5+ds-0ubuntu0.7) ...
2026-01-14T10:50:38.0183901Z Selecting previously unselected package libgtk-4-1:amd64.
2026-01-14T10:50:38.0316612Z Preparing to unpack .../136-libgtk-4-1_4.14.5+ds-0ubuntu0.7_amd64.deb ...
2026-01-14T10:50:38.0323983Z Unpacking libgtk-4-1:amd64 (4.14.5+ds-0ubuntu0.7) ...
2026-01-14T10:50:38.1031300Z Selecting previously unselected package libgupnp-1.6-0:amd64.
2026-01-14T10:50:38.1166714Z Preparing to unpack .../137-libgupnp-1.6-0_1.6.6-1build3_amd64.deb ...
2026-01-14T10:50:38.1176538Z Unpacking libgupnp-1.6-0:amd64 (1.6.6-1build3) ...
2026-01-14T10:50:38.1396374Z Selecting previously unselected package libgupnp-igd-1.6-0:amd64.
2026-01-14T10:50:38.1529672Z Preparing to unpack .../138-libgupnp-igd-1.6-0_1.6.0-3build3_amd64.deb ...
2026-01-14T10:50:38.1537130Z Unpacking libgupnp-igd-1.6-0:amd64 (1.6.0-3build3) ...
2026-01-14T10:50:38.1737165Z Selecting previously unselected package libharfbuzz-icu0:amd64.
2026-01-14T10:50:38.1868192Z Preparing to unpack .../139-libharfbuzz-icu0_8.3.0-2build2_amd64.deb ...
2026-01-14T10:50:38.1876432Z Unpacking libharfbuzz-icu0:amd64 (8.3.0-2build2) ...
2026-01-14T10:50:38.2079784Z Selecting previously unselected package libhyphen0:amd64.
2026-01-14T10:50:38.2209960Z Preparing to unpack .../140-libhyphen0_2.8.8-7build3_amd64.deb ...
2026-01-14T10:50:38.2218192Z Unpacking libhyphen0:amd64 (2.8.8-7build3) ...
2026-01-14T10:50:38.2424017Z Selecting previously unselected package libimath-3-1-29t64:amd64.
2026-01-14T10:50:38.2553107Z Preparing to unpack .../141-libimath-3-1-29t64_3.1.9-3.1ubuntu2_amd64.deb ...
2026-01-14T10:50:38.2561129Z Unpacking libimath-3-1-29t64:amd64 (3.1.9-3.1ubuntu2) ...
2026-01-14T10:50:38.2779767Z Selecting previously unselected package liblc3-1:amd64.
2026-01-14T10:50:38.2909096Z Preparing to unpack .../142-liblc3-1_1.0.4-3build1_amd64.deb ...
2026-01-14T10:50:38.2917150Z Unpacking liblc3-1:amd64 (1.0.4-3build1) ...
2026-01-14T10:50:38.3131297Z Selecting previously unselected package libldacbt-enc2:amd64.
2026-01-14T10:50:38.3261490Z Preparing to unpack .../143-libldacbt-enc2_2.0.2.3+git20200429+ed310a0-4ubuntu2_amd64.deb ...
2026-01-14T10:50:38.3269895Z Unpacking libldacbt-enc2:amd64 (2.0.2.3+git20200429+ed310a0-4ubuntu2) ...
2026-01-14T10:50:38.3593319Z Preparing to unpack .../144-libxslt1.1_1.1.39-0exp1ubuntu0.24.04.3_amd64.deb ...
2026-01-14T10:50:38.3617847Z Unpacking libxslt1.1:amd64 (1.1.39-0exp1ubuntu0.24.04.3) over (1.1.39-0exp1ubuntu0.24.04.2) ...
2026-01-14T10:50:38.3910721Z Selecting previously unselected package libraptor2-0:amd64.
2026-01-14T10:50:38.4039350Z Preparing to unpack .../145-libraptor2-0_2.0.16-3ubuntu0.1_amd64.deb ...
2026-01-14T10:50:38.4047148Z Unpacking libraptor2-0:amd64 (2.0.16-3ubuntu0.1) ...
2026-01-14T10:50:38.4270568Z Selecting previously unselected package liblrdf0:amd64.
2026-01-14T10:50:38.4396226Z Preparing to unpack .../146-liblrdf0_0.6.1-4build1_amd64.deb ...
2026-01-14T10:50:38.4404491Z Unpacking liblrdf0:amd64 (0.6.1-4build1) ...
2026-01-14T10:50:38.4612201Z Selecting previously unselected package libltc11:amd64.
2026-01-14T10:50:38.4737787Z Preparing to unpack .../147-libltc11_1.3.2-1build1_amd64.deb ...
2026-01-14T10:50:38.4745807Z Unpacking libltc11:amd64 (1.3.2-1build1) ...
2026-01-14T10:50:38.4947845Z Selecting previously unselected package libmanette-0.2-0:amd64.
2026-01-14T10:50:38.5073236Z Preparing to unpack .../148-libmanette-0.2-0_0.2.7-1build2_amd64.deb ...
2026-01-14T10:50:38.5080606Z Unpacking libmanette-0.2-0:amd64 (0.2.7-1build2) ...
2026-01-14T10:50:38.5294547Z Selecting previously unselected package libmfx1:amd64.
2026-01-14T10:50:38.5419325Z Preparing to unpack .../149-libmfx1_22.5.4-1_amd64.deb ...
2026-01-14T10:50:38.5427628Z Unpacking libmfx1:amd64 (22.5.4-1) ...
2026-01-14T10:50:38.6434556Z Selecting previously unselected package libmjpegutils-2.1-0t64:amd64.
2026-01-14T10:50:38.6569828Z Preparing to unpack .../150-libmjpegutils-2.1-0t64_1%3a2.1.0+debian-8.1build1_amd64.deb ...
2026-01-14T10:50:38.6577762Z Unpacking libmjpegutils-2.1-0t64:amd64 (1:2.1.0+debian-8.1build1) ...
2026-01-14T10:50:38.6783108Z Selecting previously unselected package libmodplug1:amd64.
2026-01-14T10:50:38.6916312Z Preparing to unpack .../151-libmodplug1_1%3a0.8.9.0-3build1_amd64.deb ...
2026-01-14T10:50:38.6926360Z Unpacking libmodplug1:amd64 (1:0.8.9.0-3build1) ...
2026-01-14T10:50:38.7146852Z Selecting previously unselected package libmpcdec6:amd64.
2026-01-14T10:50:38.7280846Z Preparing to unpack .../152-libmpcdec6_2%3a0.1~r495-2build1_amd64.deb ...
2026-01-14T10:50:38.7289345Z Unpacking libmpcdec6:amd64 (2:0.1~r495-2build1) ...
2026-01-14T10:50:38.7492280Z Selecting previously unselected package libmpeg2encpp-2.1-0t64:amd64.
2026-01-14T10:50:38.7625001Z Preparing to unpack .../153-libmpeg2encpp-2.1-0t64_1%3a2.1.0+debian-8.1build1_amd64.deb ...
2026-01-14T10:50:38.7633558Z Unpacking libmpeg2encpp-2.1-0t64:amd64 (1:2.1.0+debian-8.1build1) ...
2026-01-14T10:50:38.7839213Z Selecting previously unselected package libmplex2-2.1-0t64:amd64.
2026-01-14T10:50:38.7968772Z Preparing to unpack .../154-libmplex2-2.1-0t64_1%3a2.1.0+debian-8.1build1_amd64.deb ...
2026-01-14T10:50:38.7976250Z Unpacking libmplex2-2.1-0t64:amd64 (1:2.1.0+debian-8.1build1) ...
2026-01-14T10:50:38.8176362Z Selecting previously unselected package libneon27t64:amd64.
2026-01-14T10:50:38.8304482Z Preparing to unpack .../155-libneon27t64_0.33.0-1.1build3_amd64.deb ...
2026-01-14T10:50:38.8311992Z Unpacking libneon27t64:amd64 (0.33.0-1.1build3) ...
2026-01-14T10:50:38.8531152Z Selecting previously unselected package libnice10:amd64.
2026-01-14T10:50:38.8659749Z Preparing to unpack .../156-libnice10_0.1.21-2build3_amd64.deb ...
2026-01-14T10:50:38.8668152Z Unpacking libnice10:amd64 (0.1.21-2build3) ...
2026-01-14T10:50:38.8885918Z Selecting previously unselected package libopenal-data.
2026-01-14T10:50:38.9014711Z Preparing to unpack .../157-libopenal-data_1%3a1.23.1-4build1_all.deb ...
2026-01-14T10:50:38.9023041Z Unpacking libopenal-data (1:1.23.1-4build1) ...
2026-01-14T10:50:38.9247425Z Selecting previously unselected package libopenexr-3-1-30:amd64.
2026-01-14T10:50:38.9375474Z Preparing to unpack .../158-libopenexr-3-1-30_3.1.5-5.1build3_amd64.deb ...
2026-01-14T10:50:38.9382768Z Unpacking libopenexr-3-1-30:amd64 (3.1.5-5.1build3) ...
2026-01-14T10:50:38.9748688Z Selecting previously unselected package libopenh264-7:amd64.
2026-01-14T10:50:38.9881253Z Preparing to unpack .../159-libopenh264-7_2.4.1+dfsg-1_amd64.deb ...
2026-01-14T10:50:38.9889857Z Unpacking libopenh264-7:amd64 (2.4.1+dfsg-1) ...
2026-01-14T10:50:39.0152488Z Selecting previously unselected package libopenni2-0:amd64.
2026-01-14T10:50:39.0284361Z Preparing to unpack .../160-libopenni2-0_2.2.0.33+dfsg-18_amd64.deb ...
2026-01-14T10:50:39.0437530Z Unpacking libopenni2-0:amd64 (2.2.0.33+dfsg-18) ...
2026-01-14T10:50:39.0710997Z Selecting previously unselected package libqrencode4:amd64.
2026-01-14T10:50:39.0843829Z Preparing to unpack .../161-libqrencode4_4.1.1-1build2_amd64.deb ...
2026-01-14T10:50:39.0852582Z Unpacking libqrencode4:amd64 (4.1.1-1build2) ...
2026-01-14T10:50:39.1051742Z Selecting previously unselected package libsecret-common.
2026-01-14T10:50:39.1182790Z Preparing to unpack .../162-libsecret-common_0.21.4-1build3_all.deb ...
2026-01-14T10:50:39.1189839Z Unpacking libsecret-common (0.21.4-1build3) ...
2026-01-14T10:50:39.1393271Z Selecting previously unselected package libsecret-1-0:amd64.
2026-01-14T10:50:39.1522884Z Preparing to unpack .../163-libsecret-1-0_0.21.4-1build3_amd64.deb ...
2026-01-14T10:50:39.1530507Z Unpacking libsecret-1-0:amd64 (0.21.4-1build3) ...
2026-01-14T10:50:39.1761532Z Selecting previously unselected package libsndio7.0:amd64.
2026-01-14T10:50:39.1890760Z Preparing to unpack .../164-libsndio7.0_1.9.0-0.3build3_amd64.deb ...
2026-01-14T10:50:39.1900172Z Unpacking libsndio7.0:amd64 (1.9.0-0.3build3) ...
2026-01-14T10:50:39.2107368Z Selecting previously unselected package libsoundtouch1:amd64.
2026-01-14T10:50:39.2235337Z Preparing to unpack .../165-libsoundtouch1_2.3.2+ds1-1build1_amd64.deb ...
2026-01-14T10:50:39.2244159Z Unpacking libsoundtouch1:amd64 (2.3.2+ds1-1build1) ...
2026-01-14T10:50:39.2463913Z Selecting previously unselected package libspandsp2t64:amd64.
2026-01-14T10:50:39.2591173Z Preparing to unpack .../166-libspandsp2t64_0.0.6+dfsg-2.1build1_amd64.deb ...
2026-01-14T10:50:39.2601605Z Unpacking libspandsp2t64:amd64 (0.0.6+dfsg-2.1build1) ...
2026-01-14T10:50:39.2843117Z Selecting previously unselected package libsrtp2-1:amd64.
2026-01-14T10:50:39.2970552Z Preparing to unpack .../167-libsrtp2-1_2.5.0-3build1_amd64.deb ...
2026-01-14T10:50:39.2981618Z Unpacking libsrtp2-1:amd64 (2.5.0-3build1) ...
2026-01-14T10:50:39.3343594Z Preparing to unpack .../168-libssh-4_0.10.6-2ubuntu0.2_amd64.deb ...
2026-01-14T10:50:39.3422517Z Unpacking libssh-4:amd64 (0.10.6-2ubuntu0.2) over (0.10.6-2ubuntu0.1) ...
2026-01-14T10:50:39.3711191Z Selecting previously unselected package libwildmidi2:amd64.
2026-01-14T10:50:39.3840570Z Preparing to unpack .../169-libwildmidi2_0.4.3-1build3_amd64.deb ...
2026-01-14T10:50:39.3849648Z Unpacking libwildmidi2:amd64 (0.4.3-1build3) ...
2026-01-14T10:50:39.4055736Z Selecting previously unselected package libwoff1:amd64.
2026-01-14T10:50:39.4182217Z Preparing to unpack .../170-libwoff1_1.0.2-2build1_amd64.deb ...
2026-01-14T10:50:39.4191086Z Unpacking libwoff1:amd64 (1.0.2-2build1) ...
2026-01-14T10:50:39.4401994Z Selecting previously unselected package libxcb-xkb1:amd64.
2026-01-14T10:50:39.4527878Z Preparing to unpack .../171-libxcb-xkb1_1.15-1ubuntu2_amd64.deb ...
2026-01-14T10:50:39.4536039Z Unpacking libxcb-xkb1:amd64 (1.15-1ubuntu2) ...
2026-01-14T10:50:39.4744389Z Selecting previously unselected package libxkbcommon-x11-0:amd64.
2026-01-14T10:50:39.4870196Z Preparing to unpack .../172-libxkbcommon-x11-0_1.6.0-1build1_amd64.deb ...
2026-01-14T10:50:39.4877945Z Unpacking libxkbcommon-x11-0:amd64 (1.6.0-1build1) ...
2026-01-14T10:50:39.5081010Z Selecting previously unselected package libzbar0t64:amd64.
2026-01-14T10:50:39.5205509Z Preparing to unpack .../173-libzbar0t64_0.23.93-4build3_amd64.deb ...
2026-01-14T10:50:39.5216041Z Unpacking libzbar0t64:amd64 (0.23.93-4build3) ...
2026-01-14T10:50:39.5429613Z Selecting previously unselected package libzxing3:amd64.
2026-01-14T10:50:39.5555381Z Preparing to unpack .../174-libzxing3_2.2.1-3_amd64.deb ...
2026-01-14T10:50:39.5562683Z Unpacking libzxing3:amd64 (2.2.1-3) ...
2026-01-14T10:50:39.5804938Z Selecting previously unselected package xfonts-encodings.
2026-01-14T10:50:39.5933230Z Preparing to unpack .../175-xfonts-encodings_1%3a1.0.5-0ubuntu2_all.deb ...
2026-01-14T10:50:39.5940894Z Unpacking xfonts-encodings (1:1.0.5-0ubuntu2) ...
2026-01-14T10:50:39.6234301Z Selecting previously unselected package xfonts-utils.
2026-01-14T10:50:39.6363190Z Preparing to unpack .../176-xfonts-utils_1%3a7.7+6build3_amd64.deb ...
2026-01-14T10:50:39.6372036Z Unpacking xfonts-utils (1:7.7+6build3) ...
2026-01-14T10:50:39.6723104Z Selecting previously unselected package xfonts-cyrillic.
2026-01-14T10:50:39.6850833Z Preparing to unpack .../177-xfonts-cyrillic_1%3a1.0.5+nmu1_all.deb ...
2026-01-14T10:50:39.6858751Z Unpacking xfonts-cyrillic (1:1.0.5+nmu1) ...
2026-01-14T10:50:39.7199507Z Selecting previously unselected package xfonts-scalable.
2026-01-14T10:50:39.7328334Z Preparing to unpack .../178-xfonts-scalable_1%3a1.0.3-1.3_all.deb ...
2026-01-14T10:50:39.7335496Z Unpacking xfonts-scalable (1:1.0.3-1.3) ...
2026-01-14T10:50:39.7580228Z Selecting previously unselected package libgstreamer-plugins-bad1.0-0:amd64.
2026-01-14T10:50:39.7706682Z Preparing to unpack .../179-libgstreamer-plugins-bad1.0-0_1.24.2-1ubuntu4_amd64.deb ...
2026-01-14T10:50:39.7714647Z Unpacking libgstreamer-plugins-bad1.0-0:amd64 (1.24.2-1ubuntu4) ...
2026-01-14T10:50:39.8077619Z Selecting previously unselected package libdca0:amd64.
2026-01-14T10:50:39.8207289Z Preparing to unpack .../180-libdca0_0.0.7-2build1_amd64.deb ...
2026-01-14T10:50:39.8214900Z Unpacking libdca0:amd64 (0.0.7-2build1) ...
2026-01-14T10:50:39.8432718Z Selecting previously unselected package libopenal1:amd64.
2026-01-14T10:50:39.8562819Z Preparing to unpack .../181-libopenal1_1%3a1.23.1-4build1_amd64.deb ...
2026-01-14T10:50:39.8573977Z Unpacking libopenal1:amd64 (1:1.23.1-4build1) ...
2026-01-14T10:50:39.8826214Z Selecting previously unselected package libsbc1:amd64.
2026-01-14T10:50:39.8955694Z Preparing to unpack .../182-libsbc1_2.0-1build1_amd64.deb ...
2026-01-14T10:50:39.8962788Z Unpacking libsbc1:amd64 (2.0-1build1) ...
2026-01-14T10:50:39.9165179Z Selecting previously unselected package libvo-aacenc0:amd64.
2026-01-14T10:50:39.9293513Z Preparing to unpack .../183-libvo-aacenc0_0.1.3-2build1_amd64.deb ...
2026-01-14T10:50:39.9301033Z Unpacking libvo-aacenc0:amd64 (0.1.3-2build1) ...
2026-01-14T10:50:39.9509927Z Selecting previously unselected package libvo-amrwbenc0:amd64.
2026-01-14T10:50:39.9638242Z Preparing to unpack .../184-libvo-amrwbenc0_0.1.3-2build1_amd64.deb ...
2026-01-14T10:50:39.9647910Z Unpacking libvo-amrwbenc0:amd64 (0.1.3-2build1) ...
2026-01-14T10:50:39.9850484Z Selecting previously unselected package gstreamer1.0-plugins-bad:amd64.
2026-01-14T10:50:39.9976692Z Preparing to unpack .../185-gstreamer1.0-plugins-bad_1.24.2-1ubuntu4_amd64.deb ...
2026-01-14T10:50:39.9987012Z Unpacking gstreamer1.0-plugins-bad:amd64 (1.24.2-1ubuntu4) ...
2026-01-14T10:50:40.1621413Z Setting up libgme0:amd64 (0.6.3-7build1) ...
2026-01-14T10:50:40.1647137Z Setting up libchromaprint1:amd64 (1.5.1-5) ...
2026-01-14T10:50:40.1666307Z Setting up libssh-gcrypt-4:amd64 (0.10.6-2ubuntu0.2) ...
2026-01-14T10:50:40.1686260Z Setting up libhwy1t64:amd64 (1.0.7-8.1build1) ...
2026-01-14T10:50:40.1704134Z Setting up libcairo-script-interpreter2:amd64 (1.18.0-3build1) ...
2026-01-14T10:50:40.1721840Z Setting up libfreeaptx0:amd64 (0.1.1-2build1) ...
2026-01-14T10:50:40.1745310Z Setting up libdvdread8t64:amd64 (6.1.3-1.1build1) ...
2026-01-14T10:50:40.1765017Z Setting up libudfread0:amd64 (1.1.2-1build1) ...
2026-01-14T10:50:40.1784845Z Setting up libmodplug1:amd64 (1:0.8.9.0-3build1) ...
2026-01-14T10:50:40.1808364Z Setting up libcdparanoia0:amd64 (3.10.2+debian-14build3) ...
2026-01-14T10:50:40.1828934Z Setting up libvo-amrwbenc0:amd64 (0.1.3-2build1) ...
2026-01-14T10:50:40.1847849Z Setting up libraw1394-11:amd64 (2.1.2-2build3) ...
2026-01-14T10:50:40.1868779Z Setting up libsbc1:amd64 (2.0-1build1) ...
2026-01-14T10:50:40.1891008Z Setting up libneon27t64:amd64 (0.33.0-1.1build3) ...
2026-01-14T10:50:40.1909844Z Setting up libtag1v5-vanilla:amd64 (1.13.1-1build1) ...
2026-01-14T10:50:40.1928807Z Setting up libharfbuzz-icu0:amd64 (8.3.0-2build2) ...
2026-01-14T10:50:40.1948921Z Setting up libopenni2-0:amd64 (2.2.0.33+dfsg-18) ...
2026-01-14T10:50:40.2195058Z Setting up libspeex1:amd64 (1.2.1-2ubuntu2.24.04.1) ...
2026-01-14T10:50:40.2218752Z Setting up libshine3:amd64 (3.1.1-2build1) ...
2026-01-14T10:50:40.2236953Z Setting up libcaca0:amd64 (0.99.beta20-4ubuntu0.1) ...
2026-01-14T10:50:40.2256591Z Setting up libvpl2 (2023.3.0-1build1) ...
2026-01-14T10:50:40.2275607Z Setting up libv4lconvert0t64:amd64 (1.26.1-4build3) ...
2026-01-14T10:50:40.2293380Z Setting up libx264-164:amd64 (2:0.164.3108+git31e19f9-1) ...
2026-01-14T10:50:40.2313910Z Setting up libtwolame0:amd64 (0.4.0-2build3) ...
2026-01-14T10:50:40.2334755Z Setting up libmbedcrypto7t64:amd64 (2.28.8-1) ...
2026-01-14T10:50:40.2352530Z Setting up libwoff1:amd64 (1.0.2-2build1) ...
2026-01-14T10:50:40.2374801Z Setting up liblc3-1:amd64 (1.0.4-3build1) ...
2026-01-14T10:50:40.2393153Z Setting up libqrencode4:amd64 (4.1.1-1build2) ...
2026-01-14T10:50:40.2412801Z Setting up libhyphen0:amd64 (2.8.8-7build3) ...
2026-01-14T10:50:40.2435330Z Setting up libgsm1:amd64 (1.0.22-1build1) ...
2026-01-14T10:50:40.2454508Z Setting up libvisual-0.4-0:amd64 (0.4.2-2build1) ...
2026-01-14T10:50:40.2473308Z Setting up libsoxr0:amd64 (0.1.3-4build3) ...
2026-01-14T10:50:40.2494647Z Setting up libzix-0-0:amd64 (0.4.2-2build1) ...
2026-01-14T10:50:40.2515683Z Setting up libcodec2-1.2:amd64 (1.2.0-2build1) ...
2026-01-14T10:50:40.2538249Z Setting up libsrtp2-1:amd64 (2.5.0-3build1) ...
2026-01-14T10:50:40.2563673Z Setting up libmysofa1:amd64 (1.3.2+dfsg-2ubuntu2) ...
2026-01-14T10:50:40.2583926Z Setting up libldacbt-enc2:amd64 (2.0.2.3+git20200429+ed310a0-4ubuntu2) ...
2026-01-14T10:50:40.2603347Z Setting up fonts-wqy-zenhei (0.9.45-8) ...
2026-01-14T10:50:40.2720446Z Setting up libwebrtc-audio-processing1:amd64 (0.3.1-0ubuntu6) ...
2026-01-14T10:50:40.2740461Z Setting up fonts-freefont-ttf (20211204+svn4273-2) ...
2026-01-14T10:50:40.2760732Z Setting up libevent-2.1-7t64:amd64 (2.1.12-stable-9ubuntu2) ...
2026-01-14T10:50:40.2780420Z Setting up libsvtav1enc1d1:amd64 (1.7.0+dfsg-2build1) ...
2026-01-14T10:50:40.2808788Z Setting up libsoup-3.0-common (3.4.4-5ubuntu0.6) ...
2026-01-14T10:50:40.2830223Z Setting up libmpg123-0t64:amd64 (1.32.5-1ubuntu1.1) ...
2026-01-14T10:50:40.2849208Z Setting up libcjson1:amd64 (1.7.17-1) ...
2026-01-14T10:50:40.2870343Z Setting up libxvidcore4:amd64 (2:1.3.7-1build1) ...
2026-01-14T10:50:40.2889266Z Setting up libmpcdec6:amd64 (2:0.1~r495-2build1) ...
2026-01-14T10:50:40.2909703Z Setting up libmjpegutils-2.1-0t64:amd64 (1:2.1.0+debian-8.1build1) ...
2026-01-14T10:50:40.2934008Z Setting up librav1e0:amd64 (0.7.1-2) ...
2026-01-14T10:50:40.2953454Z Setting up liborc-0.4-0t64:amd64 (1:0.4.38-1ubuntu0.1) ...
2026-01-14T10:50:40.2972772Z Setting up libxcb-xkb1:amd64 (1.15-1ubuntu2) ...
2026-01-14T10:50:40.3002770Z Setting up libvo-aacenc0:amd64 (0.1.3-2build1) ...
2026-01-14T10:50:40.3022910Z Setting up librist4:amd64 (0.2.10+dfsg-2) ...
2026-01-14T10:50:40.3043454Z Setting up libglib2.0-0t64:amd64 (2.80.0-6ubuntu3.6) ...
2026-01-14T10:50:40.3527170Z Setting up libblas3:amd64 (3.12.0-3build1.1) ...
2026-01-14T10:50:40.3588911Z update-alternatives: using /usr/lib/x86_64-linux-gnu/blas/libblas.so.3 to provide /usr/lib/x86_64-linux-gnu/libblas.so.3 (libblas.so.3-x86_64-linux-gnu) in auto mode
2026-01-14T10:50:40.3606679Z Setting up libegl-mesa0:amd64 (25.0.7-0ubuntu0.24.04.2) ...
2026-01-14T10:50:40.3629882Z Setting up libsoundtouch1:amd64 (2.3.2+ds1-1build1) ...
2026-01-14T10:50:40.3650128Z Setting up libglib2.0-data (2.80.0-6ubuntu3.6) ...
2026-01-14T10:50:40.3670888Z Setting up libplacebo338:amd64 (6.338.2-2build1) ...
2026-01-14T10:50:40.3689781Z Setting up libgles2:amd64 (1.7.0-1build1) ...
2026-01-14T10:50:40.3712830Z Setting up fonts-tlwg-loma-otf (1:0.7.3-1) ...
2026-01-14T10:50:40.3732844Z Setting up libva2:amd64 (2.20.0-2build1) ...
2026-01-14T10:50:40.3752524Z Setting up libspa-0.2-modules:amd64 (1.0.5-1ubuntu3.2) ...
2026-01-14T10:50:40.3773764Z Setting up libzxing3:amd64 (2.2.1-3) ...
2026-01-14T10:50:40.3802934Z Setting up xfonts-encodings (1:1.0.5-0ubuntu2) ...
2026-01-14T10:50:40.3823150Z Setting up libopus0:amd64 (1.4-1build1) ...
2026-01-14T10:50:40.3844737Z Setting up libfaad2:amd64 (2.11.1-1build1) ...
2026-01-14T10:50:40.3868262Z Setting up libxkbcommon-x11-0:amd64 (1.6.0-1build1) ...
2026-01-14T10:50:40.3887328Z Setting up libdc1394-25:amd64 (2.2.6-4build1) ...
2026-01-14T10:50:40.3906974Z Setting up libpng16-16t64:amd64 (1.6.43-5ubuntu0.1) ...
2026-01-14T10:50:40.3927956Z Setting up libimath-3-1-29t64:amd64 (3.1.9-3.1ubuntu2) ...
2026-01-14T10:50:40.3950307Z Setting up libunibreak5:amd64 (5.1-2build1) ...
2026-01-14T10:50:40.3971303Z Setting up libdv4t64:amd64 (1.0.0-17.1build1) ...
2026-01-14T10:50:40.3991965Z Setting up gir1.2-glib-2.0:amd64 (2.80.0-6ubuntu3.6) ...
2026-01-14T10:50:40.4010567Z Setting up libjxl0.7:amd64 (0.7.0-10.2ubuntu6.1) ...
2026-01-14T10:50:40.4031512Z Setting up libssh-4:amd64 (0.10.6-2ubuntu0.2) ...
2026-01-14T10:50:40.4052463Z Setting up libopenh264-7:amd64 (2.4.1+dfsg-1) ...
2026-01-14T10:50:40.4072557Z Setting up libltc11:amd64 (1.3.2-1build1) ...
2026-01-14T10:50:40.4092175Z Setting up libx265-199:amd64 (3.5-2build1) ...
2026-01-14T10:50:40.4114576Z Setting up libv4l-0t64:amd64 (1.26.1-4build3) ...
2026-01-14T10:50:40.4132706Z Setting up libavtp0:amd64 (0.2.0-1build1) ...
2026-01-14T10:50:40.4153111Z Setting up libsndio7.0:amd64 (1.9.0-0.3build3) ...
2026-01-14T10:50:40.4173699Z Setting up libdirectfb-1.7-7t64:amd64 (1.7.7-11.1ubuntu2) ...
2026-01-14T10:50:40.4304774Z Setting up libspandsp2t64:amd64 (0.0.6+dfsg-2.1build1) ...
2026-01-14T10:50:40.4322779Z Setting up libvidstab1.1:amd64 (1.1.0-2build1) ...
2026-01-14T10:50:40.4341124Z Setting up libvpx9:amd64 (1.14.0-1ubuntu2.2) ...
2026-01-14T10:50:40.4359051Z Setting up libsrt1.5-gnutls:amd64 (1.5.3-1build2) ...
2026-01-14T10:50:40.4379981Z Setting up libtag1v5:amd64 (1.13.1-1build1) ...
2026-01-14T10:50:40.4401320Z Setting up libflite1:amd64 (2.2-6build3) ...
2026-01-14T10:50:40.4427581Z Setting up libdav1d7:amd64 (1.4.1-1build1) ...
2026-01-14T10:50:40.4447208Z Setting up libva-drm2:amd64 (2.20.0-2build1) ...
2026-01-14T10:50:40.4465809Z Setting up fonts-ipafont-gothic (00303-21ubuntu1) ...
2026-01-14T10:50:40.4532879Z update-alternatives: using /usr/share/fonts/opentype/ipafont-gothic/ipag.ttf to provide /usr/share/fonts/truetype/fonts-japanese-gothic.ttf (fonts-japanese-gothic.ttf) in auto mode
2026-01-14T10:50:40.4548718Z Setting up ocl-icd-libopencl1:amd64 (2.3.2-1build1) ...
2026-01-14T10:50:40.4565936Z Setting up libasyncns0:amd64 (0.8-6build4) ...
2026-01-14T10:50:40.4590109Z Setting up libwildmidi2:amd64 (0.4.3-1build3) ...
2026-01-14T10:50:40.4608704Z Setting up libvdpau1:amd64 (1.5-2build1) ...
2026-01-14T10:50:40.4634017Z Setting up libwavpack1:amd64 (5.6.0-1build1) ...
2026-01-14T10:50:40.4652887Z Setting up libbs2b0:amd64 (3.1.0+dfsg-7build1) ...
2026-01-14T10:50:40.4670740Z Setting up libtheora0:amd64 (1.1.1+dfsg.1-16.1build3) ...
2026-01-14T10:50:40.4692546Z Setting up libxslt1.1:amd64 (1.1.39-0exp1ubuntu0.24.04.3) ...
2026-01-14T10:50:40.4710223Z Setting up libegl1:amd64 (1.7.0-1build1) ...
2026-01-14T10:50:40.4730156Z Setting up libdecor-0-0:amd64 (0.2.2-1build2) ...
2026-01-14T10:50:40.4751836Z Setting up libdca0:amd64 (0.0.7-2build1) ...
2026-01-14T10:50:40.4772662Z Setting up libzimg2:amd64 (3.0.5+ds1-1build1) ...
2026-01-14T10:50:40.4790862Z Setting up libopenal-data (1:1.23.1-4build1) ...
2026-01-14T10:50:40.4816866Z Setting up libabsl20220623t64:amd64 (20220623.1-3.1ubuntu3.2) ...
2026-01-14T10:50:40.4835257Z Setting up libflac12t64:amd64 (1.4.3+ds-2.1ubuntu2) ...
2026-01-14T10:50:40.4854040Z Setting up libgtk-4-common (4.14.5+ds-0ubuntu0.7) ...
2026-01-14T10:50:40.4874215Z Setting up libmpeg2encpp-2.1-0t64:amd64 (1:2.1.0+debian-8.1build1) ...
2026-01-14T10:50:40.4893689Z Setting up glib-networking-common (2.80.0-1build1) ...
2026-01-14T10:50:40.4913866Z Setting up libmfx1:amd64 (22.5.4-1) ...
2026-01-14T10:50:40.4934534Z Setting up libbluray2:amd64 (1:1.3.4-1build1) ...
2026-01-14T10:50:40.4952138Z Setting up libsamplerate0:amd64 (0.2.2-4build1) ...
2026-01-14T10:50:40.4971377Z Setting up timgm6mb-soundfont (1.3-5) ...
2026-01-14T10:50:40.5047899Z update-alternatives: using /usr/share/sounds/sf2/TimGM6mb.sf2 to provide /usr/share/sounds/sf2/default-GM.sf2 (default-GM.sf2) in auto mode
2026-01-14T10:50:40.5088933Z update-alternatives: using /usr/share/sounds/sf2/TimGM6mb.sf2 to provide /usr/share/sounds/sf3/default-GM.sf3 (default-GM.sf3) in auto mode
2026-01-14T10:50:40.5105333Z Setting up libva-x11-2:amd64 (2.20.0-2build1) ...
2026-01-14T10:50:40.5123796Z Setting up libyuv0:amd64 (0.0~git202401110.af6ac82-1) ...
2026-01-14T10:50:40.5142259Z Setting up libmplex2-2.1-0t64:amd64 (1:2.1.0+debian-8.1build1) ...
2026-01-14T10:50:40.5161260Z Setting up libpipewire-0.3-0t64:amd64 (1.0.5-1ubuntu3.2) ...
2026-01-14T10:50:40.5180536Z Setting up libopenmpt0t64:amd64 (0.7.3-1.1build3) ...
2026-01-14T10:50:40.5212780Z Setting up libzvbi-common (0.2.42-2) ...
2026-01-14T10:50:40.5233234Z Setting up libsecret-common (0.21.4-1build3) ...
2026-01-14T10:50:40.5251287Z Setting up libmp3lame0:amd64 (3.100-6build1) ...
2026-01-14T10:50:40.5269769Z Setting up libgraphene-1.0-0:amd64 (1.10.8-3build2) ...
2026-01-14T10:50:40.5290377Z Setting up libvorbisenc2:amd64 (1.3.7-1build3) ...
2026-01-14T10:50:40.5308318Z Setting up libdvdnav4:amd64 (6.1.1-3build1) ...
2026-01-14T10:50:40.5326298Z Setting up fonts-unifont (1:15.1.01-1build1) ...
2026-01-14T10:50:40.5345082Z Setting up libaa1:amd64 (1.4p5-51.1) ...
2026-01-14T10:50:40.5364793Z Setting up libiec61883-0:amd64 (1.2.0-6build1) ...
2026-01-14T10:50:40.5384907Z Setting up libserd-0-0:amd64 (0.32.2-1) ...
2026-01-14T10:50:40.5407085Z Setting up libavc1394-0:amd64 (0.5.4-5build3) ...
2026-01-14T10:50:40.5426445Z Setting up session-migration (0.3.9build1) ...
2026-01-14T10:50:40.6506975Z Created symlink /etc/systemd/user/graphical-session-pre.target.wants/session-migration.service → /usr/lib/systemd/user/session-migration.service.
2026-01-14T10:50:40.6507591Z 
2026-01-14T10:50:40.6537585Z Setting up liblapack3:amd64 (3.12.0-3build1.1) ...
2026-01-14T10:50:40.6597618Z update-alternatives: using /usr/lib/x86_64-linux-gnu/lapack/liblapack.so.3 to provide /usr/lib/x86_64-linux-gnu/liblapack.so.3 (liblapack.so.3-x86_64-linux-gnu) in auto mode
2026-01-14T10:50:40.6612183Z Setting up libproxy1v5:amd64 (0.5.4-4build1) ...
2026-01-14T10:50:40.6636201Z Setting up libzvbi0t64:amd64 (0.2.42-2) ...
2026-01-14T10:50:40.6659053Z Setting up libmanette-0.2-0:amd64 (0.2.7-1build2) ...
2026-01-14T10:50:40.6680201Z Setting up libraptor2-0:amd64 (2.0.16-3ubuntu0.1) ...
2026-01-14T10:50:40.6701864Z Setting up libglib2.0-bin (2.80.0-6ubuntu3.6) ...
2026-01-14T10:50:40.6720815Z Setting up libzbar0t64:amd64 (0.23.93-4build3) ...
2026-01-14T10:50:40.6742440Z Setting up libgstreamer-plugins-base1.0-0:amd64 (1.24.2-1ubuntu0.3) ...
2026-01-14T10:50:40.6763813Z Setting up libavutil58:amd64 (7:6.1.1-3ubuntu5) ...
2026-01-14T10:50:40.6783995Z Setting up libopenal1:amd64 (1:1.23.1-4build1) ...
2026-01-14T10:50:40.6802081Z Setting up xfonts-utils (1:7.7+6build3) ...
2026-01-14T10:50:40.6844663Z Setting up librsvg2-2:amd64 (2.58.0+dfsg-1build1) ...
2026-01-14T10:50:40.6864276Z Setting up libsecret-1-0:amd64 (0.21.4-1build3) ...
2026-01-14T10:50:40.6885613Z Setting up libgstreamer-plugins-good1.0-0:amd64 (1.24.2-1ubuntu1.2) ...
2026-01-14T10:50:40.6905987Z Setting up libgstreamer-gl1.0-0:amd64 (1.24.2-1ubuntu0.3) ...
2026-01-14T10:50:40.6925201Z Setting up gstreamer1.0-plugins-base:amd64 (1.24.2-1ubuntu0.3) ...
2026-01-14T10:50:40.6947441Z Setting up libass9:amd64 (1:0.17.1-2build1) ...
2026-01-14T10:50:40.6966005Z Setting up libswresample4:amd64 (7:6.1.1-3ubuntu5) ...
2026-01-14T10:50:40.6987377Z Setting up libopenexr-3-1-30:amd64 (3.1.5-5.1build3) ...
2026-01-14T10:50:40.7007580Z Setting up libshout3:amd64 (2.4.6-1build2) ...
2026-01-14T10:50:40.7028157Z Setting up libgav1-1:amd64 (0.18.0-1build3) ...
2026-01-14T10:50:40.7049584Z Setting up libavcodec60:amd64 (7:6.1.1-3ubuntu5) ...
2026-01-14T10:50:40.7068570Z Setting up librubberband2:amd64 (3.3.0+dfsg-2build1) ...
2026-01-14T10:50:40.7092369Z Setting up libjack-jackd2-0:amd64 (1.9.21~dfsg-3ubuntu3) ...
2026-01-14T10:50:40.7117415Z Setting up libsord-0-0:amd64 (0.16.16-2build1) ...
2026-01-14T10:50:40.7136448Z Setting up xfonts-cyrillic (1:1.0.5+nmu1) ...
2026-01-14T10:50:40.7424942Z Setting up libpostproc57:amd64 (7:6.1.1-3ubuntu5) ...
2026-01-14T10:50:40.7444566Z Setting up libsratom-0-0:amd64 (0.6.16-1build1) ...
2026-01-14T10:50:40.7467485Z Setting up libgtk-4-1:amd64 (4.14.5+ds-0ubuntu0.7) ...
2026-01-14T10:50:40.8576607Z Setting up libsndfile1:amd64 (1.2.2-1ubuntu5.24.04.1) ...
2026-01-14T10:50:40.8598059Z Setting up liblilv-0-0:amd64 (0.24.22-1build1) ...
2026-01-14T10:50:40.8623791Z Setting up libinstpatch-1.0-2:amd64 (1.1.6-1build2) ...
2026-01-14T10:50:40.8642136Z Setting up xfonts-scalable (1:1.0.3-1.3) ...
2026-01-14T10:50:40.9019571Z Setting up libswscale7:amd64 (7:6.1.1-3ubuntu5) ...
2026-01-14T10:50:40.9044493Z Setting up gsettings-desktop-schemas (46.1-0ubuntu1) ...
2026-01-14T10:50:40.9062835Z Setting up glib-networking-services (2.80.0-1build1) ...
2026-01-14T10:50:40.9082914Z Setting up libavif16:amd64 (1.0.4-1ubuntu3) ...
2026-01-14T10:50:40.9105975Z Setting up libpulse0:amd64 (1:16.1+dfsg1-2ubuntu10.1) ...
2026-01-14T10:50:40.9175374Z Setting up liblrdf0:amd64 (0.6.1-4build1) ...
2026-01-14T10:50:40.9198921Z Setting up libavformat60:amd64 (7:6.1.1-3ubuntu5) ...
2026-01-14T10:50:40.9217277Z Setting up libsphinxbase3t64:amd64 (0.8+5prealpha+1-17build2) ...
2026-01-14T10:50:40.9235162Z Setting up glib-networking:amd64 (2.80.0-1build1) ...
2026-01-14T10:50:40.9262887Z Setting up libsdl2-2.0-0:amd64 (2.30.0+dfsg-1ubuntu3.1) ...
2026-01-14T10:50:40.9280849Z Setting up libfluidsynth3:amd64 (2.3.4-1build3) ...
2026-01-14T10:50:40.9304148Z Setting up libsoup-3.0-0:amd64 (3.4.4-5ubuntu0.6) ...
2026-01-14T10:50:40.9324145Z Setting up libpocketsphinx3:amd64 (0.8.0+real5prealpha+1-15ubuntu5) ...
2026-01-14T10:50:40.9347982Z Setting up libgssdp-1.6-0:amd64 (1.6.3-1build3) ...
2026-01-14T10:50:40.9368125Z Setting up gstreamer1.0-plugins-good:amd64 (1.24.2-1ubuntu1.2) ...
2026-01-14T10:50:40.9388012Z Setting up libgupnp-1.6-0:amd64 (1.6.6-1build3) ...
2026-01-14T10:50:40.9413553Z Setting up libavfilter9:amd64 (7:6.1.1-3ubuntu5) ...
2026-01-14T10:50:40.9432276Z Setting up libgupnp-igd-1.6-0:amd64 (1.6.0-3build3) ...
2026-01-14T10:50:40.9453426Z Setting up gstreamer1.0-libav:amd64 (1.24.1-1build1) ...
2026-01-14T10:50:40.9477496Z Setting up libnice10:amd64 (0.1.21-2build3) ...
2026-01-14T10:50:40.9500052Z Setting up libgstreamer-plugins-bad1.0-0:amd64 (1.24.2-1ubuntu4) ...
2026-01-14T10:50:40.9519185Z Setting up gstreamer1.0-plugins-bad:amd64 (1.24.2-1ubuntu4) ...
2026-01-14T10:50:40.9543249Z Processing triggers for libc-bin (2.39-0ubuntu8.6) ...
2026-01-14T10:50:40.9974060Z Processing triggers for man-db (2.12.0-4build2) ...
2026-01-14T10:50:40.9995206Z Not building database; man-db/auto-update is not 'true'.
2026-01-14T10:50:41.0008291Z Processing triggers for fontconfig (2.15.0-1.1ubuntu2) ...
2026-01-14T10:50:41.7129164Z 
2026-01-14T10:50:41.7129683Z Running kernel seems to be up-to-date.
2026-01-14T10:50:41.7129936Z 
2026-01-14T10:50:41.7130080Z Restarting services...
2026-01-14T10:50:41.7561317Z  systemctl restart packagekit.service php8.3-fpm.service polkit.service udisks2.service
2026-01-14T10:50:41.8839694Z 
2026-01-14T10:50:41.8840559Z Service restarts being deferred:
2026-01-14T10:50:41.8841343Z  systemctl restart ModemManager.service
2026-01-14T10:50:41.8843167Z  systemctl restart networkd-dispatcher.service
2026-01-14T10:50:41.8843504Z 
2026-01-14T10:50:41.8843735Z No containers need to be restarted.
2026-01-14T10:50:41.8844006Z 
2026-01-14T10:50:41.8844273Z No user sessions are running outdated binaries.
2026-01-14T10:50:41.8844588Z 
2026-01-14T10:50:41.8845035Z No VM guests are running outdated hypervisor (qemu) binaries on this host.
2026-01-14T10:50:42.7139018Z Downloading Chromium 143.0.7499.4 (playwright build v1200) from https://cdn.playwright.dev/dbazure/download/playwright/builds/chromium/1200/chromium-linux.zip
2026-01-14T10:50:42.9375806Z |                                                                                |   0% of 164.7 MiB
2026-01-14T10:50:43.1168631Z |■■■■■■■■                                                                        |  10% of 164.7 MiB
2026-01-14T10:50:43.2386343Z |■■■■■■■■■■■■■■■■                                                                |  20% of 164.7 MiB
2026-01-14T10:50:43.3286738Z |■■■■■■■■■■■■■■■■■■■■■■■■                                                        |  30% of 164.7 MiB
2026-01-14T10:50:43.4217413Z |■■■■■■■■■■■■■■■■■■■■■■■■■■■■■■■■                                                |  40% of 164.7 MiB
2026-01-14T10:50:43.5130240Z |■■■■■■■■■■■■■■■■■■■■■■■■■■■■■■■■■■■■■■■■                                        |  50% of 164.7 MiB
2026-01-14T10:50:43.6051928Z |■■■■■■■■■■■■■■■■■■■■■■■■■■■■■■■■■■■■■■■■■■■■■■■■                                |  60% of 164.7 MiB
2026-01-14T10:50:43.7005360Z |■■■■■■■■■■■■■■■■■■■■■■■■■■■■■■■■■■■■■■■■■■■■■■■■■■■■■■■■                        |  70% of 164.7 MiB
2026-01-14T10:50:43.7932062Z |■■■■■■■■■■■■■■■■■■■■■■■■■■■■■■■■■■■■■■■■■■■■■■■■■■■■■■■■■■■■■■■■                |  80% of 164.7 MiB
2026-01-14T10:50:43.8914922Z |■■■■■■■■■■■■■■■■■■■■■■■■■■■■■■■■■■■■■■■■■■■■■■■■■■■■■■■■■■■■■■■■■■■■■■■■        |  90% of 164.7 MiB
2026-01-14T10:50:43.9836183Z |■■■■■■■■■■■■■■■■■■■■■■■■■■■■■■■■■■■■■■■■■■■■■■■■■■■■■■■■■■■■■■■■■■■■■■■■■■■■■■■■| 100% of 164.7 MiB
2026-01-14T10:50:47.1266182Z Chromium 143.0.7499.4 (playwright build v1200) downloaded to /home/runner/.cache/ms-playwright/chromium-1200
2026-01-14T10:50:47.1270309Z Downloading Chromium Headless Shell 143.0.7499.4 (playwright build v1200) from https://cdn.playwright.dev/dbazure/download/playwright/builds/chromium/1200/chromium-headless-shell-linux.zip
2026-01-14T10:50:47.3388733Z |                                                                                |   0% of 109.7 MiB
2026-01-14T10:50:47.4907769Z |■■■■■■■■                                                                        |  10% of 109.7 MiB
2026-01-14T10:50:47.5675322Z |■■■■■■■■■■■■■■■■                                                                |  20% of 109.7 MiB
2026-01-14T10:50:47.6445116Z |■■■■■■■■■■■■■■■■■■■■■■■■                                                        |  30% of 109.7 MiB
2026-01-14T10:50:47.7101037Z |■■■■■■■■■■■■■■■■■■■■■■■■■■■■■■■■                                                |  40% of 109.7 MiB
2026-01-14T10:50:47.7695268Z |■■■■■■■■■■■■■■■■■■■■■■■■■■■■■■■■■■■■■■■■                                        |  50% of 109.7 MiB
2026-01-14T10:50:47.8328071Z |■■■■■■■■■■■■■■■■■■■■■■■■■■■■■■■■■■■■■■■■■■■■■■■■                                |  60% of 109.7 MiB
2026-01-14T10:50:47.9046921Z |■■■■■■■■■■■■■■■■■■■■■■■■■■■■■■■■■■■■■■■■■■■■■■■■■■■■■■■■                        |  70% of 109.7 MiB
2026-01-14T10:50:47.9683612Z |■■■■■■■■■■■■■■■■■■■■■■■■■■■■■■■■■■■■■■■■■■■■■■■■■■■■■■■■■■■■■■■■                |  80% of 109.7 MiB
2026-01-14T10:50:48.0290639Z |■■■■■■■■■■■■■■■■■■■■■■■■■■■■■■■■■■■■■■■■■■■■■■■■■■■■■■■■■■■■■■■■■■■■■■■■        |  90% of 109.7 MiB
2026-01-14T10:50:48.0925672Z |■■■■■■■■■■■■■■■■■■■■■■■■■■■■■■■■■■■■■■■■■■■■■■■■■■■■■■■■■■■■■■■■■■■■■■■■■■■■■■■■| 100% of 109.7 MiB
2026-01-14T10:50:50.4337566Z Chromium Headless Shell 143.0.7499.4 (playwright build v1200) downloaded to /home/runner/.cache/ms-playwright/chromium_headless_shell-1200
2026-01-14T10:50:50.4341023Z Downloading Firefox 144.0.2 (playwright build v1497) from https://cdn.playwright.dev/dbazure/download/playwright/builds/firefox/1497/firefox-ubuntu-24.04.zip
2026-01-14T10:50:50.7279413Z |                                                                                |   0% of 98.4 MiB
2026-01-14T10:50:50.8334794Z |■■■■■■■■                                                                        |  10% of 98.4 MiB
2026-01-14T10:50:50.9074361Z |■■■■■■■■■■■■■■■■                                                                |  20% of 98.4 MiB
2026-01-14T10:50:50.9770310Z |■■■■■■■■■■■■■■■■■■■■■■■■                                                        |  30% of 98.4 MiB
2026-01-14T10:50:51.0512820Z |■■■■■■■■■■■■■■■■■■■■■■■■■■■■■■■■                                                |  40% of 98.4 MiB
2026-01-14T10:50:51.1143857Z |■■■■■■■■■■■■■■■■■■■■■■■■■■■■■■■■■■■■■■■■                                        |  50% of 98.4 MiB
2026-01-14T10:50:51.1721939Z |■■■■■■■■■■■■■■■■■■■■■■■■■■■■■■■■■■■■■■■■■■■■■■■■                                |  60% of 98.4 MiB
2026-01-14T10:50:51.2257024Z |■■■■■■■■■■■■■■■■■■■■■■■■■■■■■■■■■■■■■■■■■■■■■■■■■■■■■■■■                        |  70% of 98.4 MiB
2026-01-14T10:50:51.2836836Z |■■■■■■■■■■■■■■■■■■■■■■■■■■■■■■■■■■■■■■■■■■■■■■■■■■■■■■■■■■■■■■■■                |  80% of 98.4 MiB
2026-01-14T10:50:51.3418298Z |■■■■■■■■■■■■■■■■■■■■■■■■■■■■■■■■■■■■■■■■■■■■■■■■■■■■■■■■■■■■■■■■■■■■■■■■        |  90% of 98.4 MiB
2026-01-14T10:50:51.3896356Z |■■■■■■■■■■■■■■■■■■■■■■■■■■■■■■■■■■■■■■■■■■■■■■■■■■■■■■■■■■■■■■■■■■■■■■■■■■■■■■■■| 100% of 98.4 MiB
2026-01-14T10:50:53.4997455Z Firefox 144.0.2 (playwright build v1497) downloaded to /home/runner/.cache/ms-playwright/firefox-1497
2026-01-14T10:50:53.5001076Z Downloading Webkit 26.0 (playwright build v2227) from https://cdn.playwright.dev/dbazure/download/playwright/builds/webkit/2227/webkit-ubuntu-24.04.zip
2026-01-14T10:50:53.7768372Z |                                                                                |   0% of 95.9 MiB
2026-01-14T10:50:53.9115639Z |■■■■■■■■                                                                        |  10% of 95.9 MiB
2026-01-14T10:50:54.0206112Z |■■■■■■■■■■■■■■■■                                                                |  20% of 95.9 MiB
2026-01-14T10:50:54.1128361Z |■■■■■■■■■■■■■■■■■■■■■■■■                                                        |  30% of 95.9 MiB
2026-01-14T10:50:54.2778251Z |■■■■■■■■■■■■■■■■■■■■■■■■■■■■■■■■                                                |  40% of 95.9 MiB
2026-01-14T10:50:54.3959530Z |■■■■■■■■■■■■■■■■■■■■■■■■■■■■■■■■■■■■■■■■                                        |  50% of 95.9 MiB
2026-01-14T10:50:54.5168926Z |■■■■■■■■■■■■■■■■■■■■■■■■■■■■■■■■■■■■■■■■■■■■■■■■                                |  60% of 95.9 MiB
2026-01-14T10:50:54.5786880Z |■■■■■■■■■■■■■■■■■■■■■■■■■■■■■■■■■■■■■■■■■■■■■■■■■■■■■■■■                        |  70% of 95.9 MiB
2026-01-14T10:50:54.6975777Z |■■■■■■■■■■■■■■■■■■■■■■■■■■■■■■■■■■■■■■■■■■■■■■■■■■■■■■■■■■■■■■■■                |  80% of 95.9 MiB
2026-01-14T10:50:55.0096612Z |■■■■■■■■■■■■■■■■■■■■■■■■■■■■■■■■■■■■■■■■■■■■■■■■■■■■■■■■■■■■■■■■■■■■■■■■        |  90% of 95.9 MiB
2026-01-14T10:50:55.1499753Z |■■■■■■■■■■■■■■■■■■■■■■■■■■■■■■■■■■■■■■■■■■■■■■■■■■■■■■■■■■■■■■■■■■■■■■■■■■■■■■■■| 100% of 95.9 MiB
2026-01-14T10:50:57.2406665Z Webkit 26.0 (playwright build v2227) downloaded to /home/runner/.cache/ms-playwright/webkit-2227
2026-01-14T10:50:57.2409920Z Downloading FFMPEG playwright build v1011 from https://cdn.playwright.dev/dbazure/download/playwright/builds/ffmpeg/1011/ffmpeg-linux.zip
2026-01-14T10:50:57.4050850Z |                                                                                |   0% of 2.3 MiB
2026-01-14T10:50:57.4109239Z |■■■■■■■■                                                                        |  10% of 2.3 MiB
2026-01-14T10:50:57.4144667Z |■■■■■■■■■■■■■■■■                                                                |  20% of 2.3 MiB
2026-01-14T10:50:57.4178213Z |■■■■■■■■■■■■■■■■■■■■■■■■                                                        |  30% of 2.3 MiB
2026-01-14T10:50:57.4203501Z |■■■■■■■■■■■■■■■■■■■■■■■■■■■■■■■■                                                |  40% of 2.3 MiB
2026-01-14T10:50:57.4232008Z |■■■■■■■■■■■■■■■■■■■■■■■■■■■■■■■■■■■■■■■■                                        |  50% of 2.3 MiB
2026-01-14T10:50:57.4255712Z |■■■■■■■■■■■■■■■■■■■■■■■■■■■■■■■■■■■■■■■■■■■■■■■■                                |  60% of 2.3 MiB
2026-01-14T10:50:57.4280472Z |■■■■■■■■■■■■■■■■■■■■■■■■■■■■■■■■■■■■■■■■■■■■■■■■■■■■■■■■                        |  70% of 2.3 MiB
2026-01-14T10:50:57.4302949Z |■■■■■■■■■■■■■■■■■■■■■■■■■■■■■■■■■■■■■■■■■■■■■■■■■■■■■■■■■■■■■■■■                |  80% of 2.3 MiB
2026-01-14T10:50:57.4324204Z |■■■■■■■■■■■■■■■■■■■■■■■■■■■■■■■■■■■■■■■■■■■■■■■■■■■■■■■■■■■■■■■■■■■■■■■■        |  90% of 2.3 MiB
2026-01-14T10:50:57.4349107Z |■■■■■■■■■■■■■■■■■■■■■■■■■■■■■■■■■■■■■■■■■■■■■■■■■■■■■■■■■■■■■■■■■■■■■■■■■■■■■■■■| 100% of 2.3 MiB
2026-01-14T10:50:57.5062209Z FFMPEG playwright build v1011 downloaded to /home/runner/.cache/ms-playwright/ffmpeg-1011
2026-01-14T10:50:57.8720870Z ##[group]Run npm run build --if-present
2026-01-14T10:50:57.8721404Z [36;1mnpm run build --if-present[0m
2026-01-14T10:50:57.8754293Z shell: /usr/bin/bash -e {0}
2026-01-14T10:50:57.8754532Z ##[endgroup]
2026-01-14T10:50:58.0015682Z 
2026-01-14T10:50:58.0016117Z > fleet-frontend@0.1.0 build
2026-01-14T10:50:58.0016506Z > ng build --configuration production
2026-01-14T10:50:58.0016709Z 
2026-01-14T10:50:58.0310973Z Node.js version v18.20.8 detected.
2026-01-14T10:50:58.0311838Z The Angular CLI requires a minimum Node.js version of v20.19 or v22.12.
2026-01-14T10:50:58.0312366Z 
2026-01-14T10:50:58.0313067Z Please update your Node.js version or visit https://nodejs.org/ for additional instructions.
2026-01-14T10:50:58.0313736Z 
2026-01-14T10:50:58.0436883Z ##[error]Process completed with exit code 3.
2026-01-14T10:50:58.0550671Z Post job cleanup.
2026-01-14T10:50:58.1493700Z [command]/usr/bin/git version
2026-01-14T10:50:58.1536744Z git version 2.52.0
2026-01-14T10:50:58.1579695Z Temporarily overriding HOME='/home/runner/work/_temp/b75efa16-f6c4-434c-a82f-64ea0cf27ff4' before making global git config changes
2026-01-14T10:50:58.1581242Z Adding repository directory to the temporary git global config as a safe directory
2026-01-14T10:50:58.1586206Z [command]/usr/bin/git config --global --add safe.directory /home/runner/work/ai-poc-tranzaura/ai-poc-tranzaura
2026-01-14T10:50:58.1622210Z [command]/usr/bin/git config --local --name-only --get-regexp core\.sshCommand
2026-01-14T10:50:58.1654433Z [command]/usr/bin/git submodule foreach --recursive sh -c "git config --local --name-only --get-regexp 'core\.sshCommand' && git config --local --unset-all 'core.sshCommand' || :"
2026-01-14T10:50:58.1876871Z [command]/usr/bin/git config --local --name-only --get-regexp http\.https\:\/\/github\.com\/\.extraheader
2026-01-14T10:50:58.1896573Z http.https://github.com/.extraheader
2026-01-14T10:50:58.1908771Z [command]/usr/bin/git config --local --unset-all http.https://github.com/.extraheader
2026-01-14T10:50:58.1939699Z [command]/usr/bin/git submodule foreach --recursive sh -c "git config --local --name-only --get-regexp 'http\.https\:\/\/github\.com\/\.extraheader' && git config --local --unset-all 'http.https://github.com/.extraheader' || :"
2026-01-14T10:50:58.2153692Z [command]/usr/bin/git config --local --name-only --get-regexp ^includeIf\.gitdir:
2026-01-14T10:50:58.2182601Z [command]/usr/bin/git submodule foreach --recursive git config --local --show-origin --name-only --get-regexp remote.origin.url
2026-01-14T10:50:58.2501244Z Cleaning up orphan processes
